******************************************************************************
                  TI ARM Linker Unix v18.1.4                   
******************************************************************************
>> Linked Sun Feb 17 18:29:49 2019

OUTPUT FILE NAME:   <shade_CC1352R1_LAUNCHXL_tirtos_ccs.out>
ENTRY POINT SYMBOL: "ResetISR"  address: 0001f3d1


MEMORY CONFIGURATION

         name            origin    length      used     unused   attr    fill
----------------------  --------  ---------  --------  --------  ----  --------
  FLASH                 00000000   00058000  0002dbd8  0002a428  R  X
  GPRAM                 11000000   00002000  00000000  00002000  RW X
  SRAM                  20000000   00014000  00009435  0000abcb  RW X


SEGMENT ALLOCATION MAP

run origin  load origin   length   init length attrs members
----------  ----------- ---------- ----------- ----- -------
00000000    00000000    00029b80   00029b80    r-x
  00000000    00000000    0000003c   0000003c    r-- .resetVecs
  0000003c    0000003c    00000004   00000004    r-- .const.1
  00000040    00000040    000269e4   000269e4    r-x .text
  00026a24    00026a24    00002de4   00002de4    r-- .const.2
  00029808    00029808    00000378   00000378    r-- .cinit
00052000    00052000    00004000   00000000    rw-
  00052000    00052000    00004000   00000000    rw- .TI.bound:flashBuf$0
00057fa8    00057fa8    00000058   00000058    r--
  00057fa8    00057fa8    00000058   00000058    r-- .ccfg
20000100    20000100    0000000c   00000000    rw-
  20000100    20000100    00000004   00000000    rw- .data:xdcRomConstPtr
  20000104    20000104    00000004   00000000    rw- .data:xdcRomExternFuncPtr
  20000108    20000108    00000004   00000000    rw- .data:xdcRomStatePtr
20000110    20000110    00001000   00000000    r--
  20000110    20000110    00001000   00000000    r-- .priheap
20001830    20001830    00000010   00000000    rw-
  20001830    20001830    00000010   00000000    rw- .TI.bound:dmaSpi0RxControlTableEntry
20001840    20001840    00000010   00000000    rw-
  20001840    20001840    00000010   00000000    rw- .TI.bound:dmaSpi0TxControlTableEntry
20001900    20001900    00000010   00000000    rw-
  20001900    20001900    00000010   00000000    rw- .TI.bound:dmaSpi1RxControlTableEntry
20001910    20001910    00000010   00000000    rw-
  20001910    20001910    00000010   00000000    rw- .TI.bound:dmaSpi1TxControlTableEntry
20001a30    20001a30    00000010   00000000    rw-
  20001a30    20001a30    00000010   00000000    rw- .TI.bound:dmaSpi0RxAltControlTableEntry
20001a40    20001a40    00000010   00000000    rw-
  20001a40    20001a40    00000010   00000000    rw- .TI.bound:dmaSpi0TxAltControlTableEntry
20001b00    20001b00    00000010   00000000    rw-
  20001b00    20001b00    00000010   00000000    rw- .TI.bound:dmaSpi1RxAltControlTableEntry
20001b10    20001b10    00007ee2   00000000    rw-
  20001b10    20001b10    00000010   00000000    rw- .TI.bound:dmaSpi1TxAltControlTableEntry
  20001b20    20001b20    00005687   00000000    rw- .bss
  200071a8    200071a8    0000284a   00000000    rw- .data
20013c00    20013c00    00000400   00000000    rw-
  20013c00    20013c00    00000400   00000000    rw- .stack


SECTION ALLOCATION MAP

 output                                  attributes/
section   page    origin      length       input sections
--------  ----  ----------  ----------   ----------------
.binit     0    00000000    00000000     

.cinit     0    00029808    00000378     
                  00029808    000002a2     (.cinit..data.load) [load image, compression = lzss]
                  00029aaa    00000002     --HOLE-- [fill = 0]
                  00029aac    0000000c     (__TI_handler_table)
                  00029ab8    00000008     (.cinit..TI.bound:dmaSpi0RxAltControlTableEntry.load) [load image, compression = zero_init]
                  00029ac0    00000008     (.cinit..TI.bound:dmaSpi0RxControlTableEntry.load) [load image, compression = zero_init]
                  00029ac8    00000008     (.cinit..TI.bound:dmaSpi0TxAltControlTableEntry.load) [load image, compression = zero_init]
                  00029ad0    00000008     (.cinit..TI.bound:dmaSpi0TxControlTableEntry.load) [load image, compression = zero_init]
                  00029ad8    00000008     (.cinit..TI.bound:dmaSpi1RxAltControlTableEntry.load) [load image, compression = zero_init]
                  00029ae0    00000008     (.cinit..TI.bound:dmaSpi1RxControlTableEntry.load) [load image, compression = zero_init]
                  00029ae8    00000008     (.cinit..TI.bound:dmaSpi1TxAltControlTableEntry.load) [load image, compression = zero_init]
                  00029af0    00000008     (.cinit..TI.bound:dmaSpi1TxControlTableEntry.load) [load image, compression = zero_init]
                  00029af8    00000008     (.cinit..bss.load) [load image, compression = zero_init]
                  00029b00    00000008     (.cinit..data:xdcRomConstPtr.load) [load image, compression = lzss]
                  00029b08    00000008     (.cinit..data:xdcRomExternFuncPtr.load) [load image, compression = lzss]
                  00029b10    00000008     (.cinit..data:xdcRomStatePtr.load) [load image, compression = lzss]
                  00029b18    00000068     (__TI_cinit_table)

.init_array 
*          0    00000000    00000000     UNINITIALIZED

.ccfg      0    00057fa8    00000058     
                  00057fa8    00000058     ccfg.obj (.ccfg:retain)

.bss       0    20001b20    00005687     UNINITIALIZED
                  20001b20    00003b88     libopenthread_mtd.lib : instance.obj (.bss:_ZN34_INTERNAL_12_instance_cpp_0ce081802ot12sInstanceRawE$38)
                  200056a8    00000480     CC1352R1_LAUNCHXL.obj (.bss:sharpDisplayBuf$0)
                  20005b28    00000400     grlib.a : image.obj (.bss:g_pulConvertedPalette)
                  20005f28    00000250     (.common:uartCC26XXObjects)
                  20006178    00000200     release_pem4f.oem4f (.bss:taskStackSection)
                  20006378    000001c0     rf_multiMode_cc13x2_v1.aem4f : RFCC26X2_multiMode.oem4f (.bss:RF_cmdPool)
                  20006538    000001a0     (.common:spiCC26X2DMAObjects)
                  200066d8    00000120     libopenthread_diag_mtd.lib : diag_process.obj (.bss:$O21$$)
                  200067f8    000000d8     (.common:ti_sysbios_family_arm_m3_Hwi_dispatchTable)
                  200068d0    000000c8     (.common:adcCC26xxObjects)
                  20006998    00000080     CC1352R1_LAUNCHXL.obj (.bss:uartStringBuf$0)
                  20006a18    0000007c     (.common:pinHandleTable)
                  20006a94    00000004     drivers_cc13x2_v1.aem4f : ECJPAKECC26X2.oem4f (.bss)
                  20006a98    00000068     rf_multiMode_cc13x2_v1.aem4f : RFCC26X2_multiMode.oem4f (.bss:RF_ratModule)
                  20006b00    00000058     radio.obj (.bss:sSrcMatchExtData$16)
                  20006b58    00000054     (.common:ecjpakeCC26X2Objects)
                  20006bac    00000050     (.common:sha2CC26X2Objects)
                  20006bfc    0000004c     (.common:aesecbCC26XXObjects)
                  20006c48    00000044     (.common:displaySharpObject)
                  20006c8c    00000040     (.common:uartCC26XXRingBuffer)
                  20006ccc    0000003c     radio.obj (.bss:sReceiveCmd$16)
                  20006d08    00000038     random.obj (.bss:$O15$$)
                  20006d40    00000034     rf_multiMode_cc13x2_v1.aem4f : RFCC26X2_multiMode.oem4f (.bss:RF_swiFsmObj)
                  20006d74    00000034                                  : RFCC26X2_multiMode.oem4f (.bss:RF_swiHwObj)
                  20006da8    00000034     drivers_cc13x2_v1.aem4f : PINCC26XX.oem4f (.bss:pinSwi)
                  20006ddc    00000030     rf_multiMode_cc13x2_v1.aem4f : RFCC26X2_multiMode.oem4f (.bss:RF_Sch)
                  20006e0c    00000030     radio.obj (.bss:sSrcMatchShortData$16)
                  20006e3c    0000002c     otrtosapi.obj (.bss:OtRtosApi_mutexHandle$9)
                  20006e68    00000024     rf_multiMode_cc13x2_v1.aem4f : RFCC26X2_multiMode.oem4f (.bss:RF_clkPowerUpObj)
                  20006e8c    00000020                                  : RFCC26X2_multiMode.oem4f (.bss:RF_cmdQ)
                  20006eac    00000020     drivers_cc13x2_v1.aem4f : GPIOCC26XX.oem4f (.bss:gpioCallbackInfo)
                  20006ecc    00000020                             : PINCC26XX.oem4f (.bss:pinGpioConfigTable)
                  20006eec    00000020     radio.obj (.bss:sCsmaBackoffCmd$16)
                  20006f0c    00000020     (.common:udmaObjects)
                  20006f2c    0000001c     rf_multiMode_cc13x2_v1.aem4f : RFCC26X2_multiMode.oem4f (.bss:RF_hwiCpe0Obj)
                  20006f48    0000001c                                  : RFCC26X2_multiMode.oem4f (.bss:RF_hwiHwObj)
                  20006f64    0000001c     drivers_cc13x2_v1.aem4f : ADCCC26XX.oem4f (.bss:adcSemaphore)
                  20006f80    0000001c                             : PINCC26XX.oem4f (.bss:pinHwi)
                  20006f9c    0000001c                             : PINCC26XX.oem4f (.bss:pinSemaphore)
                  20006fb8    0000001c     (.common:CryptoResourceCC26XX_accessSemaphore)
                  20006fd4    0000001c     (.common:CryptoResourceCC26XX_hwi)
                  20006ff0    0000001c     (.common:CryptoResourceCC26XX_operationSemaphore)
                  2000700c    0000001c     (.common:PKAResourceCC26XX_accessSemaphore)
                  20007028    0000001c     (.common:PKAResourceCC26XX_hwi)
                  20007044    0000001c     (.common:PKAResourceCC26XX_operationSemaphore)
                  20007060    00000018     radio.obj (.bss:sEdScanCmd$16)
                  20007078    00000018     radio.obj (.bss:sRadioSetupCmd$16)
                  20007090    00000018     radio.obj (.bss:sTransmitCmd$16)
                  200070a8    00000018     display.aem4f : SharpGrLib.oem4f (.bss:spiTrans)
                  200070c0    00000016     rf_multiMode_cc13x2_v1.aem4f : RFCC26X2_multiMode.oem4f (.bss)
                  200070d6    00000002     drivers_cc13x2_v1.aem4f : UARTCC26XX.oem4f (.bss)
                  200070d8    00000014     rf_multiMode_cc13x2_v1.aem4f : RFCC26X2_multiMode.oem4f (.bss:RF_ratSyncCmd)
                  200070ec    00000014                                  : RFCC26X2_multiMode.oem4f (.bss:RF_wakeupNotifyObj)
                  20007100    00000014     driverlib.lib : osc.obj (.bss:oscHfGlobals$114)
                  20007114    00000014     drivers_cc13x2_v1.aem4f : GPIOCC26XX.oem4f (.bss:powerNotifyObj)
                  20007128    00000014     radio.obj (.bss:sTransmitRxAckCmd$16)
                  2000713c    00000010     rf_multiMode_cc13x2_v1.aem4f : RFCC26X2_multiMode.oem4f (.bss:RF_core)
                  2000714c    00000010     radio.obj (.bss:sRfStats$16)
                  2000715c    0000000c     drivers_cc13x2_v1.aem4f : NVSCC26XX.oem4f (.bss)
                  20007168    0000000c                             : GPIOCC26XX.oem4f (.bss:gpioPinState)
                  20007174    0000000c     (.common:displayUartObject)
                  20007180    00000008     display.aem4f : SharpGrLib.oem4f (.bss)
                  20007188    00000008     drivers_cc13x2_v1.aem4f : GPIOCC26XX.oem4f (.bss)
                  20007190    00000004                             : PINCC26XX.oem4f (.bss)
                  20007194    00000004     (.common:ClockP_tickPeriod)
                  20007198    00000004     (.common:PowerCC26XX_swiKey)
                  2000719c    00000004     (.common:PowerCC26XX_taskKey)
                  200071a0    00000004     (.common:nvsCC26xxObjects)
                  200071a4    00000001     keys_utils.obj (.bss)
                  200071a5    00000001     radio.obj (.bss)
                  200071a6    00000001     (.common:driverlib_release_0_52354)

.data      0    200071a8    0000284a     UNINITIALIZED
                  200071a8    000014dc     otstack.obj (.data:$O5$$)
                  20008684    00000868     shade.obj (.data:$O6$$)
                  20008eec    00000004     drivers_cc13x2_v1.aem4f : GPIOCC26XX.oem4f (.data:gpioPinTable)
                  20008ef0    00000478     radio.obj (.data:$O13$$)
                  20009368    00000108     release_pem4f.oem4f (.data:ROM_stateStruct)
                  20009470    000000c8     drivers_cc13x2_v1.aem4f : PowerCC26X2.oem4f (.data:PowerCC26X2_module)
                  20009538    00000088     rom_sysbios.aem4f : rom_sysbios.obj (.data:$O1$$)
                  200095c0    00000054     release_pem4f.oem4f (.data:ti_sysbios_gates_GateMutex_Object__table__V)
                  20009614    0000004c     release_pem4f.oem4f (.data:ti_sysbios_knl_Task_Object__table__V)
                  20009660    00000048     release_pem4f.oem4f (.data:ti_sysbios_family_arm_cc26xx_Timer_Object__table__V)
                  200096a8    00000040     uart.obj (.data:$O16$$)
                  200096e8    00000038     nvoctp.obj (.data:$O19$$)
                  20009720    00000030     release_pem4f.oem4f (.data:ti_sysbios_knl_Swi_Module_State_0_readyQ__A)
                  20009750    00000030     release_pem4f.oem4f (.data:ti_sysbios_knl_Swi_Object__table__V)
                  20009780    00000030     release_pem4f.oem4f (.data:ti_sysbios_knl_Task_Module_State_0_readyQ__A)
                  200097b0    0000002c     keys_utils.obj (.data:$O4$$)
                  200097dc    0000002c     CC1352R1_LAUNCHXL.obj (.data:gpioPinConfigs)
                  20009808    00000028     settings.obj (.data:sNvoctpFps$25)
                  20009830    00000024     libmbedcrypto.lib : ssl_tls.obj (.data:$O30$$)
                  20009854    00000020     release_pem4f.oem4f (.data:ti_sysbios_knl_Clock_Object__table__V)
                  20009874    00000020     release_pem4f.oem4f (.data:xdc_runtime_Error_IgnoreBlock)
                  20009894    00000018     diag.obj (.data:$O12$$)
                  200098ac    00000018     release_pem4f.oem4f (.data:ti_sysbios_family_arm_m3_Hwi_Object__table__V)
                  200098c4    00000018     release_pem4f.oem4f (.data:ti_sysbios_heaps_HeapMem_Object__table__V)
                  200098dc    00000010     alarm_micro.obj (.data:$O10$$)
                  200098ec    00000010     alarm.obj (.data:$O8$$)
                  200098fc    00000010     CC1352R1_LAUNCHXL.obj (.data:gpioCallbackFunctions)
                  2000990c    00000008     aes_alt.obj (.data:$O17$$)
                  20009914    00000008     sha256_alt.obj (.data:$O18$$)
                  2000991c    00000008     disp_utils.obj (.data:$O2$$)
                  20009924    00000008     libmbedcrypto.lib : ecp.obj (.data:$O26$$)
                  2000992c    00000008                       : platform.obj (.data:$O29$$)
                  20009934    00000008     rtsv7M4_T_le_v4SPD16_eabi.lib : _lock.c.obj (.data:$O33$$)
                  2000993c    00000008     drivers_cc13x2_v1.aem4f : ECJPAKECC26X2.oem4f (.data)
                  20009944    00000008                             : PINCC26XX.oem4f (.data)
                  2000994c    00000008     release_pem4f.oem4f (.data:ti_sysbios_family_arm_cc26xx_Seconds_Module__state__V)
                  20009954    00000008     release_pem4f.oem4f (.data:ti_sysbios_family_arm_m3_Hwi_Module__root__V)
                  2000995c    00000008     release_pem4f.oem4f (.data:ti_sysbios_gates_GateHwi_Module__root__V)
                  20009964    00000008     release_pem4f.oem4f (.data:ti_sysbios_gates_GateMutexPri_Module__root__V)
                  2000996c    00000008     release_pem4f.oem4f (.data:ti_sysbios_gates_GateMutex_Module__root__V)
                  20009974    00000008     release_pem4f.oem4f (.data:ti_sysbios_hal_Hwi_Module__root__V)
                  2000997c    00000008     release_pem4f.oem4f (.data:ti_sysbios_heaps_HeapMem_Module__root__V)
                  20009984    00000008     release_pem4f.oem4f (.data:ti_sysbios_knl_Clock_Module__root__V)
                  2000998c    00000008     release_pem4f.oem4f (.data:ti_sysbios_knl_Event_Module__root__V)
                  20009994    00000008     release_pem4f.oem4f (.data:ti_sysbios_knl_Mailbox_Module__root__V)
                  2000999c    00000008     release_pem4f.oem4f (.data:ti_sysbios_knl_Queue_Module__root__V)
                  200099a4    00000008     release_pem4f.oem4f (.data:ti_sysbios_knl_Semaphore_Module__root__V)
                  200099ac    00000008     release_pem4f.oem4f (.data:ti_sysbios_knl_Swi_Module__root__V)
                  200099b4    00000008     release_pem4f.oem4f (.data:ti_sysbios_knl_Task_Module__root__V)
                  200099bc    00000008     release_pem4f.oem4f (.data:xdc_runtime_System_Module_State_0_atexitHandlers__A)
                  200099c4    00000005     drivers_cc13x2_v1.aem4f : GPIOCC26XX.oem4f (.data)
                  200099c9    00000002     display.aem4f : SharpGrLib.oem4f (.data)
                  200099cb    00000001     drivers_cc13x2_v1.aem4f : ADC.oem4f (.data)
                  200099cc    00000004     libmbedcrypto.lib : ecp_curves.obj (.data:one$1$95)
                  200099d0    00000004     radio.obj (.data)
                  200099d4    00000004     rtsv7M4_T_le_v4SPD16_eabi.lib : stkdepth_vars.c.obj (.data)
                  200099d8    00000004     release_pem4f.oem4f (.data:ti_sysbios_family_arm_m3_Hwi_Module_State_0_excContext__A)
                  200099dc    00000004     release_pem4f.oem4f (.data:ti_sysbios_family_arm_m3_Hwi_Module_State_0_excStack__A)
                  200099e0    00000004     release_pem4f.oem4f (.data:ti_sysbios_knl_Task_Module_State_0_idleTask__A)
                  200099e4    00000002     drivers_cc13x2_v1.aem4f : ADCCC26XX.oem4f (.data)
                  200099e6    00000002                             : CryptoResourceCC26XX.oem4f (.data)
                  200099e8    00000002                             : PKAResourceCC26XX.oem4f (.data)
                  200099ea    00000002     release_pem4f.oem4f (.data:ti_sysbios_family_arm_m3_Hwi_Module_State_0_excActive__A)
                  200099ec    00000001     drivers_cc13x2_v1.aem4f : AESECBCC26XX.oem4f (.data)
                  200099ed    00000001                             : NVS.oem4f (.data)
                  200099ee    00000001                             : SHA2CC26X2.oem4f (.data)
                  200099ef    00000001                             : SPI.oem4f (.data)
                  200099f0    00000001                             : UART.oem4f (.data)
                  200099f1    00000001     otstack.obj (.data)

.stack     0    20013c00    00000400     UNINITIALIZED
                  20013c00    00000400     --HOLE--

.priheap   0    20000110    00001000     UNINITIALIZED
                  20000110    00001000     --HOLE--

.data:xdcRomConstPtr 
*          0    20000100    00000004     UNINITIALIZED
                  20000100    00000004     release_pem4f.oem4f (.data:xdcRomConstPtr)

.data:xdcRomExternFuncPtr 
*          0    20000104    00000004     UNINITIALIZED
                  20000104    00000004     release_pem4f.oem4f (.data:xdcRomExternFuncPtr)

.data:xdcRomStatePtr 
*          0    20000108    00000004     UNINITIALIZED
                  20000108    00000004     release_pem4f.oem4f (.data:xdcRomStatePtr)

.bootVecs 
*          0    00000000    00000008     DSECT
                  00000000    00000008     boot.aem4f : boot.oem4f (.bootVecs)

.resetVecs 
*          0    00000000    0000003c     
                  00000000    0000003c     release_pem4f.oem4f (.resetVecs)

.vecs      0    20000000    000000d8     NOLOAD SECTION
                  20000000    000000d8     release_pem4f.oem4f (.vecs)

xdc.meta   0    00000000    0000010a     COPY SECTION
                  00000000    0000010a     release_pem4f.oem4f (xdc.meta)

xdc.noload 
*          0    00000000    00000000     COPY SECTION

.const.1   0    0000003c    00000004     
                  0000003c    00000004     drivers_cc13x2_v1.aem4f : NVS.oem4f (.const:NVS_defaultParams)

.TI.bound:flashBuf$0 
*          0    00052000    00004000     UNINITIALIZED
                  00052000    00004000     CC1352R1_LAUNCHXL.obj (.TI.bound:flashBuf$0)

.TI.bound:dmaSpi0RxControlTableEntry 
*          0    20001830    00000010     UNINITIALIZED
                  20001830    00000010     drivers_cc13x2_v1.aem4f : SPICC26X2DMA.oem4f (.TI.bound:dmaSpi0RxControlTableEntry)

.TI.bound:dmaSpi0TxControlTableEntry 
*          0    20001840    00000010     UNINITIALIZED
                  20001840    00000010     drivers_cc13x2_v1.aem4f : SPICC26X2DMA.oem4f (.TI.bound:dmaSpi0TxControlTableEntry)

.TI.bound:dmaSpi1RxControlTableEntry 
*          0    20001900    00000010     UNINITIALIZED
                  20001900    00000010     drivers_cc13x2_v1.aem4f : SPICC26X2DMA.oem4f (.TI.bound:dmaSpi1RxControlTableEntry)

.TI.bound:dmaSpi1TxControlTableEntry 
*          0    20001910    00000010     UNINITIALIZED
                  20001910    00000010     drivers_cc13x2_v1.aem4f : SPICC26X2DMA.oem4f (.TI.bound:dmaSpi1TxControlTableEntry)

.TI.bound:dmaSpi0RxAltControlTableEntry 
*          0    20001a30    00000010     UNINITIALIZED
                  20001a30    00000010     drivers_cc13x2_v1.aem4f : SPICC26X2DMA.oem4f (.TI.bound:dmaSpi0RxAltControlTableEntry)

.TI.bound:dmaSpi0TxAltControlTableEntry 
*          0    20001a40    00000010     UNINITIALIZED
                  20001a40    00000010     drivers_cc13x2_v1.aem4f : SPICC26X2DMA.oem4f (.TI.bound:dmaSpi0TxAltControlTableEntry)

.TI.bound:dmaSpi1RxAltControlTableEntry 
*          0    20001b00    00000010     UNINITIALIZED
                  20001b00    00000010     drivers_cc13x2_v1.aem4f : SPICC26X2DMA.oem4f (.TI.bound:dmaSpi1RxAltControlTableEntry)

.TI.bound:dmaSpi1TxAltControlTableEntry 
*          0    20001b10    00000010     UNINITIALIZED
                  20001b10    00000010     drivers_cc13x2_v1.aem4f : SPICC26X2DMA.oem4f (.TI.bound:dmaSpi1TxAltControlTableEntry)

.text      0    00000040    000269e4     
                  00000040    00001694     libmbedcrypto.lib : ssl_tls.obj (.text:mbedtls_ssl_handshake)
                  000016d4    00000004     dpl_cc13x2_v1.aem4f : PowerCC26X2_tirtos.oem4f (.text:CPUwfi)
                  000016d8    00000e88     ecjpake_alt.obj (.text:ecjpake_kzkp_kzkp_write$21)
                  00002560    0000083c     libmbedcrypto.lib : ssl_tls.obj (.text:mbedtls_ssl_read_record)
                  00002d9c    00000004     dpl_cc13x2_v1.aem4f : ClockP_tirtos.oem4f (.text:ClockP_destruct)
                  00002da0    000007fe     ecjpake_alt.obj (.text:mbedtls_ecjpake_write_round_two)
                  0000359e    00000002     display.aem4f : DisplaySharp.oem4f (.text:DisplaySharp_init)
                  000035a0    000007ce     rtsv7M4_T_le_v4SPD16_eabi.lib : _printfi_nf.c.obj (.text:__TI_printfi_nofloat)
                  00003d6e    00000002     display.aem4f : DisplayUart.oem4f (.text:DisplayUartMin_clear)
                  00003d70    0000070c     ecjpake_alt.obj (.text:ecjpake_hash$21)
                  0000447c    00000004     dpl_cc13x2_v1.aem4f : ClockP_tirtos.oem4f (.text:ClockP_getCpuFreq)
                  00004480    000006e1     shade.obj (.text:Shade_task)
                  00004b61    00000001     --HOLE-- [fill = 0]
                  00004b62    000006b6     libopenthread_mtd.lib : ip6.obj (.text:_ZN2ot3Ip63Ip614HandleDatagramERNS_7MessageEPNS0_5NetifEaPKvb)
                  00005218    00000564     otstack.obj (.text:OtStack_task)
                  0000577c    00000548     drivers_cc13x2_v1.aem4f : ECJPAKECC26X2.oem4f (.text:ECJPAKECC26X2_runFSM)
                  00005cc4    000004ec     libopenthread_mtd.lib : mle.obj (.text:_ZN2ot3Mle3Mle16HandleUdpReceiveERNS_7MessageERKNS_3Ip611MessageInfoE)
                  000061b0    000004ec     libmbedcrypto.lib : ecp_curves.obj (.text:ecp_mod_p256$95)
                  0000669c    000004e8     libopenthread_mtd.lib : lowpan.obj (.text:_ZN2ot6Lowpan6Lowpan8CompressERNS_7MessageERKNS_3Mac7AddressES7_Ph)
                  00006b84    000004e4     driverlib.lib : pka.obj (.text:NOROM_PKAEccVerifyPublicKeyWeierstrassStart)
                  00007068    0000047e     grlib.a : string.obj (.text:Graphics_drawString)
                  000074e6    0000041e     libopenthread_mtd.lib : mle.obj (.text:_ZN2ot3Mle3Mle11SendMessageERNS_7MessageERKNS_3Ip67AddressE)
                  00007904    00000400                           : mac.obj (.text:_ZN2ot3Mac3Mac19HandleReceivedFrameEPNS0_5FrameE7otError)
                  00007d04    000003d0                           : lowpan.obj (.text:_ZN2ot6Lowpan6Lowpan20DecompressBaseHeaderERNS_3Ip66HeaderERbRKNS_3Mac7AddressES9_PKht)
                  000080d4    000003c2                           : mle.obj (.text:_ZN2ot3Mle3Mle20HandleParentResponseERKNS_7MessageERKNS_3Ip611MessageInfoEj)
                  00008496    00000002     display.aem4f : DisplayUart.oem4f (.text:DisplayUartMin_clearLines)
                  00008498    000003a4     libopenthread_mtd.lib : dtls.obj (.text:_ZN2ot7MeshCoP4Dtls5StartEbPFvPvbEPFvS2_PhtEPF7otErrorS2_PKhthES2_)
                  0000883c    00000390                           : mesh_forwarder.obj (.text:_ZN2ot13MeshForwarder19HandleReceivedFrameERNS_3Mac5FrameE)
                  00008bcc    00000388     grlib.a : image.obj (.text:Graphics_drawImage)
                  00008f54    00000380     libopenthread_mtd.lib : mle.obj (.text:_ZN2ot3Mle3Mle17HandleAttachTimerERNS_5TimerE)
                  000092d4    00000360                           : lowpan.obj (.text:_ZN2ot6Lowpan6Lowpan10DecompressERNS_7MessageERKNS_3Mac7AddressES7_PKhtt)
                  00009634    00000318     libmbedcrypto.lib : ssl_tls.obj (.text:mbedtls_ssl_derive_keys)
                  0000994c    00000314     rom_sysbios.aem4f : rom_sysbios.obj (.text:xdc_runtime_System_doPrint__I)
                  00009c60    00000308     libopenthread_mtd.lib : ip6.obj (.text:_ZN2ot3Ip63Ip613HandleOptionsERNS_7MessageERNS0_6HeaderERb)
                  00009f68    00000302                           : mesh_forwarder.obj (.text:_ZN2ot13MeshForwarder12SendFragmentERNS_7MessageERNS_3Mac5FrameE)
                  0000a26a    00000002     display.aem4f : DisplayUart.oem4f (.text:DisplayUartMin_init)
                  0000a26c    00000300     rf_multiMode_cc13x2_v1.aem4f : RFCC26X2_multiMode.oem4f (.text:RF_fsmActiveState)
                  0000a56c    000002f8     libmbedcrypto.lib : ssl_tls.obj (.text:mbedtls_ssl_write_record)
                  0000a864    000002f4     driverlib.lib : setup.obj (.text:TrimAfterColdResetWakeupFromShutDown$117)
                  0000ab58    000002e4     libopenthread_mtd.lib : dtls.obj (.text:_ZN2ot7MeshCoP4Dtls7ProcessEv)
                  0000ae3c    000002dc                           : mac.obj (.text:_ZN2ot3Mac3Mac13BeginTransmitEv)
                  0000b118    000002db     shade.obj (.text:coapHandleServer$8)
                  0000b3f3    00000001     --HOLE-- [fill = 0]
                  0000b3f4    000002c8     libopenthread_mtd.lib : mac.obj (.text:_ZN2ot3Mac3Mac18HandleTransmitDoneEP12otRadioFrameS3_7otError)
                  0000b6bc    000002bc     drivers_cc13x2_v1.aem4f : SPICC26X2DMA.oem4f (.text:SPICC26X2DMA_transfer)
                  0000b978    000002b0     libopenthread_mtd.lib : mesh_forwarder.obj (.text:_ZN2ot13MeshForwarder15HandleSentFrameERNS_3Mac6SenderERNS1_5FrameE7otError)
                  0000bc28    000002a8                           : mle.obj (.text:_ZN2ot3Mle3Mle23HandleDiscoveryResponseERKNS_7MessageERKNS_3Ip611MessageInfoE)
                  0000bed0    000002a8                           : mle.obj (.text:_ZN2ot3Mle3MleC1ERNS_8InstanceE)
                  0000c178    0000027c                           : dataset_local.obj (.text:_ZNK2ot7MeshCoP12DatasetLocal3GetER20otOperationalDataset)
                  0000c3f4    00000260                           : joiner.obj (.text:_ZN2ot7MeshCoP6Joiner18SendJoinerFinalizeEv)
                  0000c654    0000025c                           : mle.obj (.text:_ZN2ot3Mle3Mle16HandleLeaderDataERKNS_7MessageERKNS_3Ip611MessageInfoE)
                  0000c8b0    00000258     shade.obj (.text:coapHandleServer_soil$8)
                  0000cb08    0000024e     ecjpake_alt.obj (.text:ecjpake_zkp_read$21)
                  0000cd56    00000002     driverlib.lib : rfc.obj (.text:NOROM_RFCCpePatchReset)
                  0000cd58    00000248     libopenthread_mtd.lib : ip6.obj (.text:_ZN2ot3Ip63Ip622ProcessReceiveCallbackERKNS_7MessageERKNS0_11MessageInfoEhb)
                  0000cfa0    00000242     libmbedcrypto.lib : ccm.obj (.text:ccm_auth_crypt$109)
                  0000d1e2    00000002     rf_multiMode_cc13x2_v1.aem4f : RFCC26X2_multiMode.oem4f (.text:RF_defaultCallback)
                  0000d1e4    00000228     drivers_cc13x2_v1.aem4f : SPICC26X2DMA.oem4f (.text:SPICC26X2DMA_hwiFxn)
                  0000d40c    0000021e     libopenthread_mtd.lib : mle.obj (.text:_ZN2ot3Mle3Mle25HandleChildUpdateResponseERKNS_7MessageERKNS_3Ip611MessageInfoE)
                  0000d62a    0000021c                           : mle.obj (.text:_ZN2ot3Mle3Mle21HandleChildIdResponseERKNS_7MessageERKNS_3Ip611MessageInfoE)
                  0000d846    00000002     rtsv7M4_T_le_v4SPD16_eabi.lib : typeinfo.c.obj (.text:_ZN10__cxxabiv117__class_type_infoD1Ev)
                  0000d848    00000214     libopenthread_mtd.lib : mac.obj (.text:_ZN2ot3Mac3Mac22ProcessReceiveSecurityERNS0_5FrameERKNS0_7AddressEPNS_8NeighborE)
                  0000da5c    0000020a                           : mesh_forwarder.obj (.text:_ZN2ot13MeshForwarder18HandleFrameRequestERNS_3Mac6SenderERNS1_5FrameE)
                  0000dc66    00000002                           : dtls.obj (.text:_ZN2ot7MeshCoP4Dtls18HandleMbedtlsDebugEPviPKciS4_)
                  0000dc68    00000204     ecjpake_alt.obj (.text:read_tls_point$21)
                  0000de6c    00000202     libopenthread_mtd.lib : network_data.obj (.text:_ZN2ot11NetworkData11NetworkData19RemoveTemporaryDataEPhRh)
                  0000e06e    000001fe                           : mesh_forwarder.obj (.text:_ZN2ot13MeshForwarder24ScheduleTransmissionTaskERNS_7TaskletE)
                  0000e26c    000001f8                           : mle.obj (.text:_ZN2ot3Mle3Mle24HandleChildUpdateRequestERKNS_7MessageERKNS_3Ip611MessageInfoE)
                  0000e464    000001ec                           : ip6.obj (.text:_ZN2ot3Ip63Ip619SelectSourceAddressERNS0_11MessageInfoE)
                  0000e650    000001ec                           : dataset.obj (.text:_ZNK2ot7MeshCoP7Dataset18ApplyConfigurationERNS_8InstanceE)
                  0000e83c    000001e4                           : icmp6.obj (.text:_ZN2ot3Ip64Icmp17HandleEchoRequestERNS_7MessageERKNS0_11MessageInfoE)
                  0000ea20    000001e2     radio.obj (.text:processRxQueue$16)
                  0000ec02    000001dc     libopenthread_mtd.lib : coap.obj (.text:_ZN2ot4Coap8CoapBase23ProcessReceivedResponseERNS0_6HeaderERNS_7MessageERKNS_3Ip611MessageInfoE)
                  0000edde    000001cc     rom_sysbios.aem4f : rom_sysbios.obj (.text:acquireMutex$49)
                  0000efaa    00000002     rtsv7M4_T_le_v4SPD16_eabi.lib : _lock.c.obj (.text:_nop)
                  0000efac    000001c0     drivers_cc13x2_v1.aem4f : PINCC26XX.oem4f (.text:PIN_init)
                  0000f16c    00000004     dpl_cc13x2_v1.aem4f : ClockP_tirtos.oem4f (.text:ClockP_getTimeout)
                  0000f170    000001c0     shade.obj (.text:setupCoapServer$8)
                  0000f330    000001bc     nvoctp.obj (.text:NVOCTP_initNvApi$24)
                  0000f4ec    00000004     dpl_cc13x2_v1.aem4f : ClockP_tirtos.oem4f (.text:ClockP_setTimeout)
                  0000f4f0    000001b8     nvoctp.obj (.text:NVOCTP_newItem$24)
                  0000f6a8    000001b6     rtsv7M4_T_le_v4SPD16_eabi.lib : fd_add_t2.asm.obj (.text)
                  0000f85e    00000002     drivers_cc13x2_v1.aem4f : PowerCC26X2.oem4f (.text:emptyClockFunc)
                  0000f860    000001b0     libopenthread_mtd.lib : mle.obj (.text:_ZN2ot3Mle3Mle19HandleAdvertisementERKNS_7MessageERKNS_3Ip611MessageInfoE)
                  0000fa10    000001aa                           : coap_header.obj (.text:_ZN2ot4Coap6Header11FromMessageERKNS_7MessageEt)
                  0000fbba    00000002     drivers_cc13x2_v1.aem4f : CryptoResourceCC26XX.oem4f (.text:errorSpin)
                  0000fbbc    000001a4                             : PowerCC26X2.oem4f (.text:Power_sleep)
                  0000fd60    000001a4     libopenthread_mtd.lib : ip6_api.obj (.text:otIp6SetEnabled)
                  0000ff04    000001a0                           : ip6.obj (.text:_ZN2ot3Ip63Ip612SendDatagramERNS_7MessageERNS0_11MessageInfoENS0_7IpProtoE)
                  000100a4    0000019c                           : mle.obj (.text:_ZN2ot3Mle3Mle25AppendAddressRegistrationERNS_7MessageE)
                  00010240    0000019c     libmbedcrypto.lib : ssl_tls.obj (.text:mbedtls_ssl_set_hs_ecjpake_password)
                  000103dc    00000004     dpl_cc13x2_v1.aem4f : ClockP_tirtos.oem4f (.text:ClockP_start)
                  000103e0    00000196     ecjpake_alt.obj (.text:mbedtls_ecjpake_derive_secret)
                  00010576    00000002     drivers_cc13x2_v1.aem4f : PKAResourceCC26XX.oem4f (.text:errorSpin)
                  00010578    00000194                             : PowerCC26X2_calibrateRCOSC.oem4f (.text:runCalibrateFsm)
                  0001070c    0000018c     rf_multiMode_cc13x2_v1.aem4f : RFCC26X2_multiMode.oem4f (.text:RF_scheduleCmd)
                  00010898    00000188     libopenthread_mtd.lib : aes_ccm.obj (.text:_ZN2ot6Crypto6AesCcm4InitEjjhPKvh)
                  00010a20    00000180     drivers_cc13x2_v1.aem4f : SPICC26X2DMA.oem4f (.text:configNextTransfer)
                  00010ba0    0000017e     libopenthread_mtd.lib : network_data.obj (.text:_ZN2ot11NetworkData11NetworkData19GetNextOnMeshPrefixEPjtP20otBorderRouterConfig)
                  00010d1e    00000002     libmbedcrypto.lib : platform.obj (.text:platform_free_uninit$99)
                  00010d20    00000178     nvoctp.obj (.text:NVOCTP_compactPage$24)
                  00010e98    00000178     libopenthread_mtd.lib : energy_scan_server.obj (.text:_ZN2ot16EnergyScanServer13HandleRequestERNS_4Coap6HeaderERNS_7MessageERKNS_3Ip611MessageInfoE)
                  00011010    00000178     release_pem4f.oem4f (.text:xdc_runtime_System_printfExtend__I)
                  00011188    00000170     drivers_cc13x2_v1.aem4f : SPICC26X2DMA.oem4f (.text:SPICC26X2DMA_transferCancel)
                  000112f8    0000016c     libopenthread_mtd.lib : mbedtls.obj (.text:_ZN33_INTERNAL_11_mbedtls_cpp_01b19df02ot6Crypto4FreeEPv$46)
                  00011464    0000016a                           : coap.obj (.text:_ZN2ot4Coap8CoapBase11SendMessageERNS_7MessageERKNS_3Ip611MessageInfoEPFYvPvP12otCoapHeaderP9otMessagePK13otMessageInfo7otErrorES8_)
                  000115ce    00000166     libmbedcrypto.lib : ctr_drbg.obj (.text:block_cipher_df$93)
                  00011734    00000164                       : ssl_tls.obj (.text:mbedtls_ssl_fetch_input)
                  00011898    00000162     libopenthread_mtd.lib : mle.obj (.text:_ZN2ot3Mle3Mle22SendChildUpdateRequestEv)
                  000119fa    0000015e                           : ip6.obj (.text:_ZN2ot3Ip63Ip615RemoveMplOptionERNS_7MessageE)
                  00011b58    0000015e                           : coap.obj (.text:_ZN2ot4Coap8CoapBase25HandleRetransmissionTimerEv)
                  00011cb6    00000002     rtsv7M4_T_le_v4SPD16_eabi.lib : div0.asm.obj (.text)
                  00011cb8    0000015c     drivers_cc13x2_v1.aem4f : UARTCC26XX.oem4f (.text:UARTCC26XX_open)
                  00011e14    0000015c                             : PowerCC26X2_calibrateRCOSC.oem4f (.text:calibrateRcoscHf1)
                  00011f70    00000154                             : UARTCC26XX.oem4f (.text:UARTCC26XX_hwiIntFxn)
                  000120c4    00000150     libopenthread_mtd.lib : thread_netif.obj (.text:_ZN2ot11ThreadNetif11RouteLookupERKNS_3Ip67AddressES4_Ph)
                  00012214    0000014c                           : joiner.obj (.text:_ZN2ot7MeshCoP6Joiner19HandleJoinerEntrustERNS_4Coap6HeaderERNS_7MessageERKNS_3Ip611MessageInfoE)
                  00012360    00000140     drivers_cc13x2_v1.aem4f : SPICC26X2DMA.oem4f (.text:initIO)
                  000124a0    00000140     libmbedcrypto.lib : ssl_tls.obj (.text:ssl_handshake_init$103)
                  000125e0    0000013e                       : ssl_tls.obj (.text:mbedtls_ssl_resend)
                  0001271e    00000002     release_pem4f.oem4f (.text:ti_sysbios_BIOS_nullFunc__I)
                  00012720    0000013c     libopenthread_mtd.lib : panid_query_server.obj (.text:_ZN2ot16PanIdQueryServer12SendConflictEv)
                  0001285c    00000138     drivers_cc13x2_v1.aem4f : NVSCC26XX.oem4f (.text:NVSCC26XX_write)
                  00012994    00000138                             : UARTCC26XX.oem4f (.text:UARTCC26XX_read)
                  00012acc    00000138     libopenthread_mtd.lib : energy_scan_server.obj (.text:_ZN2ot16EnergyScanServer10SendReportEv)
                  00012c04    00000004     dpl_cc13x2_v1.aem4f : ClockP_tirtos.oem4f (.text:ClockP_stop)
                  00012c08    00000134     nvoctp.obj (.text:NVOCTP_doNextApi$24)
                  00012d3c    00000130     drivers_cc13x2_v1.aem4f : PowerCC26X2.oem4f (.text:Power_init)
                  00012e6c    00000130     libmbedcrypto.lib : ssl_tls.obj (.text:tls_prf_generic$103)
                  00012f9c    0000012c     drivers_cc13x2_v1.aem4f : SPICC26X2DMA.oem4f (.text:SPICC26X2DMA_open)
                  000130c8    0000012a     libopenthread_mtd.lib : slaac_address.obj (.text:_ZN2ot5Utils5Slaac15UpdateAddressesEP10otInstanceP14otNetifAddressjPF7otErrorS3_S5_PvES7_)
                  000131f2    00000006     drivers_cc13x2_v1.aem4f : ADCCC26XX.oem4f (.text:ADCCC26XX_control)
                  000131f8    00000126     radio.obj (.text:rfCommonCallback$16)
                  0001331e    00000002     release_pem4f.oem4f (.text:ti_sysbios_rom_cortexm_cc26xx_agama_CC26xx_badRomRevision__E)
                  00013320    00000124     rf_multiMode_cc13x2_v1.aem4f : RFCC26X2_multiMode.oem4f (.text:RF_abortCmd)
                  00013444    00000124                                  : RFCC26X2_multiMode.oem4f (.text:RF_init)
                  00013568    00000124     libopenthread_mtd.lib : mac.obj (.text:_ZN2ot3Mac3MacC1ERNS_8InstanceE)
                  0001368c    00000122                           : ip6_mpl.obj (.text:_ZN2ot3Ip63Mpl25HandleRetransmissionTimerERNS_5TimerE)
                  000137ae    00000002     rom_sysbios.aem4f : rom_sysbios.obj (.text:xdc_runtime_SysCallback_defaultAbort)
                  000137b0    00000120     rf_multiMode_cc13x2_v1.aem4f : RFCC26X2_multiMode.oem4f (.text:RF_fsmSetupState)
                  000138d0    00000120     libopenthread_mtd.lib : panid_query_server.obj (.text:_ZN2ot16PanIdQueryServer11HandleQueryERNS_4Coap6HeaderERNS_7MessageERKNS_3Ip611MessageInfoE)
                  000139f0    00000120                           : aes_ccm.obj (.text:_ZN2ot6Crypto6AesCcm7PayloadEPvS2_jb)
                  00013b10    00000120                           : dtls.obj (.text:_ZN2ot7MeshCoP4Dtls5CloseEv)
                  00013c30    0000011e     radio.obj (.text:rf_patch_mce_ieee_802_15_4$16)
                  00013d4e    00000002     rom_sysbios.aem4f : rom_sysbios.obj (.text:xdc_runtime_SysCallback_defaultExit)
                  00013d50    0000011c     libopenthread_mtd.lib : announce_begin_server.obj (.text:_ZN2ot19AnnounceBeginServer13HandleRequestERNS_4Coap6HeaderERNS_7MessageERKNS_3Ip611MessageInfoE)
                  00013e6c    00000118     rf_multiMode_cc13x2_v1.aem4f : RFCC26X2_multiMode.oem4f (.text:RF_decodeOverridePointers)
                  00013f84    00000118                                  : RFCC26X2_multiMode.oem4f (.text:RF_radioOpDoneCb)
                  0001409c    00000118     libopenthread_mtd.lib : coap.obj (.text:_ZN2ot4Coap8CoapBase22ProcessReceivedRequestERNS0_6HeaderERNS_7MessageERKNS_3Ip611MessageInfoE)
                  000141b4    00000114     driverlib.lib : sys_ctrl.obj (.text:NOROM_SysCtrlStandby)
                  000142c8    00000112     grlib.a : rectangle.obj (.text:Graphics_fillRectangle)
                  000143da    0000010c     libopenthread_mtd.lib : mle.obj (.text:_ZN2ot3Mle3Mle12SendAnnounceEhbRKNS_3Ip67AddressE)
                  000144e6    00000002     rom_sysbios.aem4f : rom_sysbios.obj (.text:xdc_runtime_SysCallback_defaultFlush)
                  000144e8    0000010c     libopenthread_mtd.lib : coap_secure.obj (.text:_ZN2ot4Coap10CoapSecure7ReceiveERNS_7MessageERKNS_3Ip611MessageInfoE)
                  000145f4    0000010c                           : coap_header.obj (.text:_ZN2ot4Coap6Header12AppendOptionERKNS1_6OptionE)
                  00014700    00000108     rf_multiMode_cc13x2_v1.aem4f : RFCC26X2_multiMode.oem4f (.text:RF_fsmChangePhyState)
                  00014808    00000108     libmbedcrypto.lib : ecp_curves.obj (.text:mbedtls_ecp_group_load)
                  00014910    00000104     rf_multiMode_cc13x2_v1.aem4f : RFCC26X2_multiMode.oem4f (.text:RF_open)
                  00014a14    00000104     driverlib.lib : sha2.obj (.text:SHA2ExecuteHash$119)
                  00014b18    00000104     drivers_cc13x2_v1.aem4f : UARTCC26XX.oem4f (.text:UARTCC26XX_write)
                  00014c1c    00000102     libopenthread_mtd.lib : network_data_leader.obj (.text:_ZN2ot11NetworkData10LeaderBase19ExternalRouteLookupEhRKNS_3Ip67AddressEPhPt)
                  00014d1e    00000002     rom_sysbios.aem4f : rom_sysbios.obj (.text:xdc_runtime_SysCallback_defaultPutch)
                  00014d20    00000100     drivers_cc13x2_v1.aem4f : GPIOCC26XX.oem4f (.text:GPIO_setConfig)
                  00014e20    00000100     rf_multiMode_cc13x2_v1.aem4f : RFCC26X2_multiMode.oem4f (.text:RF_fsmPowerUpState)
                  00014f20    00000100     libopenthread_mtd.lib : mesh_forwarder.obj (.text:_ZN2ot13MeshForwarderC1ERNS_8InstanceE)
                  00015020    00000100                           : dtls.obj (.text:_ZN2ot7MeshCoP4Dtls4SendERNS_7MessageEt)
                  00015120    000000fc     driverlib.lib : pka.obj (.text:NOROM_PKABigNumAddStart)
                  0001521c    000000fc                   : pka.obj (.text:NOROM_PKABigNumMultiplyStart)
                  00015318    000000fc     libopenthread_mtd.lib : mesh_forwarder.obj (.text:_ZN2ot13MeshForwarder14UpdateIp6RouteERNS_7MessageE)
                  00015414    000000fc     libmbedcrypto.lib : ssl_tls.obj (.text:mbedtls_ssl_write_finished)
                  00015510    000000fc     rtsv7M4_T_le_v4SPD16_eabi.lib : fd_mul_t2.asm.obj (.text)
                  0001560c    00000004     dpl_cc13x2_v1.aem4f : HwiP_tirtos.oem4f (.text:HwiP_clearInterrupt)
                  00015610    000000fa     random.obj (.text:getRandom$17)
                  0001570a    00000002     --HOLE-- [fill = 0]
                  0001570c    000000f8     libopenthread_mtd.lib : mle.obj (.text:_ZN2ot3Mle3Mle8DiscoverEjtbbPFvP18otActiveScanResultPvES4_)
                  00015804    000000f8                           : joiner.obj (.text:_ZN2ot7MeshCoP6Joiner20HandleDiscoverResultEP18otActiveScanResult)
                  000158fc    00000004     dpl_cc13x2_v1.aem4f : HwiP_tirtos.oem4f (.text:HwiP_destruct)
                  00015900    000000f6     ecjpake_alt.obj (.text:mbedtls_ecjpake_read_round_two)
                  000159f6    00000002     --HOLE-- [fill = 0]
                  000159f8    000000f4     drivers_cc13x2_v1.aem4f : ADCCC26XX.oem4f (.text:ADCCC26XX_convert)
                  00015aec    000000f4     driverlib.lib : pka.obj (.text:NOROM_PKABigNumCmpStart)
                  00015be0    000000f4     rom_sysbios.aem4f : rom_sysbios.obj (.text:pthread_create)
                  00015cd4    000000f0     display.aem4f : DisplaySharp.oem4f (.text:DisplaySharp_open)
                  00015dc4    000000f0     libopenthread_mtd.lib : mle.obj (.text:_ZN2ot3Mle3Mle11BecomeChildENS0_10AttachModeE)
                  00015eb4    000000f0     rom_sysbios.aem4f : rom_sysbios.obj (.text:timer_create)
                  00015fa4    00000004     dpl_cc13x2_v1.aem4f : HwiP_tirtos.oem4f (.text:HwiP_disable)
                  00015fa8    000000ee     nvoctp.obj (.text:NVOCTP_readHeader$24)
                  00016096    000000ee     libopenthread_mtd.lib : dataset_local.obj (.text:_ZNK2ot7MeshCoP12DatasetLocal3GetERNS0_7DatasetE)
                  00016184    000000ec                           : mle.obj (.text:_ZN2ot3Mle3Mle18SetMeshLocalPrefixEPKh)
                  00016270    000000ec                           : dataset_manager.obj (.text:_ZNK2ot7MeshCoP14DatasetManager15SendGetResponseERKNS_4Coap6HeaderERKNS_3Ip611MessageInfoEPhh)
                  0001635c    00000004     dpl_cc13x2_v1.aem4f : HwiP_tirtos.oem4f (.text:HwiP_disableInterrupt)
                  00016360    000000ea     nvoctp.obj (.text:NVOCTP_findItem$24)
                  0001644a    00000002     --HOLE-- [fill = 0]
                  0001644c    000000e8     driverlib.lib : setup.obj (.text:NOROM_SetupTrimDevice)
                  00016534    000000e8     libopenthread_mtd.lib : joiner.obj (.text:_ZN2ot7MeshCoP6Joiner11TryNextJoinEv)
                  0001661c    000000e6     display.aem4f : SharpGrLib.oem4f (.text:SharpGrLib_rectFill)
                  00016702    00000006                   : DisplayUart.oem4f (.text:DisplayUartMin_control)
                  00016708    000000e6     radio.obj (.text:otPlatRadioTransmit)
                  000167ee    00000002     --HOLE-- [fill = 0]
                  000167f0    000000e4     display.aem4f : SharpGrLib.oem4f (.text:SharpGrLib_flush)
                  000168d4    000000e0     drivers_cc13x2_v1.aem4f : PINCC26XX.oem4f (.text:PINCC26XX_setIoCfg)
                  000169b4    000000e0     rf_multiMode_cc13x2_v1.aem4f : RFCC26X2_multiMode.oem4f (.text:RF_hwiCpe0Active)
                  00016a94    000000e0     libopenthread_mtd.lib : mac.obj (.text:_ZN2ot3Mac3Mac21ProcessTransmitAesCcmERNS0_5FrameEPKNS0_10ExtAddressE)
                  00016b74    000000de                           : mle.obj (.text:_ZN2ot3Mle3Mle15SendDataRequestERKNS_3Ip67AddressEPKhht)
                  00016c52    000000de                           : mle.obj (.text:_ZN2ot3Mle3Mle5StoreEv)
                  00016d30    000000de                           : coap.obj (.text:_ZN2ot4Coap14ResponsesQueue22GetMatchedResponseCopyERKNS0_6HeaderERKNS_3Ip611MessageInfoEPPNS_7MessageE)
                  00016e0e    000000de     libmbedcrypto.lib : entropy.obj (.text:mbedtls_entropy_func)
                  00016eec    000000dc     libopenthread_mtd.lib : data_poll_manager.obj (.text:_ZN2ot15DataPollManager12SendDataPollEv)
                  00016fc8    000000dc                           : mle.obj (.text:_ZN2ot3Mle3Mle7RestoreEv)
                  000170a4    000000da                           : udp6.obj (.text:_ZN2ot3Ip69UdpSocket6SendToERNS_7MessageERKNS0_11MessageInfoE)
                  0001717e    000000da     libmbedcrypto.lib : ssl_tls.obj (.text:mbedtls_ssl_dtls_replay_update)
                  00017258    000000d8     drivers_cc13x2_v1.aem4f : GPIOCC26XX.oem4f (.text:GPIO_init)
                  00017330    000000d8     rf_multiMode_cc13x2_v1.aem4f : RFCC26X2_multiMode.oem4f (.text:RF_dispatchNextCmd)
                  00017408    000000d8     libopenthread_mtd.lib : mbedtls.obj (.text:_ZN33_INTERNAL_11_mbedtls_cpp_01b19df02ot6Crypto6CAllocEjj$46)
                  000174e0    000000d8     rom_sysbios.aem4f : rom_sysbios.obj (.text:timer_settime)
                  000175b8    000000d6     rf_multiMode_cc13x2_v1.aem4f : RFCC26X2_multiMode.oem4f (.text:RF_updatePaConfiguration)
                  0001768e    00000002     --HOLE-- [fill = 0]
                  00017690    000000d4                                  : RFCC26X2_multiMode.oem4f (.text:RF_swiHw)
                  00017764    000000d4     libopenthread_mtd.lib : mac.obj (.text:_ZN2ot3Mac3Mac17PerformEnergyScanEv)
                  00017838    000000d0     driverlib.lib : pka.obj (.text:PKAGetECCResult$115)
                  00017908    000000c8     drivers_cc13x2_v1.aem4f : AESECBCC26XX.oem4f (.text:AESECB_oneStepEncrypt)
                  000179d0    000000c8     driverlib.lib : aes.obj (.text:NOROM_AESWriteToKeyStore)
                  00017a98    000000c8     drivers_cc13x2_v1.aem4f : PowerCC26X2.oem4f (.text:Power_releaseDependency)
                  00017b60    000000c8     libopenthread_mtd.lib : announce_begin_server.obj (.text:_ZN2ot19AnnounceBeginServer11HandleTimerERNS_5TimerE)
                  00017c28    000000c6     radio.obj (.text:platformRadioProcessTransmitDone$16)
                  00017cee    00000002     --HOLE-- [fill = 0]
                  00017cf0    000000c4     drivers_cc13x2_v1.aem4f : PowerCC26X2.oem4f (.text:Power_setDependency)
                  00017db4    00000004     dpl_cc13x2_v1.aem4f : HwiP_tirtos.oem4f (.text:HwiP_enableInterrupt)
                  00017db8    000000c4     radio.obj (.text:otPlatRadioEnergyScan)
                  00017e7c    000000c2     libmbedcrypto.lib : bignum.obj (.text:mbedtls_mpi_sub_abs)
                  00017f3e    00000002     --HOLE-- [fill = 0]
                  00017f40    000000c0     drivers_cc13x2_v1.aem4f : UARTCC26XX.oem4f (.text:UARTCC26XX_initIO)
                  00018000    000000c0     libopenthread_mtd.lib : dataset_manager.obj (.text:_ZN2ot7MeshCoP14DatasetManager3SetERKNS0_7DatasetE)
                  000180c0    000000c0     libmbedcrypto.lib : ssl_tls.obj (.text:mbedtls_ssl_parse_finished)
                  00018180    000000be     libopenthread_mtd.lib : coap.obj (.text:_ZN2ot4Coap8CoapBase18SendHeaderResponseE10otCoapCodeRKNS0_6HeaderERKNS_3Ip611MessageInfoE)
                  0001823e    000000be                           : dataset.obj (.text:_ZN2ot7MeshCoP7Dataset3SetERKNS_7MessageEth)
                  000182fc    000000bc                           : mle.obj (.text:_ZN2ot3Mle3Mle30HandleMessageTransmissionTimerERNS_5TimerE)
                  000183b8    000000bc                           : coap.obj (.text:_ZN2ot4Coap14ResponsesQueue15EnqueueResponseERNS_7MessageERKNS_3Ip611MessageInfoE)
                  00018474    000000bc     rom_sysbios.aem4f : rom_sysbios.obj (.text:clock_gettime)
                  00018530    000000bc     libmbedcrypto.lib : md.obj (.text:mbedtls_md_hmac_starts)
                  000185ec    000000b8     display.aem4f : DisplaySharp.oem4f (.text:DisplaySharp_vprintf)
                  000186a4    000000b8     drivers_cc13x2_v1.aem4f : UARTCC26XX.oem4f (.text:UARTCC26XX_initHw)
                  0001875c    000000b6     libopenthread_mtd.lib : dataset_manager.obj (.text:_ZN2ot7MeshCoP14DatasetManager8RegisterEv)
                  00018812    00000002     --HOLE-- [fill = 0]
                  00018814    000000b4     dpl_cc13x2_v1.aem4f : PowerCC26X2_tirtos.oem4f (.text:PowerCC26XX_standbyPolicy)
                  000188c8    000000b4     otstack.obj (.text:handleNetifStateChanged)
                  0001897c    000000b2     libopenthread_mtd.lib : network_data_leader.obj (.text:_ZN2ot11NetworkData10LeaderBase10GetContextERKNS_3Ip67AddressERNS_6Lowpan7ContextE)
                  00018a2e    000000b2                           : ip6.obj (.text:_ZN2ot3Ip63Ip612AddMplOptionERNS_7MessageERNS0_6HeaderE)
                  00018ae0    000000b2                           : ip6.obj (.text:_ZN2ot3Ip63Ip620AddTunneledMplOptionERNS_7MessageERNS0_6HeaderERNS0_11MessageInfoE)
                  00018b92    000000b2                           : mle.obj (.text:_ZN2ot3Mle3Mle18HandleStateChangedERNS_8Notifier8CallbackEj)
                  00018c44    000000b1     rtsv7M4_T_le_v4SPD16_eabi.lib : _printfi_nf.c.obj (.text:_ltostr)
                  00018cf5    00000003     --HOLE-- [fill = 0]
                  00018cf8    000000b0     display.aem4f : DisplaySharp.oem4f (.text:DisplaySharp_control)
                  00018da8    000000b0     rf_multiMode_cc13x2_v1.aem4f : RFCC26X2_multiMode.oem4f (.text:RF_corePowerDown)
                  00018e58    000000b0     libopenthread_mtd.lib : thread_netif.obj (.text:_ZN2ot11ThreadNetifC1ERNS_8InstanceE)
                  00018f08    000000b0                           : mle.obj (.text:_ZN2ot3Mle3Mle13SetStateChildEt)
                  00018fb8    000000ae     nvoctp.obj (.text:NVOCTP_checkItem$24)
                  00019066    000000ac     rf_multiMode_cc13x2_v1.aem4f : RFCC26X2_multiMode.oem4f (.text:RF_initRadioSetup)
                  00019112    00000002     --HOLE-- [fill = 0]
                  00019114    000000ac     libopenthread_mtd.lib : dtls.obj (.text:_ZN2ot7MeshCoP4DtlsC1ERNS_8InstanceE)
                  000191c0    000000ac     libmbedcrypto.lib : ssl_tls.obj (.text:mbedtls_ssl_parse_change_cipher_spec)
                  0001926c    000000aa     display.aem4f : SharpGrLib.oem4f (.text:SharpGrLib_lineDrawH)
                  00019316    000000aa     libopenthread_mtd.lib : lowpan.obj (.text:_ZN2ot6Lowpan6Lowpan17CompressSourceIidERKNS_3Mac7AddressERKNS_3Ip67AddressERKNS0_7ContextERtPh)
                  000193c0    000000aa                           : lowpan.obj (.text:_ZN2ot6Lowpan6Lowpan22CompressDestinationIidERKNS_3Mac7AddressERKNS_3Ip67AddressERKNS0_7ContextERtPh)
                  0001946a    00000002     --HOLE-- [fill = 0]
                  0001946c    000000a8     driverlib.lib : pka.obj (.text:NOROM_PKABigNumModGetResult)
                  00019514    000000a8     libopenthread_mtd.lib : coap.obj (.text:_ZN2ot4Coap8CoapBase4StopEv)
                  000195bc    000000a8                           : instance.obj (.text:_ZN2ot8InstanceC1Ev)
                  00019664    00000004     dpl_cc13x2_v1.aem4f : HwiP_tirtos.oem4f (.text:HwiP_post)
                  00019668    000000a8     settings.obj (.text:otPlatSettingsGet)
                  00019710    000000a6     libopenthread_mtd.lib : message.obj (.text:_ZN2ot7Message5WriteEttPKv)
                  000197b6    00000002     --HOLE-- [fill = 0]
                  000197b8    000000a5                           : dataset_manager.obj (.text:_ZNK2ot7MeshCoP14DatasetManager3GetERKNS_4Coap6HeaderERKNS_7MessageERKNS_3Ip611MessageInfoE)
                  0001985d    00000003     --HOLE-- [fill = 0]
                  00019860    000000a4     driverlib.lib : pka.obj (.text:NOROM_PKABigNumModStart)
                  00019904    000000a4     libopenthread_mtd.lib : mle.obj (.text:_ZN2ot3Mle3Mle17SendParentRequestENS1_17ParentRequestTypeE)
                  000199a8    000000a4                           : coap_header.obj (.text:_ZN2ot4Coap6Header13GetNextOptionEv)
                  00019a4c    000000a4                           : ip6_filter.obj (.text:_ZNK2ot3Ip66Filter6AcceptERNS_7MessageE)
                  00019af0    000000a4     libmbedcrypto.lib : ssl_tls.obj (.text:mbedtls_ssl_flush_output)
                  00019b94    000000a0     driverlib.lib : pka.obj (.text:NOROM_PKABigNumSubStart)
                  00019c34    000000a0                   : pka.obj (.text:PKAWritePkaParam$115)
                  00019cd4    000000a0                   : pka.obj (.text:PKAWritePkaParamExtraOffset$115)
                  00019d74    000000a0     drivers_cc13x2_v1.aem4f : UARTCC26XX.oem4f (.text:UARTCC26XX_writeCancel)
                  00019e14    000000a0     libopenthread_mtd.lib : mac.obj (.text:_ZN2ot3Mac3Mac16PerformOperationEv)
                  00019eb4    000000a0                           : message.obj (.text:_ZNK2ot7Message4ReadEttPv)
                  00019f54    000000a0     auto_init.aem4f : auto_init.oem4f (.text)
                  00019ff4    000000a0     rom_sysbios.aem4f : rom_sysbios.obj (.text:ti_sysbios_knl_Task_setPri__E)
                  0001a094    0000009e     libopenthread_mtd.lib : mac_frame.obj (.text:_ZN2ot3Mac5Frame13InitMacHeaderEth)
                  0001a132    0000009e                           : mac_frame.obj (.text:_ZNK2ot3Mac5Frame16FindPayloadIndexEv)
                  0001a1d0    0000009c     grlib.a : line.obj (.text:Graphics_drawLineH)
                  0001a26c    0000009c     drivers_cc13x2_v1.aem4f : UARTCC26XX.oem4f (.text:UARTCC26XX_swiIntFxn)
                  0001a308    0000009c     rtsv7M4_T_le_v4SPD16_eabi.lib : memcpy_t2.asm.obj (.text)
                  0001a3a4    0000009a     libopenthread_mtd.lib : dataset_manager.obj (.text:_ZN2ot7MeshCoP14PendingDataset16HandleDelayTimerEv)
                  0001a43e    00000002     --HOLE-- [fill = 0]
                  0001a440    00000098     drivers_cc13x2_v1.aem4f : SHA2CC26X2.oem4f (.text:SHA2_finishHash)
                  0001a4d8    00000098     libopenthread_mtd.lib : ip6_api.obj (.text:otIp6AddUnicastAddress)
                  0001a570    00000098     rom_sysbios.aem4f : rom_sysbios.obj (.text:ti_sysbios_knl_Clock_workFuncDynamic__E)
                  0001a608    00000096     libopenthread_mtd.lib : mle.obj (.text:_ZN2ot3Mle3Mle26HandleDelayedResponseTimerEv)
                  0001a69e    00000096                           : coap_secure.obj (.text:_ZN2ot4Coap10CoapSecure14HandleDtlsSendEPvPKhth)
                  0001a734    00000096     rtsv7M4_T_le_v4SPD16_eabi.lib : ull_div_t2.asm.obj (.text)
                  0001a7ca    00000002     --HOLE-- [fill = 0]
                  0001a7cc    00000094     drivers_cc13x2_v1.aem4f : PINCC26XX.oem4f (.text:PIN_open)
                  0001a860    00000094                             : SPICC26X2DMA.oem4f (.text:SPICC26X2DMA_control)
                  0001a8f4    00000094     libopenthread_mtd.lib : timer.obj (.text:_ZN2ot10TimerMilli7StartAtEjj)
                  0001a988    00000094                           : mac.obj (.text:_ZN2ot3Mac3Mac16StartCsmaBackoffEv)
                  0001aa1c    00000094     libmbedcrypto.lib : ctr_drbg.obj (.text:mbedtls_ctr_drbg_random_with_add)
                  0001aab0    00000092     CC1352R1_LAUNCHXL_fxns.obj (.text:CC1352R1_LAUNCHXL_shutDownExtFlash)
                  0001ab42    00000002     --HOLE-- [fill = 0]
                  0001ab44    00000090     rf_multiMode_cc13x2_v1.aem4f : RFCC26X2_multiMode.oem4f (.text:RF_discardPendCmd)
                  0001abd4    00000090     drivers_cc13x2_v1.aem4f : SHA2CC26X2.oem4f (.text:SHA2_oneStepHash)
                  0001ac64    00000090                             : SHA2CC26X2.oem4f (.text:SHA2_processHash)
                  0001acf4    00000090                             : SHA2CC26X2.oem4f (.text:SHA2_startHash)
                  0001ad84    00000090     display.aem4f : SharpGrLib.oem4f (.text:SharpGrLib_clearScreen)
                  0001ae14    00000090     libopenthread_mtd.lib : mle.obj (.text:_ZN2ot3Mle3Mle20PrepareAnnounceStateEv)
                  0001aea4    00000090     libmbedcrypto.lib : ssl_tls.obj (.text:ssl_calc_finished_tls_sha256$103)
                  0001af34    00000090     drivers_cc13x2_v1.aem4f : UARTCC26XX.oem4f (.text:writeTxFifoFlush)
                  0001afc4    00000004     dpl_cc13x2_v1.aem4f : HwiP_tirtos.oem4f (.text:HwiP_setFunc)
                  0001afc8    0000008c     nvoctp.obj (.text:NVOCTP_writeItemApi$24)
                  0001b054    0000008c     libopenthread_mtd.lib : mle.obj (.text:_ZN2ot3Mle3Mle18SendOrphanAnnounceEv)
                  0001b0e0    0000008c                           : coap.obj (.text:_ZN2ot4Coap12CoapMetadataC1EbRKNS_3Ip611MessageInfoEPFYvPvP12otCoapHeaderP9otMessagePK13otMessageInfo7otErrorES6_)
                  0001b16c    0000008c                           : aes_ccm.obj (.text:_ZN2ot6Crypto6AesCcm6HeaderEPKvj)
                  0001b1f8    0000008c     libmbedcrypto.lib : entropy.obj (.text:entropy_gather_internal$96)
                  0001b284    0000008c     rom_sysbios.aem4f : rom_sysbios.obj (.text:ti_sysbios_gates_GateMutexPri_enter__E)
                  0001b310    0000008a     rf_multiMode_cc13x2_v1.aem4f : RFCC26X2_multiMode.oem4f (.text:RF_schChkCmdInsert)
                  0001b39a    0000008a     libopenthread_mtd.lib : timestamp.obj (.text:_ZNK2ot7MeshCoP9Timestamp7CompareERKS1_)
                  0001b424    00000088     drivers_cc13x2_v1.aem4f : AESECBCC26XX.oem4f (.text:AESECB_open)
                  0001b4ac    00000088                             : ECJPAKECC26X2.oem4f (.text:ECJPAKE_open)
                  0001b534    00000088     driverlib.lib : osc.obj (.text:NOROM_OSCHF_AttemptToSwitchToXosc)
                  0001b5bc    00000088     rf_multiMode_cc13x2_v1.aem4f : RFCC26X2_multiMode.oem4f (.text:RF_ratFreeChannel)
                  0001b644    00000088     drivers_cc13x2_v1.aem4f : SHA2CC26X2.oem4f (.text:SHA2_open)
                  0001b6cc    00000088     libopenthread_mtd.lib : message.obj (.text:_ZNK2ot7Message5CloneEt)
                  0001b754    00000088     rom_sysbios.aem4f : rom_sysbios.obj (.text:_pthread_removeThreadKeys)
                  0001b7dc    00000088     drivers_cc13x2_v1.aem4f : PowerCC26X2_calibrateRCOSC.oem4f (.text:calibrateRcoscHf2)
                  0001b864    00000004     dpl_cc13x2_v1.aem4f : HwiP_tirtos.oem4f (.text:HwiP_setPriority)
                  0001b868    00000088     radio.obj (.text:otPlatRadioReceive)
                  0001b8f0    00000086     rtsv7M4_T_le_v4SPD16_eabi.lib : fd_cmp_t2.asm.obj (.text:__aeabi_cdcmple)
                  0001b976    00000086                                   : fd_cmp_t2.asm.obj (.text:__aeabi_cdrcmple)
                  0001b9fc    00000004     driverlib.lib : rfc.obj (.text:NOROM_RFCOverrideUpdate)
                  0001ba00    00000086     random.obj (.text:fillRandomPool$17)
                  0001ba86    00000002     --HOLE-- [fill = 0]
                  0001ba88    00000084     driverlib.lib : pka.obj (.text:NOROM_PKAEccMultiplyStart)
                  0001bb0c    00000084     rf_multiMode_cc13x2_v1.aem4f : RFCC26X2_multiMode.oem4f (.text:RF_hwiHw)
                  0001bb90    00000084     drivers_cc13x2_v1.aem4f : UARTCC26XX.oem4f (.text:UARTCC26XX_close)
                  0001bc14    00000004                             : RingBuf.oem4f (.text:RingBuf_getCount)
                  0001bc18    00000084     sha256_alt.obj (.text:mbedtls_internal_sha256_process)
                  0001bc9c    00000004     dpl_cc13x2_v1.aem4f : SemaphoreP_tirtos.oem4f (.text:SemaphoreP_destruct)
                  0001bca0    00000084     sha256_alt.obj (.text:mbedtls_sha256_update_ret)
                  0001bd24    00000084     rom_sysbios.aem4f : rom_sysbios.obj (.text:pthread_mutex_init)
                  0001bda8    00000082     libopenthread_mtd.lib : link_quality.obj (.text:_ZN2ot11RssAverager3AddEa)
                  0001be2a    00000082                           : lowpan.obj (.text:_ZN2ot6Lowpan6Lowpan10ComputeIidERKNS_3Mac7AddressERKNS0_7ContextERNS_3Ip67AddressE)
                  0001beac    00000082                           : dataset.obj (.text:_ZN2ot7MeshCoP7Dataset3SetERKNS0_3TlvE)
                  0001bf2e    00000002     --HOLE-- [fill = 0]
                  0001bf30    00000080     driverlib.lib : pka.obj (.text:NOROM_PKAEccAddStart)
                  0001bfb0    00000080     drivers_cc13x2_v1.aem4f : NVSCC26XX.oem4f (.text:NVSCC26XX_open)
                  0001c030    00000080     rf_multiMode_cc13x2_v1.aem4f : RFCC26X2_multiMode.oem4f (.text:RF_yield)
                  0001c0b0    00000080     libopenthread_mtd.lib : dataset_manager.obj (.text:_ZN2ot7MeshCoP14DatasetManager7RestoreEv)
                  0001c130    00000080                           : message.obj (.text:_ZN2ot7Message11SetPriorityEh)
                  0001c1b0    00000080                           : message.obj (.text:_ZN2ot7Message9SetLengthEt)
                  0001c230    00000080     rom_sysbios.aem4f : rom_sysbios.obj (.text:ti_sysbios_family_arm_cc26xx_Timer_start__E)
                  0001c2b0    0000007e     otstack.obj (.text:OtStack_taskCreate)
                  0001c32e    0000007e     libmbedcrypto.lib : ctr_drbg.obj (.text:ctr_drbg_update_internal$93)
                  0001c3ac    0000007c     libopenthread_mtd.lib : network_data_leader.obj (.text:_ZN2ot11NetworkData10LeaderBase10GetContextEhRNS_6Lowpan7ContextE)
                  0001c428    0000007c                           : data_poll_manager.obj (.text:_ZN2ot15DataPollManager16ScheduleNextPollENS0_18PollPeriodSelectorE)
                  0001c4a4    0000007c                           : mle.obj (.text:_ZN2ot3Mle3Mle22AppendPendingTimestampERNS_7MessageE)
                  0001c520    0000007c                           : dataset_manager.obj (.text:_ZN2ot7MeshCoP14DatasetManager11HandleTimerEv)
                  0001c59c    0000007c                           : message.obj (.text:_ZNK2ot7Message14UpdateChecksumEttt)
                  0001c618    0000007c     drivers_cc13x2_v1.aem4f : PowerCC26X2_calibrateRCOSC.oem4f (.text:updateSubSecInc)
                  0001c694    0000007a     libopenthread_mtd.lib : mle.obj (.text:_ZN2ot3Mle3Mle5StartEbb)
                  0001c70e    00000002     --HOLE-- [fill = 0]
                  0001c710    0000007a     ecjpake_alt.obj (.text:mbedtls_ecjpake_read_round_one)
                  0001c78a    0000007a     rtsv7M4_T_le_v4SPD16_eabi.lib : memset_t2.asm.obj (.text)
                  0001c804    00000078     drivers_cc13x2_v1.aem4f : ECJPAKECC26X2.oem4f (.text:ECJPAKE_computeSharedSecret)
                  0001c87c    00000078                             : ECJPAKECC26X2.oem4f (.text:ECJPAKE_roundTwoGenerateKeys)
                  0001c8f4    00000078     rf_multiMode_cc13x2_v1.aem4f : RFCC26X2_multiMode.oem4f (.text:RF_howToSchedule)
                  0001c96c    00000078                                  : RFCC26X2_multiMode.oem4f (.text:RF_ratDispatchTime)
                  0001c9e4    00000078     libopenthread_diag_mtd.lib : diag_process.obj (.text:_ZN2ot11Diagnostics4Diag15DiagReceiveDoneEP10otInstanceP12otRadioFrame7otError)
                  0001ca5c    00000078     libmbedcrypto.lib : cipher.obj (.text:mbedtls_cipher_update)
                  0001cad4    00000078                       : bignum.obj (.text:mbedtls_mpi_cmp_abs)
                  0001cb4c    00000076     libopenthread_mtd.lib : tlvs.obj (.text:_ZN2ot3Tlv9GetOffsetERKNS_7MessageEhRt)
                  0001cbc2    00000076                           : dataset_manager.obj (.text:_ZN2ot7MeshCoP14PendingDataset15StartDelayTimerEv)
                  0001cc38    00000076                           : joiner.obj (.text:_ZN2ot7MeshCoP6Joiner25SendJoinerEntrustResponseERKNS_4Coap6HeaderERKNS_3Ip611MessageInfoE)
                  0001ccae    00000076     libmbedcrypto.lib : ctr_drbg.obj (.text:mbedtls_ctr_drbg_reseed)
                  0001cd24    00000074     drivers_cc13x2_v1.aem4f : ADCCC26XX.oem4f (.text:ADCCC26XX_open)
                  0001cd98    00000074     driverlib.lib : pka.obj (.text:PKAGetBigNumResult$115)
                  0001ce0c    00000074     drivers_cc13x2_v1.aem4f : PowerCC26X2_calibrateRCOSC.oem4f (.text:PowerCC26X2_auxISR)
                  0001ce80    00000074     rf_multiMode_cc13x2_v1.aem4f : RFCC26X2_multiMode.oem4f (.text:RF_issueRadioFreeCb)
                  0001cef4    00000074     libopenthread_mtd.lib : joiner.obj (.text:_ZN2ot7MeshCoP6Joiner8CompleteE7otError)
                  0001cf68    00000074     alarm.obj (.text:otPlatAlarmMilliStartAt)
                  0001cfdc    00000004     dpl_cc13x2_v1.aem4f : SemaphoreP_tirtos.oem4f (.text:SemaphoreP_post)
                  0001cfe0    00000074     settings.obj (.text:otPlatSettingsSet)
                  0001d054    00000074     rom_sysbios.aem4f : rom_sysbios.obj (.text:ti_sysbios_gates_GateMutexPri_leave__E)
                  0001d0c8    00000072     nvoctp.obj (.text:NVOCTP_copyItem$24)
                  0001d13a    00000006     display.aem4f : DisplayUart.oem4f (.text:DisplayUartMin_getType)
                  0001d140    00000072     nvoctp.obj (.text:NVOCTP_readItem$24)
                  0001d1b2    00000072     rf_multiMode_cc13x2_v1.aem4f : RFCC26X2_multiMode.oem4f (.text:RF_detachOverrides)
                  0001d224    00000072     libopenthread_mtd.lib : mle.obj (.text:_ZN2ot3Mle3Mle16SetStateDetachedEv)
                  0001d296    00000072     drivers_cc13x2_v1.aem4f : SPICC26X2DMA.oem4f (.text:csnCallback)
                  0001d308    00000070                             : ECJPAKECC26X2.oem4f (.text:ECJPAKE_generateZKP)
                  0001d378    00000070                             : ECJPAKECC26X2.oem4f (.text:ECJPAKE_roundOneGenerateKeys)
                  0001d3e8    00000070                             : ECJPAKECC26X2.oem4f (.text:ECJPAKE_verifyZKP)
                  0001d458    00000070     driverlib.lib : rfc.obj (.text:NOROM_RFCAnaDivTxOverride)
                  0001d4c8    0000006e     nvoctp.obj (.text:NVOCTP_findOffset$24)
                  0001d536    0000006e     rf_multiMode_cc13x2_v1.aem4f : RFCC26X2_multiMode.oem4f (.text:RF_attachOverrides)
                  0001d5a4    0000006e     libopenthread_mtd.lib : key_manager.obj (.text:_ZN2ot10KeyManager21SetCurrentKeySequenceEj)
                  0001d612    00000006     display.aem4f : Display.oem4f (.text:Display_doParamsInit)
                  0001d618    0000006e     radio.obj (.text:otPlatRadioSetExtendedAddress)
                  0001d686    00000002     --HOLE-- [fill = 0]
                  0001d688    0000006d     rom_sysbios.aem4f : rom_sysbios.obj (.text:xdc_runtime_System_formatNum__I)
                  0001d6f5    00000003     --HOLE-- [fill = 0]
                  0001d6f8    0000006c     grlib.a : image.obj (.text:Graphics_convertPalette)
                  0001d764    00000004     dpl_cc13x2_v1.aem4f : SwiP_tirtos.oem4f (.text:SwiP_destruct)
                  0001d768    0000006c     keys_utils.obj (.text:KeysUtils_initialize)
                  0001d7d4    0000006c     drivers_cc13x2_v1.aem4f : PINCC26XX.oem4f (.text:PIN_add)
                  0001d840    0000006c                             : UARTCC26XX.oem4f (.text:UARTCC26XX_readCancel)
                  0001d8ac    0000006c     libopenthread_mtd.lib : energy_scan_server.obj (.text:_ZN2ot16EnergyScanServerC1ERNS_8InstanceE)
                  0001d918    0000006c     libmbedcrypto.lib : bignum.obj (.text:mbedtls_mpi_copy)
                  0001d984    0000006c                       : ssl_cookie.obj (.text:mbedtls_ssl_cookie_check)
                  0001d9f0    0000006a     libopenthread_mtd.lib : network_data_leader.obj (.text:_ZN2ot11NetworkData10LeaderBase14SetNetworkDataEhhbRKNS_7MessageEt)
                  0001da5a    0000006a                           : message.obj (.text:_ZN2ot7Message7PrependEPKvt)
                  0001dac4    00000004     dpl_cc13x2_v1.aem4f : SwiP_tirtos.oem4f (.text:SwiP_disable)
                  0001dac8    0000006a     ecjpake_alt.obj (.text:ecjpake_k_zkp_read$21)
                  0001db32    00000002     --HOLE-- [fill = 0]
                  0001db34    00000068     driverlib.lib : osc.obj (.text:NOROM_OSCHF_SwitchToRcOscTurnOffXosc)
                  0001db9c    00000068     rf_multiMode_cc13x2_v1.aem4f : RFCC26X2_multiMode.oem4f (.text:RF_getCurrentTime)
                  0001dc04    00000068     libopenthread_mtd.lib : message.obj (.text:_ZN2ot12MessageQueue7DequeueERNS_7MessageE)
                  0001dc6c    00000068                           : mesh_forwarder.obj (.text:_ZN2ot13MeshForwarder22HandleDiscoverCompleteEv)
                  0001dcd4    00000068                           : mesh_forwarder.obj (.text:_ZN2ot13MeshForwarder24GetMacDestinationAddressERKNS_3Ip67AddressERNS_3Mac7AddressE)
                  0001dd3c    00000068     rtsv7M4_T_le_v4SPD16_eabi.lib : copy_decompress_lzss.c.obj (.text:decompress:lzss:__TI_decompress_lzss)
                  0001dda4    00000068     libmbedcrypto.lib : entropy.obj (.text:entropy_update$96)
                  0001de0c    00000068                       : ecp.obj (.text:mbedtls_ecp_group_free)
                  0001de74    00000068                       : ssl_tls.obj (.text:mbedtls_ssl_handshake_wrapup)
                  0001dedc    00000066     libopenthread_mtd.lib : message.obj (.text:_ZN2ot11MessagePool3NewEht)
                  0001df42    00000066                           : mac.obj (.text:_ZN2ot3Mac3Mac17PerformActiveScanEv)
                  0001dfa8    00000066                           : coap.obj (.text:_ZN2ot4Coap8CoapBase16SendEmptyMessageE10otCoapTypeRKNS0_6HeaderERKNS_3Ip611MessageInfoE)
                  0001e00e    00000002     --HOLE-- [fill = 0]
                  0001e010    00000066     radio.obj (.text:otPlatRadioSetPanId)
                  0001e076    00000002     --HOLE-- [fill = 0]
                  0001e078    00000066     radio.obj (.text:otPlatRadioSetShortAddress)
                  0001e0de    00000002     --HOLE-- [fill = 0]
                  0001e0e0    00000066     radio.obj (.text:otPlatRadioSleep)
                  0001e146    00000002     --HOLE-- [fill = 0]
                  0001e148    00000064     drivers_cc13x2_v1.aem4f : ADCCC26XX.oem4f (.text:ADCCC26XX_convertToMicroVolts)
                  0001e1ac    00000064                             : CryptoResourceCC26XX.oem4f (.text:CryptoResourceCC26XX_constructRTOSObjects)
                  0001e210    00000064     nvoctp.obj (.text:NVOCTP_readItemApi$24)
                  0001e274    00000064     drivers_cc13x2_v1.aem4f : PKAResourceCC26XX.oem4f (.text:PKAResourceCC26XX_constructRTOSObjects)
                  0001e2d8    00000064                             : UARTCC26XX.oem4f (.text:UARTCC26XX_control)
                  0001e33c    00000004     dpl_cc13x2_v1.aem4f : SwiP_tirtos.oem4f (.text:SwiP_getTrigger)
                  0001e340    00000064     radio.obj (.text:applyIeee802154Patch$16)
                  0001e3a4    00000064     libmbedcrypto.lib : bignum.obj (.text:mbedtls_mpi_grow)
                  0001e408    00000064                       : ssl_tls.obj (.text:mbedtls_ssl_handshake_free)
                  0001e46c    00000064                       : ssl_cookie.obj (.text:ssl_cookie_hmac$101)
                  0001e4d0    00000062     libopenthread_mtd.lib : mesh_forwarder.obj (.text:_ZN2ot13MeshForwarder19HandleDiscoverTimerERNS_5TimerE)
                  0001e532    00000062                           : link_quality.obj (.text:_ZN2ot15LinkQualityInfo6AddRssEaa)
                  0001e594    00000062                           : mle.obj (.text:_ZN2ot3Mle3Mle13SetLeaderDataEjhh)
                  0001e5f6    00000002     --HOLE-- [fill = 0]
                  0001e5f8    00000062     radio.obj (.text:otPlatRadioGetIeeeEui64)
                  0001e65a    00000002     --HOLE-- [fill = 0]
                  0001e65c    00000060     drivers_cc13x2_v1.aem4f : GPIOCC26XX.oem4f (.text:GPIO_write)
                  0001e6bc    00000004     dpl_cc13x2_v1.aem4f : SwiP_tirtos.oem4f (.text:SwiP_or)
                  0001e6c0    00000060     nvoctp.obj (.text:NVOCTP_doNVCRC$24)
                  0001e720    00000060     rf_multiMode_cc13x2_v1.aem4f : RFCC26X2_multiMode.oem4f (.text:RF_ratArmChannel)
                  0001e780    00000060     libopenthread_mtd.lib : key_manager.obj (.text:_ZN2ot10KeyManager12SetMasterKeyERK11otMasterKey)
                  0001e7e0    00000060                           : mesh_forwarder.obj (.text:_ZN2ot13MeshForwarder21HandleReassemblyTimerERNS_5TimerE)
                  0001e840    00000060                           : netif.obj (.text:_ZN2ot3Ip65Netif28UnsubscribeExternalMulticastERKNS0_7AddressE)
                  0001e8a0    00000060                           : coap.obj (.text:_ZN2ot4Coap14ResponsesQueue11HandleTimerEv)
                  0001e900    00000060                           : dataset_manager.obj (.text:_ZN2ot7MeshCoP14PendingDatasetC1ERNS_8InstanceE)
                  0001e960    00000060                           : joiner.obj (.text:_ZN2ot7MeshCoP6JoinerC1ERNS_8InstanceE)
                  0001e9c0    00000060     libmbedcrypto.lib : md.obj (.text:mbedtls_md_hmac_finish)
                  0001ea20    00000060     radio.obj (.text:otPlatRadioEnable)
                  0001ea80    00000060     rom_sysbios.aem4f : rom_sysbios.obj (.text:pthread_mutex_unlock)
                  0001eae0    0000005e     nvoctp.obj (.text:NVOCTP_createItemApi$24)
                  0001eb3e    0000005e     libopenthread_mtd.lib : netif.obj (.text:_ZN2ot3Ip65Netif28RemoveExternalUnicastAddressERKNS0_7AddressE)
                  0001eb9c    0000005e                           : mle.obj (.text:_ZN2ot3Mle3Mle18AddDelayedResponseERNS_7MessageERKNS_3Ip67AddressEt)
                  0001ebfa    00000002     --HOLE-- [fill = 0]
                  0001ebfc    0000005c     display.aem4f : Display.oem4f (.text:Display_doOpen)
                  0001ec58    0000005c     driverlib.lib : chipinfo.obj (.text:NOROM_ChipInfo_GetChipType)
                  0001ecb4    0000005c     drivers_cc13x2_v1.aem4f : PINCC26XX.oem4f (.text:PIN_remove)
                  0001ed10    0000005c     rf_multiMode_cc13x2_v1.aem4f : RFCC26X2_multiMode.oem4f (.text:RF_dispatchNextEvent)
                  0001ed6c    0000005c                                  : RFCC26X2_multiMode.oem4f (.text:RF_fsmXOSCState)
                  0001edc8    0000005c                                  : RFCC26X2_multiMode.oem4f (.text:RF_hwiCpe0PowerFsm)
                  0001ee24    0000005c     drivers_cc13x2_v1.aem4f : SHA2CC26X2.oem4f (.text:SHA2_waitForResult)
                  0001ee80    0000005c     libopenthread_mtd.lib : mac.obj (.text:_ZN2ot3Mac3Mac14SetNetworkNameEPKch)
                  0001eedc    0000005c                           : mle.obj (.text:_ZN2ot3Mle3Mle11GetNeighborERKNS_3Mac10ExtAddressE)
                  0001ef38    0000005c     drivers_cc13x2_v1.aem4f : NVSCC26XX.oem4f (.text:doErase)
                  0001ef94    0000005c                             : SPICC26X2DMA.oem4f (.text:initHw)
                  0001eff0    0000005c     sha256_alt.obj (.text:mbedtls_sha256_finish_ret)
                  0001f04c    00000004     dpl_cc13x2_v1.aem4f : SwiP_tirtos.oem4f (.text:SwiP_post)
                  0001f050    0000005c     sha256_alt.obj (.text:mbedtls_sha256_starts_ret)
                  0001f0ac    0000005c     rom_sysbios.aem4f : rom_sysbios.obj (.text:ti_sysbios_heaps_HeapMem_initPrimary__I)
                  0001f108    0000005c     release_pem4f.oem4f (.text:xdc_runtime_Startup_getState__I)
                  0001f164    0000005a     rom_sysbios.aem4f : rom_sysbios.obj (.text:pthread_cancel)
                  0001f1be    00000002     --HOLE-- [fill = 0]
                  0001f1c0    00000058     drivers_cc13x2_v1.aem4f : PowerCC26X2_calibrateRCOSC.oem4f (.text:PowerCC26X2_initiateCalibration)
                  0001f218    00000058     rf_multiMode_cc13x2_v1.aem4f : RFCC26X2_multiMode.oem4f (.text:RF_TxPowerTable_findValue)
                  0001f270    00000058                                  : RFCC26X2_multiMode.oem4f (.text:RF_cmdDispatchTime)
                  0001f2c8    00000058     display.aem4f : SharpGrLib.oem4f (.text:SharpGrLib_lineDrawV)
                  0001f320    00000058     libopenthread_mtd.lib : key_manager.obj (.text:_ZN2ot10KeyManager10ComputeKeyEjPh)
                  0001f378    00000058                           : key_manager.obj (.text:_ZN2ot10KeyManagerC1ERNS_8InstanceE)
[...]
1003bf89  xdc_runtime_Gate_enterSystem__E                                                                                                    
1003bf8d  xdc_runtime_SysCallback_Module__startupDone__S                                                                                     
1003bf8d  xdc_runtime_System_SupportProxy_Module__startupDone__S                                                                             
1003bf91  xdc_runtime_System_Module_GateProxy_enter__E                                                                                       
1003bf95  xdc_runtime_System_Module_GateProxy_leave__E                                                                                       
1003bf99  xdc_runtime_System_abortSpin__E                                                                                                    
1003bf9b  xdc_runtime_System_exitSpin__E                                                                                                     
1003bf9d  ti_sysbios_family_arm_m3_Hwi_dispatch__I                                                                                           
1003c095  ti_sysbios_family_arm_m3_TaskSupport_buildTaskStack                                                                                
1003c121  ti_sysbios_family_arm_m3_Hwi_initStacks__E                                                                                         
1003c179  ti_sysbios_family_arm_m3_Hwi_pendSV__I                                                                                             
1003c19d  ti_sysbios_family_arm_m3_Hwi_return                                                                                                
1003c1a1  ti_sysbios_family_arm_m3_Hwi_excHandlerAsm__I                                                                                      
1003c1c1  ti_sysbios_family_xxx_Hwi_switchAndRunFunc                                                                                         
1003c1df  ti_sysbios_family_arm_m3_TaskSupport_swap__E                                                                                       
1003c1df  ti_sysbios_knl_Task_SupportProxy_swap__E                                                                                           
1003c1df  ti_sysbios_knl_Task_SupportProxy_swap__E__mangled__                                                                                
1003c1eb  ti_sysbios_knl_Task_swapReturn                                                                                                     
1003c1f7  ti_sysbios_family_arm_m3_TaskSupport_glue                                                                                          
1003c208  ti_sysbios_knl_Task_Object__PARAMS__C                                                                                              
1003c244  ti_sysbios_knl_Mailbox_Object__PARAMS__C                                                                                           
1003c278  ti_sysbios_family_arm_m3_Hwi_Object__PARAMS__C                                                                                     
1003c2a8  ti_sysbios_hal_Hwi_Object__PARAMS__C                                                                                               
1003c2d4  ti_sysbios_knl_Swi_Object__PARAMS__C                                                                                               
1003c2fc  ti_sysbios_heaps_HeapMem_Object__PARAMS__C                                                                                         
1003c320  ti_sysbios_knl_Clock_Object__PARAMS__C                                                                                             
1003c344  ti_sysbios_knl_Semaphore_Object__PARAMS__C                                                                                         
1003c368  ti_sysbios_gates_GateHwi_Object__PARAMS__C                                                                                         
1003c380  ti_sysbios_gates_GateMutex_Object__PARAMS__C                                                                                       
1003c398  ti_sysbios_knl_Event_Object__PARAMS__C                                                                                             
1003c3b0  ti_sysbios_knl_Queue_Object__PARAMS__C                                                                                             
20000000  ti_sysbios_family_arm_m3_Hwi_ramVectors                                                                                            
20000100  xdcRomConstPtr                                                                                                                     
20000104  xdcRomExternFuncPtr                                                                                                                
20000108  xdcRomStatePtr                                                                                                                     
20000110  __primary_heap_start__                                                                                                             
20001110  __primary_heap_end__                                                                                                               
20005f28  uartCC26XXObjects                                                                                                                  
20006178  ti_sysbios_knl_Task_Instance_State_0_stack__A                                                                                      
20006538  spiCC26X2DMAObjects                                                                                                                
200066d8  _ZN2ot11Diagnostics4Diag8sTxPowerE                                                                                                 
200066d9  _ZN2ot11Diagnostics4Diag8sChannelE                                                                                                 
200066da  _ZN2ot11Diagnostics4Diag6sTxLenE                                                                                                   
200066db  _ZN2ot11Diagnostics4Diag13sRepeatActiveE                                                                                           
200066dc  _ZN2ot11Diagnostics4Diag9sTxPeriodE                                                                                                
200066e0  _ZN2ot11Diagnostics4Diag10sTxPacketsE                                                                                              
200066e4  _ZN2ot11Diagnostics4Diag9sTxPacketE                                                                                                
200066e8  _ZN2ot11Diagnostics4Diag9sInstanceE                                                                                                
200066ec  _ZN2ot11Diagnostics4Diag6sStatsE                                                                                                   
200066f8  _ZN2ot11Diagnostics4Diag7sOutputE                                                                                                  
200067f8  ti_sysbios_family_arm_m3_Hwi_dispatchTable                                                                                         
200068d0  adcCC26xxObjects                                                                                                                   
20006a18  pinHandleTable                                                                                                                     
20006b58  ecjpakeCC26X2Objects                                                                                                               
20006bac  sha2CC26X2Objects                                                                                                                  
20006bfc  aesecbCC26XXObjects                                                                                                                
20006c48  displaySharpObject                                                                                                                 
20006c8c  uartCC26XXRingBuffer                                                                                                               
20006f0c  udmaObjects                                                                                                                        
20006fb8  CryptoResourceCC26XX_accessSemaphore                                                                                               
20006fd4  CryptoResourceCC26XX_hwi                                                                                                           
20006ff0  CryptoResourceCC26XX_operationSemaphore                                                                                            
2000700c  PKAResourceCC26XX_accessSemaphore                                                                                                  
20007028  PKAResourceCC26XX_hwi                                                                                                              
20007044  PKAResourceCC26XX_operationSemaphore                                                                                               
20007174  displayUartObject                                                                                                                  
20007194  ClockP_tickPeriod                                                                                                                  
20007198  PowerCC26XX_swiKey                                                                                                                 
2000719c  PowerCC26XX_taskKey                                                                                                                
200071a0  nvsCC26xxObjects                                                                                                                   
200071a6  driverlib_release_0_52354                                                                                                          
2000868c  gpioPinHandle2                                                                                                                     
20008f44  pOverrides                                                                                                                         
20008f80  txPowerTable                                                                                                                       
20009368  ROM_stateStruct                                                                                                                    
20009368  ti_sysbios_knl_Clock_Module__state__V                                                                                              
20009394  ti_sysbios_family_arm_cc26xx_TimestampProvider_Module__state__V                                                                    
20009398  xdc_runtime_Startup_Module__state__V                                                                                               
200093a0  ti_sysbios_BIOS_Module__state__V                                                                                                   
200093c4  ti_sysbios_knl_Swi_Module__state__V                                                                                                
200093e0  ti_sysbios_knl_Task_Module__state__V                                                                                               
20009424  xdc_runtime_Memory_Module__state__V                                                                                                
20009428  xdc_runtime_System_Module__state__V                                                                                                
20009430  ti_sysbios_family_arm_m3_Hwi_Module__state__V                                                                                      
20009464  xdc_runtime_Error_Module__state__V                                                                                                 
20009468  ti_sysbios_family_arm_cc26xx_Timer_Module__state__V                                                                                
20009470  PowerCC26X2_module                                                                                                                 
200095c0  ti_sysbios_gates_GateMutex_Object__table__V                                                                                        
20009614  ti_sysbios_knl_Task_Object__table__V                                                                                               
20009660  ti_sysbios_family_arm_cc26xx_Timer_Object__table__V                                                                                
20009720  ti_sysbios_knl_Swi_Module_State_0_readyQ__A                                                                                        
20009750  ti_sysbios_knl_Swi_Object__table__V                                                                                                
20009780  ti_sysbios_knl_Task_Module_State_0_readyQ__A                                                                                       
200097dc  gpioPinConfigs                                                                                                                     
20009854  ti_sysbios_knl_Clock_Object__table__V                                                                                              
20009874  xdc_runtime_Error_IgnoreBlock                                                                                                      
200098ac  ti_sysbios_family_arm_m3_Hwi_Object__table__V                                                                                      
200098c4  ti_sysbios_heaps_HeapMem_Object__table__V                                                                                          
200098fc  gpioCallbackFunctions                                                                                                              
2000991c  lcdHandle                                                                                                                          
20009920  serialHandle                                                                                                                       
2000992c  mbedtls_calloc                                                                                                                     
20009930  mbedtls_free                                                                                                                       
20009934  _lock                                                                                                                              
20009938  _unlock                                                                                                                            
20009944  pinUpperBound                                                                                                                      
20009948  pinLowerBound                                                                                                                      
2000994c  ti_sysbios_family_arm_cc26xx_Seconds_Module__state__V                                                                              
20009954  ti_sysbios_family_arm_m3_Hwi_Module__root__V                                                                                       
2000995c  ti_sysbios_gates_GateHwi_Module__root__V                                                                                           
20009964  ti_sysbios_gates_GateMutexPri_Module__root__V                                                                                      
2000996c  ti_sysbios_gates_GateMutex_Module__root__V                                                                                         
20009974  ti_sysbios_hal_Hwi_Module__root__V                                                                                                 
2000997c  ti_sysbios_heaps_HeapMem_Module__root__V                                                                                           
20009984  ti_sysbios_knl_Clock_Module__root__V                                                                                               
2000998c  ti_sysbios_knl_Event_Module__root__V                                                                                               
20009994  ti_sysbios_knl_Mailbox_Module__root__V                                                                                             
2000999c  ti_sysbios_knl_Queue_Module__root__V                                                                                               
200099a4  ti_sysbios_knl_Semaphore_Module__root__V                                                                                           
200099ac  ti_sysbios_knl_Swi_Module__root__V                                                                                                 
200099b4  ti_sysbios_knl_Task_Module__root__V                                                                                                
200099bc  xdc_runtime_System_Module_State_0_atexitHandlers__A                                                                                
200099d4  main_func_sp                                                                                                                       
200099d8  ti_sysbios_family_arm_m3_Hwi_Module_State_0_excContext__A                                                                          
200099dc  ti_sysbios_family_arm_m3_Hwi_Module_State_0_excStack__A                                                                            
200099e0  ti_sysbios_knl_Task_Module_State_0_idleTask__A                                                                                     
200099e6  CryptoResourceCC26XX_pollingFlag                                                                                                   
200099e8  PKAResourceCC26XX_pollingFlag                                                                                                      
200099ea  ti_sysbios_family_arm_m3_Hwi_Module_State_0_excActive__A                                                                           
20013c00  __stack                                                                                                                            
20014000  __STACK_END                                                                                                                        
e000e000  ti_sysbios_family_arm_m3_Hwi_nvic                                                                                                  
ffffffff  __TI_pprof_out_hndl                                                                                                                
ffffffff  __TI_prof_data_size                                                                                                                
ffffffff  __TI_prof_data_start                                                                                                               
ffffffff  __binit__                                                                                                                          
ffffffff  __c_args__                                                                                                                         
ffffffff  binit                                                                                                                              
UNDEFED   SHT$$INIT_ARRAY$$Base                                                                                                              
UNDEFED   SHT$$INIT_ARRAY$$Limit                                                                                                             

[1825 symbols]
