******************************************************************************
                  TI ARM Linker Unix v18.1.4                   
******************************************************************************
>> Linked Tue Feb 12 14:55:50 2019

OUTPUT FILE NAME:   <light_sensor_CC1352R1_LAUNCHXL_tirtos_ccs.out>
ENTRY POINT SYMBOL: "ResetISR"  address: 00020a39


MEMORY CONFIGURATION

         name            origin    length      used     unused   attr    fill
----------------------  --------  ---------  --------  --------  ----  --------
  FLASH                 00000000   00058000  0002de08  0002a1f8  R  X
  GPRAM                 11000000   00002000  00000000  00002000  RW X
  SRAM                  20000000   00014000  00008c55  0000b3ab  RW X


SEGMENT ALLOCATION MAP

run origin  load origin   length   init length attrs members
----------  ----------- ---------- ----------- ----- -------
00000000    00000000    00029db8   00029db8    r-x
  00000000    00000000    0000003c   0000003c    r-- .resetVecs
  0000003c    0000003c    00000004   00000004    r-- .const.1
  00000040    00000040    00027bf4   00027bf4    r-x .text.1
  00027c34    00027c34    00000004   00000004    r-- .const.2
  00027c38    00027c38    000000d4   000000d4    r-x .text.2
  00027d0c    00027d0c    00000004   00000004    r-- .const.3
  00027d10    00027d10    00000064   00000064    r-x .text.3
  00027d74    00027d74    00000004   00000004    r-- .const.4
  00027d78    00027d78    00000004   00000004    r-x .text.4
  00027d7c    00027d7c    00000004   00000004    r-- .const.5
  00027d80    00027d80    00000004   00000004    r-x .text.5
  00027d84    00027d84    00000004   00000004    r-- .const.6
  00027d88    00027d88    00000004   00000004    r-x .text.6
  00027d8c    00027d8c    00000004   00000004    r-- .const.7
  00027d90    00027d90    00000002   00000002    r-x .text.7
  00027d94    00027d94    00000004   00000004    r-- .const.8
  00027d98    00027d98    00000002   00000002    r-x .text.8
  00027d9c    00027d9c    00000004   00000004    r-- .const.9
  00027da0    00027da0    00000264   00000264    r-x .text.9
  00028004    00028004    00001ab0   00001ab0    r-- .const.10
  00029ab8    00029ab8    00000300   00000300    r-- .cinit
00052000    00052000    00004000   00000000    rw-
  00052000    00052000    00004000   00000000    rw- .TI.bound:flashBuf$0
00057fa8    00057fa8    00000058   00000058    r--
  00057fa8    00057fa8    00000058   00000058    r-- .ccfg
20000100    20000100    00007786   00000000    rw-
  20000100    20000100    00000004   00000000    rw- .data:xdcRomConstPtr
  20000104    20000104    00000004   00000000    rw- .data:xdcRomExternFuncPtr
  20000108    20000108    00000004   00000000    rw- .data:xdcRomStatePtr
  20000110    20000110    00004beb   00000000    rw- .bss
  20004d00    20004d00    00002b86   00000000    rw- .data
20007888    20007888    00001000   00000000    r--
  20007888    20007888    00001000   00000000    r-- .priheap
20013c00    20013c00    00000400   00000000    rw-
  20013c00    20013c00    00000400   00000000    rw- .stack


SECTION ALLOCATION MAP

 output                                  attributes/
section   page    origin      length       input sections
--------  ----  ----------  ----------   ----------------
.binit     0    00000000    00000000     

.cinit     0    00029ab8    00000300     
                  00029ab8    000002ab     (.cinit..data.load) [load image, compression = lzss]
                  00029d63    00000001     --HOLE-- [fill = 0]
                  00029d64    0000000c     (__TI_handler_table)
                  00029d70    00000008     (.cinit..bss.load) [load image, compression = zero_init]
                  00029d78    00000008     (.cinit..data:xdcRomConstPtr.load) [load image, compression = lzss]
                  00029d80    00000008     (.cinit..data:xdcRomExternFuncPtr.load) [load image, compression = lzss]
                  00029d88    00000008     (.cinit..data:xdcRomStatePtr.load) [load image, compression = lzss]
                  00029d90    00000028     (__TI_cinit_table)

.init_array 
*          0    00000000    00000000     UNINITIALIZED

.ccfg      0    00057fa8    00000058     
                  00057fa8    00000058     ccfg.obj (.ccfg:retain)

.bss       0    20000110    00004beb     UNINITIALIZED
                  20000110    00003b88     libopenthread_mtd.lib : instance.obj (.bss:_ZN34_INTERNAL_12_instance_cpp_0ce081802ot12sInstanceRawE$39)
                  20003c98    00000250     (.common:uartCC26XXObjects)
                  20003ee8    00000200     release_pem4f.oem4f (.bss:taskStackSection)
                  200040e8    000001c0     rf_multiMode_cc13x2_v1.aem4f : RFCC26X2_multiMode.oem4f (.bss:RF_cmdPool)
                  200042a8    00000120     libopenthread_diag_mtd.lib : diag_process.obj (.bss:$O22$$)
                  200043c8    000000e0     (.common:i2cCC26xxObjects)
                  200044a8    000000d8     (.common:ti_sysbios_family_arm_m3_Hwi_dispatchTable)
                  20004580    00000080     CC1352R1_LAUNCHXL.obj (.bss:uartStringBuf$0)
                  20004600    0000007c     (.common:pinHandleTable)
                  2000467c    00000004     drivers_cc13x2_v1.aem4f : ECJPAKECC26X2.oem4f (.bss)
                  20004680    00000068     rf_multiMode_cc13x2_v1.aem4f : RFCC26X2_multiMode.oem4f (.bss:RF_ratModule)
                  200046e8    00000058     radio.obj (.bss:sSrcMatchExtData$17)
                  20004740    00000054     (.common:ecjpakeCC26X2Objects)
                  20004794    00000050     (.common:sha2CC26X2Objects)
                  200047e4    0000004c     (.common:aesecbCC26XXObjects)
                  20004830    00000040     (.common:uartCC26XXRingBuffer)
                  20004870    0000003c     radio.obj (.bss:sReceiveCmd$17)
                  200048ac    00000038     random.obj (.bss:$O16$$)
                  200048e4    00000034     rf_multiMode_cc13x2_v1.aem4f : RFCC26X2_multiMode.oem4f (.bss:RF_swiFsmObj)
                  20004918    00000034                                  : RFCC26X2_multiMode.oem4f (.bss:RF_swiHwObj)
                  2000494c    00000034     drivers_cc13x2_v1.aem4f : PINCC26XX.oem4f (.bss:pinSwi)
                  20004980    00000030     rf_multiMode_cc13x2_v1.aem4f : RFCC26X2_multiMode.oem4f (.bss:RF_Sch)
                  200049b0    00000030     radio.obj (.bss:sSrcMatchShortData$17)
                  200049e0    0000002c     otrtosapi.obj (.bss:OtRtosApi_mutexHandle$10)
                  20004a0c    00000024     rf_multiMode_cc13x2_v1.aem4f : RFCC26X2_multiMode.oem4f (.bss:RF_clkPowerUpObj)
                  20004a30    00000020                                  : RFCC26X2_multiMode.oem4f (.bss:RF_cmdQ)
                  20004a50    00000020     drivers_cc13x2_v1.aem4f : GPIOCC26XX.oem4f (.bss:gpioCallbackInfo)
                  20004a70    00000020                             : PINCC26XX.oem4f (.bss:pinGpioConfigTable)
                  20004a90    00000020     radio.obj (.bss:sCsmaBackoffCmd$17)
                  20004ab0    0000001c     rf_multiMode_cc13x2_v1.aem4f : RFCC26X2_multiMode.oem4f (.bss:RF_hwiCpe0Obj)
                  20004acc    0000001c                                  : RFCC26X2_multiMode.oem4f (.bss:RF_hwiHwObj)
                  20004ae8    0000001c     drivers_cc13x2_v1.aem4f : PINCC26XX.oem4f (.bss:pinHwi)
                  20004b04    0000001c                             : PINCC26XX.oem4f (.bss:pinSemaphore)
                  20004b20    0000001c     (.common:CryptoResourceCC26XX_accessSemaphore)
                  20004b3c    0000001c     (.common:CryptoResourceCC26XX_hwi)
                  20004b58    0000001c     (.common:CryptoResourceCC26XX_operationSemaphore)
                  20004b74    0000001c     (.common:PKAResourceCC26XX_accessSemaphore)
                  20004b90    0000001c     (.common:PKAResourceCC26XX_hwi)
                  20004bac    0000001c     (.common:PKAResourceCC26XX_operationSemaphore)
                  20004bc8    00000018     radio.obj (.bss:sEdScanCmd$17)
                  20004be0    00000018     radio.obj (.bss:sRadioSetupCmd$17)
                  20004bf8    00000018     radio.obj (.bss:sTransmitCmd$17)
                  20004c10    00000016     rf_multiMode_cc13x2_v1.aem4f : RFCC26X2_multiMode.oem4f (.bss)
                  20004c26    00000002     drivers_cc13x2_v1.aem4f : UARTCC26XX.oem4f (.bss)
                  20004c28    00000014     rf_multiMode_cc13x2_v1.aem4f : RFCC26X2_multiMode.oem4f (.bss:RF_ratSyncCmd)
                  20004c3c    00000014                                  : RFCC26X2_multiMode.oem4f (.bss:RF_wakeupNotifyObj)
                  20004c50    00000014     driverlib.lib : osc.obj (.bss:oscHfGlobals$115)
                  20004c64    00000014     drivers_cc13x2_v1.aem4f : GPIOCC26XX.oem4f (.bss:powerNotifyObj)
                  20004c78    00000014     radio.obj (.bss:sTransmitRxAckCmd$17)
                  20004c8c    00000010     rf_multiMode_cc13x2_v1.aem4f : RFCC26X2_multiMode.oem4f (.bss:RF_core)
                  20004c9c    00000010     radio.obj (.bss:sRfStats$17)
                  20004cac    0000000c     drivers_cc13x2_v1.aem4f : NVSCC26XX.oem4f (.bss)
                  20004cb8    0000000c                             : GPIOCC26XX.oem4f (.bss:gpioPinState)
                  20004cc4    0000000c     (.common:OPT3001_object)
                  20004cd0    0000000c     (.common:displayUartObject)
                  20004cdc    00000008                             : GPIOCC26XX.oem4f (.bss)
                  20004ce4    00000004                             : PINCC26XX.oem4f (.bss)
                  20004ce8    00000004     (.common:ClockP_tickPeriod)
                  20004cec    00000004     (.common:PowerCC26XX_swiKey)
                  20004cf0    00000004     (.common:PowerCC26XX_taskKey)
                  20004cf4    00000004     (.common:nvsCC26xxObjects)
                  20004cf8    00000001     keys_utils.obj (.bss)
                  20004cf9    00000001     radio.obj (.bss)
                  20004cfa    00000001     (.common:driverlib_release_0_52354)

.data      0    20004d00    00002b86     UNINITIALIZED
                  20004d00    000014dc     otstack.obj (.data:$O6$$)
                  200061dc    000008f0     tempsensor.obj (.data:$O7$$)
                  20006acc    00000004     drivers_cc13x2_v1.aem4f : GPIOCC26XX.oem4f (.data:gpioPinTable)
                  20006ad0    00000478     radio.obj (.data:$O14$$)
                  20006f48    00000278     bmi160.obj (.data:$O2$$)
                  200071c0    00000108     release_pem4f.oem4f (.data:ROM_stateStruct)
                  200072c8    000000c8     drivers_cc13x2_v1.aem4f : PowerCC26X2.oem4f (.data:PowerCC26X2_module)
                  20007390    00000088     rom_sysbios.aem4f : rom_sysbios.obj (.data:$O1$$)
                  20007418    00000054     release_pem4f.oem4f (.data:ti_sysbios_gates_GateMutex_Object__table__V)
                  2000746c    0000004c     release_pem4f.oem4f (.data:ti_sysbios_knl_Task_Object__table__V)
                  200074b8    00000048     release_pem4f.oem4f (.data:ti_sysbios_family_arm_cc26xx_Timer_Object__table__V)
                  20007500    00000040     uart.obj (.data:$O17$$)
                  20007540    00000040     bmi160_support.obj (.data:$O4$$)
                  20007580    00000038     nvoctp.obj (.data:$O20$$)
                  200075b8    00000030     release_pem4f.oem4f (.data:ti_sysbios_knl_Swi_Module_State_0_readyQ__A)
                  200075e8    00000030     release_pem4f.oem4f (.data:ti_sysbios_knl_Swi_Object__table__V)
                  20007618    00000030     release_pem4f.oem4f (.data:ti_sysbios_knl_Task_Module_State_0_readyQ__A)
                  20007648    0000002c     keys_utils.obj (.data:$O5$$)
                  20007674    0000002c     CC1352R1_LAUNCHXL.obj (.data:gpioPinConfigs)
                  200076a0    00000028     settings.obj (.data:sNvoctpFps$26)
                  200076c8    00000024     libmbedcrypto.lib : ssl_tls.obj (.data:$O31$$)
                  200076ec    00000020     release_pem4f.oem4f (.data:ti_sysbios_knl_Clock_Object__table__V)
                  2000770c    00000020     release_pem4f.oem4f (.data:xdc_runtime_Error_IgnoreBlock)
                  2000772c    00000018     diag.obj (.data:$O13$$)
                  20007744    00000018     release_pem4f.oem4f (.data:ti_sysbios_family_arm_m3_Hwi_Object__table__V)
                  2000775c    00000018     release_pem4f.oem4f (.data:ti_sysbios_heaps_HeapMem_Object__table__V)
                  20007774    00000010     alarm_micro.obj (.data:$O11$$)
                  20007784    00000010     alarm.obj (.data:$O9$$)
                  20007794    00000010     CC1352R1_LAUNCHXL.obj (.data:gpioCallbackFunctions)
                  200077a4    00000008     aes_alt.obj (.data:$O18$$)
                  200077ac    00000008     sha256_alt.obj (.data:$O19$$)
                  200077b4    00000008     libmbedcrypto.lib : ecp.obj (.data:$O27$$)
                  200077bc    00000008                       : platform.obj (.data:$O30$$)
                  200077c4    00000008     rtsv7M4_T_le_v4SPD16_eabi.lib : _lock.c.obj (.data:$O34$$)
                  200077cc    00000008     disp_utils.obj (.data)
                  200077d4    00000008     drivers_cc13x2_v1.aem4f : ECJPAKECC26X2.oem4f (.data)
                  200077dc    00000008                             : PINCC26XX.oem4f (.data)
                  200077e4    00000008     release_pem4f.oem4f (.data:ti_sysbios_family_arm_cc26xx_Seconds_Module__state__V)
                  200077ec    00000008     release_pem4f.oem4f (.data:ti_sysbios_family_arm_m3_Hwi_Module__root__V)
                  200077f4    00000008     release_pem4f.oem4f (.data:ti_sysbios_gates_GateHwi_Module__root__V)
                  200077fc    00000008     release_pem4f.oem4f (.data:ti_sysbios_gates_GateMutexPri_Module__root__V)
                  20007804    00000008     release_pem4f.oem4f (.data:ti_sysbios_gates_GateMutex_Module__root__V)
                  2000780c    00000008     release_pem4f.oem4f (.data:ti_sysbios_hal_Hwi_Module__root__V)
                  20007814    00000008     release_pem4f.oem4f (.data:ti_sysbios_heaps_HeapMem_Module__root__V)
                  2000781c    00000008     release_pem4f.oem4f (.data:ti_sysbios_knl_Clock_Module__root__V)
                  20007824    00000008     release_pem4f.oem4f (.data:ti_sysbios_knl_Event_Module__root__V)
                  2000782c    00000008     release_pem4f.oem4f (.data:ti_sysbios_knl_Mailbox_Module__root__V)
                  20007834    00000008     release_pem4f.oem4f (.data:ti_sysbios_knl_Queue_Module__root__V)
                  2000783c    00000008     release_pem4f.oem4f (.data:ti_sysbios_knl_Semaphore_Module__root__V)
                  20007844    00000008     release_pem4f.oem4f (.data:ti_sysbios_knl_Swi_Module__root__V)
                  2000784c    00000008     release_pem4f.oem4f (.data:ti_sysbios_knl_Task_Module__root__V)
                  20007854    00000008     release_pem4f.oem4f (.data:xdc_runtime_System_Module_State_0_atexitHandlers__A)
                  2000785c    00000005     drivers_cc13x2_v1.aem4f : GPIOCC26XX.oem4f (.data)
                  20007861    00000002                             : CryptoResourceCC26XX.oem4f (.data)
                  20007863    00000001                             : AESECBCC26XX.oem4f (.data)
                  20007864    00000004     libmbedcrypto.lib : ecp_curves.obj (.data:one$1$96)
                  20007868    00000004     radio.obj (.data)
                  2000786c    00000004     rtsv7M4_T_le_v4SPD16_eabi.lib : stkdepth_vars.c.obj (.data)
                  20007870    00000004     release_pem4f.oem4f (.data:ti_sysbios_family_arm_m3_Hwi_Module_State_0_excContext__A)
                  20007874    00000004     release_pem4f.oem4f (.data:ti_sysbios_family_arm_m3_Hwi_Module_State_0_excStack__A)
                  20007878    00000004     release_pem4f.oem4f (.data:ti_sysbios_knl_Task_Module_State_0_idleTask__A)
                  2000787c    00000002     drivers_cc13x2_v1.aem4f : PKAResourceCC26XX.oem4f (.data)
                  2000787e    00000002     release_pem4f.oem4f (.data:ti_sysbios_family_arm_m3_Hwi_Module_State_0_excActive__A)
                  20007880    00000001     drivers_cc13x2_v1.aem4f : I2C.oem4f (.data)
                  20007881    00000001                             : NVS.oem4f (.data)
                  20007882    00000001                             : SHA2CC26X2.oem4f (.data)
                  20007883    00000001                             : UART.oem4f (.data)
                  20007884    00000001     opt3001.obj (.data)
                  20007885    00000001     otstack.obj (.data)

.stack     0    20013c00    00000400     UNINITIALIZED
                  20013c00    00000400     --HOLE--

.priheap   0    20007888    00001000     UNINITIALIZED
                  20007888    00001000     --HOLE--

.data:xdcRomConstPtr 
*          0    20000100    00000004     UNINITIALIZED
                  20000100    00000004     release_pem4f.oem4f (.data:xdcRomConstPtr)

.data:xdcRomExternFuncPtr 
*          0    20000104    00000004     UNINITIALIZED
                  20000104    00000004     release_pem4f.oem4f (.data:xdcRomExternFuncPtr)

.data:xdcRomStatePtr 
*          0    20000108    00000004     UNINITIALIZED
                  20000108    00000004     release_pem4f.oem4f (.data:xdcRomStatePtr)

.bootVecs 
*          0    00000000    00000008     DSECT
                  00000000    00000008     boot.aem4f : boot.oem4f (.bootVecs)

.resetVecs 
*          0    00000000    0000003c     
                  00000000    0000003c     release_pem4f.oem4f (.resetVecs)

.vecs      0    20000000    000000d8     NOLOAD SECTION
                  20000000    000000d8     release_pem4f.oem4f (.vecs)

xdc.meta   0    00000000    00000111     COPY SECTION
                  00000000    00000111     release_pem4f.oem4f (xdc.meta)

xdc.noload 
*          0    00000000    00000000     COPY SECTION

.TI.bound:flashBuf$0 
*          0    00052000    00004000     UNINITIALIZED
                  00052000    00004000     CC1352R1_LAUNCHXL.obj (.TI.bound:flashBuf$0)

.const.1   0    0000003c    00000004     
                  0000003c    00000004     drivers_cc13x2_v1.aem4f : NVS.oem4f (.const:NVS_defaultParams)

.text.1    0    00000040    00027bf4     
                  00000040    00001694     libmbedcrypto.lib : ssl_tls.obj (.text:mbedtls_ssl_handshake)
                  000016d4    00000004     dpl_cc13x2_v1.aem4f : PowerCC26X2_tirtos.oem4f (.text:CPUwfi)
                  000016d8    0000101e     bmi160_support.obj (.text:bmi160_config_running_mode)
                  000026f6    00000002     display.aem4f : DisplayUart.oem4f (.text:DisplayUartMin_clear)
                  000026f8    00000e88     ecjpake_alt.obj (.text:ecjpake_kzkp_kzkp_write$22)
                  00003580    0000083d     tempsensor.obj (.text:TempSensor_task$9)
                  00003dbd    00000001     --HOLE-- [fill = 0]
                  00003dbe    00000002     display.aem4f : DisplayUart.oem4f (.text:DisplayUartMin_clearLines)
                  00003dc0    0000083c     libmbedcrypto.lib : ssl_tls.obj (.text:mbedtls_ssl_read_record)
                  000045fc    00000004     dpl_cc13x2_v1.aem4f : ClockP_tirtos.oem4f (.text:ClockP_destruct)
                  00004600    000007fe     ecjpake_alt.obj (.text:mbedtls_ecjpake_write_round_two)
                  00004dfe    00000002     display.aem4f : DisplayUart.oem4f (.text:DisplayUartMin_init)
                  00004e00    000007ce     rtsv7M4_T_le_v4SPD16_eabi.lib : _printfi_nf.c.obj (.text:__TI_printfi_nofloat)
                  000055ce    00000002     driverlib.lib : rfc.obj (.text:NOROM_RFCCpePatchReset)
                  000055d0    0000070c     ecjpake_alt.obj (.text:ecjpake_hash$22)
                  00005cdc    000006b6     libopenthread_mtd.lib : ip6.obj (.text:_ZN2ot3Ip63Ip614HandleDatagramERNS_7MessageEPNS0_5NetifEaPKvb)
                  00006392    00000006     display.aem4f : DisplayUart.oem4f (.text:DisplayUartMin_control)
                  00006398    00000666     otstack.obj (.text:OtStack_task)
                  000069fe    00000002     rf_multiMode_cc13x2_v1.aem4f : RFCC26X2_multiMode.oem4f (.text:RF_defaultCallback)
                  00006a00    00000548     drivers_cc13x2_v1.aem4f : ECJPAKECC26X2.oem4f (.text:ECJPAKECC26X2_runFSM)
                  00006f48    000004fa     libopenthread_mtd.lib : mle.obj (.text:_ZN2ot3Mle3Mle16HandleUdpReceiveERNS_7MessageERKNS_3Ip611MessageInfoE)
                  00007442    00000002     rtsv7M4_T_le_v4SPD16_eabi.lib : typeinfo.c.obj (.text:_ZN10__cxxabiv117__class_type_infoD1Ev)
                  00007444    000004ec     driverlib.lib : pka.obj (.text:NOROM_PKAEccVerifyPublicKeyWeierstrassStart)
                  00007930    000004ec     libmbedcrypto.lib : ecp_curves.obj (.text:ecp_mod_p256$96)
                  00007e1c    000004e8     libopenthread_mtd.lib : lowpan.obj (.text:_ZN2ot6Lowpan6Lowpan8CompressERNS_7MessageERKNS_3Mac7AddressES7_Ph)
                  00008304    0000041e                           : mle.obj (.text:_ZN2ot3Mle3Mle11SendMessageERNS_7MessageERKNS_3Ip67AddressE)
                  00008722    00000400                           : mac.obj (.text:_ZN2ot3Mac3Mac19HandleReceivedFrameEPNS0_5FrameE7otError)
                  00008b22    000003d0                           : lowpan.obj (.text:_ZN2ot6Lowpan6Lowpan20DecompressBaseHeaderERNS_3Ip66HeaderERbRKNS_3Mac7AddressES9_PKht)
                  00008ef2    000003c2                           : mle.obj (.text:_ZN2ot3Mle3Mle20HandleParentResponseERKNS_7MessageERKNS_3Ip611MessageInfoEj)
                  000092b4    000003a4                           : dtls.obj (.text:_ZN2ot7MeshCoP4Dtls5StartEbPFvPvbEPFvS2_PhtEPF7otErrorS2_PKhthES2_)
                  00009658    00000390                           : mesh_forwarder.obj (.text:_ZN2ot13MeshForwarder19HandleReceivedFrameERNS_3Mac5FrameE)
                  000099e8    00000380                           : mle.obj (.text:_ZN2ot3Mle3Mle17HandleAttachTimerERNS_5TimerE)
                  00009d68    00000360                           : lowpan.obj (.text:_ZN2ot6Lowpan6Lowpan10DecompressERNS_7MessageERKNS_3Mac7AddressES7_PKhtt)
                  0000a0c8    00000318     libmbedcrypto.lib : ssl_tls.obj (.text:mbedtls_ssl_derive_keys)
                  0000a3e0    00000314     rom_sysbios.aem4f : rom_sysbios.obj (.text:xdc_runtime_System_doPrint__I)
                  0000a6f4    00000308     libopenthread_mtd.lib : ip6.obj (.text:_ZN2ot3Ip63Ip613HandleOptionsERNS_7MessageERNS0_6HeaderERb)
                  0000a9fc    00000302                           : mesh_forwarder.obj (.text:_ZN2ot13MeshForwarder12SendFragmentERNS_7MessageERNS_3Mac5FrameE)
                  0000acfe    00000002                           : dtls.obj (.text:_ZN2ot7MeshCoP4Dtls18HandleMbedtlsDebugEPviPKciS4_)
                  0000ad00    00000300     rf_multiMode_cc13x2_v1.aem4f : RFCC26X2_multiMode.oem4f (.text:RF_fsmActiveState)
                  0000b000    000002f8     libmbedcrypto.lib : ssl_tls.obj (.text:mbedtls_ssl_write_record)
                  0000b2f8    000002f4     driverlib.lib : setup.obj (.text:TrimAfterColdResetWakeupFromShutDown$118)
                  0000b5ec    000002e4     libopenthread_mtd.lib : dtls.obj (.text:_ZN2ot7MeshCoP4Dtls7ProcessEv)
                  0000b8d0    000002dc                           : mac.obj (.text:_ZN2ot3Mac3Mac13BeginTransmitEv)
                  0000bbac    000002d4                           : mesh_forwarder.obj (.text:_ZN2ot13MeshForwarder15HandleSentFrameERNS_3Mac6SenderERNS1_5FrameE7otError)
                  0000be80    000002d0     driverlib.lib : pka.obj (.text:NOROM_PKAEccAddStart)
                  0000c150    000002c8     libopenthread_mtd.lib : mac.obj (.text:_ZN2ot3Mac3Mac18HandleTransmitDoneEP12otRadioFrameS3_7otError)
                  0000c418    000002c3     tempsensor.obj (.text:tempSensorReport$9)
                  0000c6db    00000001     --HOLE-- [fill = 0]
                  0000c6dc    000002a8     libopenthread_mtd.lib : mle.obj (.text:_ZN2ot3Mle3Mle23HandleDiscoveryResponseERKNS_7MessageERKNS_3Ip611MessageInfoE)
                  0000c984    000002a8                           : mle.obj (.text:_ZN2ot3Mle3MleC1ERNS_8InstanceE)
                  0000cc2c    00000004     dpl_cc13x2_v1.aem4f : ClockP_tirtos.oem4f (.text:ClockP_getCpuFreq)
                  0000cc30    00000284     tempsensor.obj (.text:setupCoapServer$9)
                  0000ceb4    0000027c     libopenthread_mtd.lib : dataset_local.obj (.text:_ZNK2ot7MeshCoP12DatasetLocal3GetER20otOperationalDataset)
                  0000d130    00000278     driverlib.lib : pka.obj (.text:NOROM_PKAEccMultiplyStart)
                  0000d3a8    00000260     libopenthread_mtd.lib : joiner.obj (.text:_ZN2ot7MeshCoP6Joiner18SendJoinerFinalizeEv)
                  0000d608    0000025c                           : mle.obj (.text:_ZN2ot3Mle3Mle16HandleLeaderDataERKNS_7MessageERKNS_3Ip611MessageInfoE)
                  0000d864    00000004     dpl_cc13x2_v1.aem4f : ClockP_tirtos.oem4f (.text:ClockP_getTimeout)
                  0000d868    0000024e     ecjpake_alt.obj (.text:ecjpake_zkp_read$22)
                  0000dab6    00000002     rtsv7M4_T_le_v4SPD16_eabi.lib : _lock.c.obj (.text:_nop)
                  0000dab8    0000024c     libopenthread_mtd.lib : mesh_forwarder.obj (.text:_ZN2ot13MeshForwarder18HandleFrameRequestERNS_3Mac6SenderERNS1_5FrameE)
                  0000dd04    00000248                           : ip6.obj (.text:_ZN2ot3Ip63Ip622ProcessReceiveCallbackERKNS_7MessageERKNS0_11MessageInfoEhb)
                  0000df4c    00000242     libmbedcrypto.lib : ccm.obj (.text:ccm_auth_crypt$110)
                  0000e18e    0000021e     libopenthread_mtd.lib : mle.obj (.text:_ZN2ot3Mle3Mle25HandleChildUpdateResponseERKNS_7MessageERKNS_3Ip611MessageInfoE)
                  0000e3ac    0000021c                           : mle.obj (.text:_ZN2ot3Mle3Mle21HandleChildIdResponseERKNS_7MessageERKNS_3Ip611MessageInfoE)
                  0000e5c8    00000218                           : mesh_forwarder.obj (.text:_ZN2ot13MeshForwarder24ScheduleTransmissionTaskERNS_7TaskletE)
                  0000e7e0    00000214                           : mac.obj (.text:_ZN2ot3Mac3Mac22ProcessReceiveSecurityERNS0_5FrameERKNS0_7AddressEPNS_8NeighborE)
                  0000e9f4    00000004     dpl_cc13x2_v1.aem4f : ClockP_tirtos.oem4f (.text:ClockP_setTimeout)
                  0000e9f8    0000020c     release_pem4f.oem4f (.text:xdc_runtime_System_printfExtend__I)
                  0000ec04    00000004     dpl_cc13x2_v1.aem4f : ClockP_tirtos.oem4f (.text:ClockP_start)
                  0000ec08    00000204     ecjpake_alt.obj (.text:read_tls_point$22)
                  0000ee0c    00000202     libopenthread_mtd.lib : network_data.obj (.text:_ZN2ot11NetworkData11NetworkData19RemoveTemporaryDataEPhRh)
                  0000f00e    000001f8                           : mle.obj (.text:_ZN2ot3Mle3Mle24HandleChildUpdateRequestERKNS_7MessageERKNS_3Ip611MessageInfoE)
                  0000f206    000001ec                           : ip6.obj (.text:_ZN2ot3Ip63Ip619SelectSourceAddressERNS0_11MessageInfoE)
                  0000f3f2    00000002     drivers_cc13x2_v1.aem4f : PowerCC26X2.oem4f (.text:emptyClockFunc)
                  0000f3f4    000001ec     libopenthread_mtd.lib : dataset.obj (.text:_ZNK2ot7MeshCoP7Dataset18ApplyConfigurationERNS_8InstanceE)
                  0000f5e0    000001e4                           : icmp6.obj (.text:_ZN2ot3Ip64Icmp17HandleEchoRequestERNS_7MessageERKNS0_11MessageInfoE)
                  0000f7c4    00000004     dpl_cc13x2_v1.aem4f : ClockP_tirtos.oem4f (.text:ClockP_stop)
                  0000f7c8    000001e2     radio.obj (.text:processRxQueue$17)
                  0000f9aa    000001dc     libopenthread_mtd.lib : coap.obj (.text:_ZN2ot4Coap8CoapBase23ProcessReceivedResponseERNS0_6HeaderERNS_7MessageERKNS_3Ip611MessageInfoE)
                  0000fb86    000001cc     rom_sysbios.aem4f : rom_sysbios.obj (.text:acquireMutex$49)
                  0000fd52    00000002     drivers_cc13x2_v1.aem4f : CryptoResourceCC26XX.oem4f (.text:errorSpin)
                  0000fd54    000001c0                             : PINCC26XX.oem4f (.text:PIN_init)
                  0000ff14    000001c0     libopenthread_mtd.lib : coap.obj (.text:_ZN2ot4Coap8CoapBase22ProcessReceivedRequestERNS0_6HeaderERNS_7MessageERKNS_3Ip611MessageInfoE)
                  000100d4    00000004     dpl_cc13x2_v1.aem4f : HwiP_tirtos.oem4f (.text:HwiP_destruct)
                  000100d8    000001bc     nvoctp.obj (.text:NVOCTP_initNvApi$25)
                  00010294    00000004     dpl_cc13x2_v1.aem4f : HwiP_tirtos.oem4f (.text:HwiP_disable)
                  00010298    000001ba     bmi160.obj (.text:bmi160_set_foc_gyro_enable)
                  00010452    00000006     display.aem4f : DisplayUart.oem4f (.text:DisplayUartMin_getType)
                  00010458    000001b8     nvoctp.obj (.text:NVOCTP_newItem$25)
                  00010610    000001b6     rtsv7M4_T_le_v4SPD16_eabi.lib : fd_add_t2.asm.obj (.text)
                  000107c6    00000002     drivers_cc13x2_v1.aem4f : PKAResourceCC26XX.oem4f (.text:errorSpin)
                  000107c8    000001b0     libopenthread_mtd.lib : mle.obj (.text:_ZN2ot3Mle3Mle19HandleAdvertisementERKNS_7MessageERKNS_3Ip611MessageInfoE)
                  00010978    000001aa                           : coap_header.obj (.text:_ZN2ot4Coap6Header11FromMessageERKNS_7MessageEt)
                  00010b22    00000006     display.aem4f : Display.oem4f (.text:Display_doParamsInit)
                  00010b28    000001a8     bmi160.obj (.text:bmi160_set_intr_enable_0)
                  00010cd0    000001a4     drivers_cc13x2_v1.aem4f : PowerCC26X2.oem4f (.text:Power_sleep)
                  00010e74    000001a0     libopenthread_mtd.lib : ip6.obj (.text:_ZN2ot3Ip63Ip612SendDatagramERNS_7MessageERNS0_11MessageInfoENS0_7IpProtoE)
                  00011014    0000019e                           : ip6_api.obj (.text:otIp6SetEnabled)
                  000111b2    0000019c                           : mle.obj (.text:_ZN2ot3Mle3Mle25AppendAddressRegistrationERNS_7MessageE)
                  0001134e    00000002     libmbedcrypto.lib : platform.obj (.text:platform_free_uninit$100)
                  00011350    0000019c                       : ssl_tls.obj (.text:mbedtls_ssl_set_hs_ecjpake_password)
                  000114ec    00000004     dpl_cc13x2_v1.aem4f : HwiP_tirtos.oem4f (.text:HwiP_disableInterrupt)
                  000114f0    00000196     ecjpake_alt.obj (.text:mbedtls_ecjpake_derive_secret)
                  00011686    00000002     rtsv7M4_T_le_v4SPD16_eabi.lib : div0.asm.obj (.text)
                  00011688    00000194     drivers_cc13x2_v1.aem4f : PowerCC26X2_calibrateRCOSC.oem4f (.text:runCalibrateFsm)
                  0001181c    0000018c     rf_multiMode_cc13x2_v1.aem4f : RFCC26X2_multiMode.oem4f (.text:RF_scheduleCmd)
                  000119a8    00000188     libopenthread_mtd.lib : aes_ccm.obj (.text:_ZN2ot6Crypto6AesCcm4InitEjjhPKvh)
                  00011b30    0000017e                           : network_data.obj (.text:_ZN2ot11NetworkData11NetworkData19GetNextOnMeshPrefixEPjtP20otBorderRouterConfig)
                  00011cae    00000002     rom_sysbios.aem4f : rom_sysbios.obj (.text:xdc_runtime_SysCallback_defaultAbort)
                  00011cb0    00000178     nvoctp.obj (.text:NVOCTP_compactPage$25)
                  00011e28    00000178     libopenthread_mtd.lib : energy_scan_server.obj (.text:_ZN2ot16EnergyScanServer13HandleRequestERNS_4Coap6HeaderERNS_7MessageERKNS_3Ip611MessageInfoE)
                  00011fa0    00000174     bmi160.obj (.text:bmi160_accel_foc_trigger_xyz)
                  00012114    0000016c     libopenthread_mtd.lib : mbedtls.obj (.text:_ZN33_INTERNAL_11_mbedtls_cpp_01b19df02ot6Crypto4FreeEPv$47)
                  00012280    0000016a                           : coap.obj (.text:_ZN2ot4Coap8CoapBase11SendMessageERNS_7MessageERKNS_3Ip611MessageInfoEPFYvPvP12otCoapHeaderP9otMessagePK13otMessageInfo7otErrorES8_)
                  000123ea    00000166     libmbedcrypto.lib : ctr_drbg.obj (.text:block_cipher_df$94)
                  00012550    00000164                       : ssl_tls.obj (.text:mbedtls_ssl_fetch_input)
                  000126b4    00000162     libopenthread_mtd.lib : mle.obj (.text:_ZN2ot3Mle3Mle22SendChildUpdateRequestEv)
                  00012816    0000015e                           : ip6.obj (.text:_ZN2ot3Ip63Ip615RemoveMplOptionERNS_7MessageE)
                  00012974    0000015e                           : coap.obj (.text:_ZN2ot4Coap8CoapBase25HandleRetransmissionTimerEv)
                  00012ad2    00000002     rom_sysbios.aem4f : rom_sysbios.obj (.text:xdc_runtime_SysCallback_defaultExit)
                  00012ad4    0000015c     drivers_cc13x2_v1.aem4f : UARTCC26XX.oem4f (.text:UARTCC26XX_open)
                  00012c30    0000015c                             : PowerCC26X2_calibrateRCOSC.oem4f (.text:calibrateRcoscHf1)
                  00012d8c    00000154                             : UARTCC26XX.oem4f (.text:UARTCC26XX_hwiIntFxn)
                  00012ee0    0000014c     libopenthread_mtd.lib : joiner.obj (.text:_ZN2ot7MeshCoP6Joiner19HandleJoinerEntrustERNS_4Coap6HeaderERNS_7MessageERKNS_3Ip611MessageInfoE)
                  0001302c    00000140     libmbedcrypto.lib : ssl_tls.obj (.text:ssl_handshake_init$104)
                  0001316c    0000013e                       : ssl_tls.obj (.text:mbedtls_ssl_resend)
                  000132aa    00000002     rom_sysbios.aem4f : rom_sysbios.obj (.text:xdc_runtime_SysCallback_defaultFlush)
                  000132ac    0000013c     libopenthread_mtd.lib : energy_scan_server.obj (.text:_ZN2ot16EnergyScanServer10SendReportEv)
                  000133e8    0000013c                           : panid_query_server.obj (.text:_ZN2ot16PanIdQueryServer12SendConflictEv)
                  00013524    00000138     drivers_cc13x2_v1.aem4f : NVSCC26XX.oem4f (.text:NVSCC26XX_write)
                  0001365c    00000138                             : UARTCC26XX.oem4f (.text:UARTCC26XX_read)
                  00013794    00000004     dpl_cc13x2_v1.aem4f : HwiP_tirtos.oem4f (.text:HwiP_enableInterrupt)
                  00013798    00000134     nvoctp.obj (.text:NVOCTP_doNextApi$25)
                  000138cc    00000130     drivers_cc13x2_v1.aem4f : PowerCC26X2.oem4f (.text:Power_init)
                  000139fc    00000130     libmbedcrypto.lib : ssl_tls.obj (.text:tls_prf_generic$104)
                  00013b2c    0000012a     libopenthread_mtd.lib : slaac_address.obj (.text:_ZN2ot5Utils5Slaac15UpdateAddressesEP10otInstanceP14otNetifAddressjPF7otErrorS3_S5_PvES7_)
                  00013c56    00000002     rom_sysbios.aem4f : rom_sysbios.obj (.text:xdc_runtime_SysCallback_defaultPutch)
                  00013c58    00000126     radio.obj (.text:rfCommonCallback$17)
                  00013d7e    00000002     --HOLE-- [fill = 0]
                  00013d80    00000124     rf_multiMode_cc13x2_v1.aem4f : RFCC26X2_multiMode.oem4f (.text:RF_abortCmd)
                  00013ea4    00000124                                  : RFCC26X2_multiMode.oem4f (.text:RF_init)
                  00013fc8    00000124     libopenthread_mtd.lib : mac.obj (.text:_ZN2ot3Mac3MacC1ERNS_8InstanceE)
                  000140ec    00000122                           : ip6_mpl.obj (.text:_ZN2ot3Ip63Mpl25HandleRetransmissionTimerERNS_5TimerE)
                  0001420e    00000002     --HOLE-- [fill = 0]
                  00014210    00000120     rf_multiMode_cc13x2_v1.aem4f : RFCC26X2_multiMode.oem4f (.text:RF_fsmSetupState)
                  00014330    00000120     libopenthread_mtd.lib : panid_query_server.obj (.text:_ZN2ot16PanIdQueryServer11HandleQueryERNS_4Coap6HeaderERNS_7MessageERKNS_3Ip611MessageInfoE)
                  00014450    00000120                           : aes_ccm.obj (.text:_ZN2ot6Crypto6AesCcm7PayloadEPvS2_jb)
                  00014570    00000120                           : dtls.obj (.text:_ZN2ot7MeshCoP4Dtls5CloseEv)
                  00014690    0000011e     radio.obj (.text:rf_patch_mce_ieee_802_15_4$17)
                  000147ae    0000011c     libopenthread_mtd.lib : thread_netif.obj (.text:_ZN2ot11ThreadNetif11RouteLookupERKNS_3Ip67AddressES4_Ph)
                  000148ca    00000002     --HOLE-- [fill = 0]
                  000148cc    0000011c                           : announce_begin_server.obj (.text:_ZN2ot19AnnounceBeginServer13HandleRequestERNS_4Coap6HeaderERNS_7MessageERKNS_3Ip611MessageInfoE)
                  000149e8    0000011c     libmbedcrypto.lib : bignum.obj (.text:mbedtls_mpi_sub_abs)
                  00014b04    00000004     dpl_cc13x2_v1.aem4f : HwiP_tirtos.oem4f (.text:HwiP_post)
                  00014b08    0000011a     bmi160.obj (.text:bmi160_bmm150_mag_set_power_mode)
                  00014c22    00000118     rf_multiMode_cc13x2_v1.aem4f : RFCC26X2_multiMode.oem4f (.text:RF_decodeOverridePointers)
                  00014d3a    00000002     --HOLE-- [fill = 0]
                  00014d3c    00000118                                  : RFCC26X2_multiMode.oem4f (.text:RF_radioOpDoneCb)
                  00014e54    00000114     driverlib.lib : sys_ctrl.obj (.text:NOROM_SysCtrlStandby)
                  00014f68    0000010c     libopenthread_mtd.lib : mle.obj (.text:_ZN2ot3Mle3Mle12SendAnnounceEhbRKNS_3Ip67AddressE)
                  00015074    0000010c                           : coap_secure.obj (.text:_ZN2ot4Coap10CoapSecure7ReceiveERNS_7MessageERKNS_3Ip611MessageInfoE)
                  00015180    0000010c                           : coap_header.obj (.text:_ZN2ot4Coap6Header12AppendOptionERKNS1_6OptionE)
                  0001528c    00000108     rf_multiMode_cc13x2_v1.aem4f : RFCC26X2_multiMode.oem4f (.text:RF_fsmChangePhyState)
                  00015394    00000108     libmbedcrypto.lib : ecp_curves.obj (.text:mbedtls_ecp_group_load)
                  0001549c    00000104     rf_multiMode_cc13x2_v1.aem4f : RFCC26X2_multiMode.oem4f (.text:RF_open)
                  000155a0    00000104     driverlib.lib : sha2.obj (.text:SHA2ExecuteHash$120)
                  000156a4    00000104     drivers_cc13x2_v1.aem4f : UARTCC26XX.oem4f (.text:UARTCC26XX_write)
                  000157a8    00000102     libopenthread_mtd.lib : network_data_leader.obj (.text:_ZN2ot11NetworkData10LeaderBase19ExternalRouteLookupEhRKNS_3Ip67AddressEPhPt)
                  000158aa    00000002     --HOLE-- [fill = 0]
                  000158ac    00000100     drivers_cc13x2_v1.aem4f : GPIOCC26XX.oem4f (.text:GPIO_setConfig)
                  000159ac    00000100     rf_multiMode_cc13x2_v1.aem4f : RFCC26X2_multiMode.oem4f (.text:RF_fsmPowerUpState)
                  00015aac    00000100     libopenthread_mtd.lib : mesh_forwarder.obj (.text:_ZN2ot13MeshForwarderC1ERNS_8InstanceE)
                  00015bac    000000fc     driverlib.lib : pka.obj (.text:NOROM_PKABigNumAddStart)
                  00015ca8    000000fc                   : pka.obj (.text:NOROM_PKABigNumMultiplyStart)
                  00015da4    000000fc                   : pka.obj (.text:NOROM_PKABigNumSubStart)
                  00015ea0    000000fc     libopenthread_mtd.lib : mesh_forwarder.obj (.text:_ZN2ot13MeshForwarder14UpdateIp6RouteERNS_7MessageE)
                  00015f9c    000000fc     libmbedcrypto.lib : ssl_tls.obj (.text:mbedtls_ssl_write_finished)
                  00016098    000000fc     rtsv7M4_T_le_v4SPD16_eabi.lib : fd_mul_t2.asm.obj (.text)
                  00016194    00000004     dpl_cc13x2_v1.aem4f : HwiP_tirtos.oem4f (.text:HwiP_setFunc)
                  00016198    000000fa     random.obj (.text:getRandom$18)
                  00016292    00000002     --HOLE-- [fill = 0]
                  00016294    000000f8     drivers_cc13x2_v1.aem4f : I2CCC26XX.oem4f (.text:I2CCC26XX_open)
                  0001638c    000000f8     libopenthread_mtd.lib : mle.obj (.text:_ZN2ot3Mle3Mle8DiscoverEjtbbPFvP18otActiveScanResultPvES4_)
                  00016484    000000f8                           : joiner.obj (.text:_ZN2ot7MeshCoP6Joiner20HandleDiscoverResultEP18otActiveScanResult)
                  0001657c    00000004     dpl_cc13x2_v1.aem4f : HwiP_tirtos.oem4f (.text:HwiP_setPriority)
                  00016580    000000f6     bmi160.obj (.text:bmi160_set_bmm150_mag_presetmode)
                  00016676    00000002     --HOLE-- [fill = 0]
                  00016678    000000f6     ecjpake_alt.obj (.text:mbedtls_ecjpake_read_round_two)
                  0001676e    00000002     --HOLE-- [fill = 0]
                  00016770    000000f4     driverlib.lib : pka.obj (.text:NOROM_PKABigNumCmpStart)
                  00016864    000000f4     rom_sysbios.aem4f : rom_sysbios.obj (.text:pthread_create)
                  00016958    000000f0     libopenthread_mtd.lib : mle.obj (.text:_ZN2ot3Mle3Mle11BecomeChildENS0_10AttachModeE)
                  00016a48    000000f0     rom_sysbios.aem4f : rom_sysbios.obj (.text:timer_create)
                  00016b38    000000ee     nvoctp.obj (.text:NVOCTP_readHeader$25)
                  00016c26    000000ee     libopenthread_mtd.lib : dataset_local.obj (.text:_ZNK2ot7MeshCoP12DatasetLocal3GetERNS0_7DatasetE)
                  00016d14    000000ec                           : udp6.obj (.text:_ZN2ot3Ip69UdpSocket6SendToERNS_7MessageERKNS0_11MessageInfoE)
                  00016e00    000000ec                           : mle.obj (.text:_ZN2ot3Mle3Mle18SetMeshLocalPrefixEPKh)
                  00016eec    000000ec                           : dataset_manager.obj (.text:_ZNK2ot7MeshCoP14DatasetManager15SendGetResponseERKNS_4Coap6HeaderERKNS_3Ip611MessageInfoEPhh)
                  00016fd8    000000ea     nvoctp.obj (.text:NVOCTP_findItem$25)
                  000170c2    00000002     --HOLE-- [fill = 0]
                  000170c4    000000e8     drivers_cc13x2_v1.aem4f : I2CCC26XX.oem4f (.text:I2CCC26XX_hwiFxn)
                  000171ac    000000e8     driverlib.lib : setup.obj (.text:NOROM_SetupTrimDevice)
                  00017294    000000e8     libopenthread_mtd.lib : joiner.obj (.text:_ZN2ot7MeshCoP6Joiner11TryNextJoinEv)
                  0001737c    00000004     driverlib.lib : rfc.obj (.text:NOROM_RFCOverrideUpdate)
                  00017380    000000e6     radio.obj (.text:otPlatRadioTransmit)
                  00017466    00000002     --HOLE-- [fill = 0]
                  00017468    000000e4     libopenthread_mtd.lib : dtls.obj (.text:_ZN2ot7MeshCoP4Dtls4SendERNS_7MessageEt)
                  0001754c    000000e0     drivers_cc13x2_v1.aem4f : PINCC26XX.oem4f (.text:PINCC26XX_setIoCfg)
                  0001762c    000000e0     rf_multiMode_cc13x2_v1.aem4f : RFCC26X2_multiMode.oem4f (.text:RF_hwiCpe0Active)
                  0001770c    000000e0     libopenthread_mtd.lib : mac.obj (.text:_ZN2ot3Mac3Mac21ProcessTransmitAesCcmERNS0_5FrameEPKNS0_10ExtAddressE)
                  000177ec    000000de                           : mle.obj (.text:_ZN2ot3Mle3Mle15SendDataRequestERKNS_3Ip67AddressEPKhht)
                  000178ca    000000de                           : mle.obj (.text:_ZN2ot3Mle3Mle5StoreEv)
                  000179a8    000000de                           : coap.obj (.text:_ZN2ot4Coap14ResponsesQueue22GetMatchedResponseCopyERKNS0_6HeaderERKNS_3Ip611MessageInfoEPPNS_7MessageE)
                  00017a86    000000de     libmbedcrypto.lib : entropy.obj (.text:mbedtls_entropy_func)
                  00017b64    000000dc     libopenthread_mtd.lib : data_poll_manager.obj (.text:_ZN2ot15DataPollManager12SendDataPollEv)
                  00017c40    000000dc                           : mle.obj (.text:_ZN2ot3Mle3Mle7RestoreEv)
                  00017d1c    000000da     libmbedcrypto.lib : ssl_tls.obj (.text:mbedtls_ssl_dtls_replay_update)
                  00017df6    00000002     --HOLE-- [fill = 0]
                  00017df8    000000d8     drivers_cc13x2_v1.aem4f : GPIOCC26XX.oem4f (.text:GPIO_init)
                  00017ed0    000000d8     rf_multiMode_cc13x2_v1.aem4f : RFCC26X2_multiMode.oem4f (.text:RF_dispatchNextCmd)
                  00017fa8    000000d8     libopenthread_mtd.lib : mbedtls.obj (.text:_ZN33_INTERNAL_11_mbedtls_cpp_01b19df02ot6Crypto6CAllocEjj$47)
                  00018080    000000d8     rom_sysbios.aem4f : rom_sysbios.obj (.text:timer_settime)
                  00018158    000000d6     rf_multiMode_cc13x2_v1.aem4f : RFCC26X2_multiMode.oem4f (.text:RF_updatePaConfiguration)
                  0001822e    00000002     --HOLE-- [fill = 0]
                  00018230    000000d4                                  : RFCC26X2_multiMode.oem4f (.text:RF_swiHw)
                  00018304    000000d4     libopenthread_mtd.lib : mac.obj (.text:_ZN2ot3Mac3Mac17PerformEnergyScanEv)
                  000183d8    000000d0     driverlib.lib : pka.obj (.text:PKAGetECCResult$116)
                  000184a8    000000ce     tempsensor.obj (.text:coapHandleServer$9)
                  00018576    00000002     --HOLE-- [fill = 0]
                  00018578    000000ce     tempsensor.obj (.text:coapHandleServer_a$9)
                  00018646    00000002     --HOLE-- [fill = 0]
                  00018648    000000ce     tempsensor.obj (.text:coapHandleServer_l$9)
                  00018716    00000002     --HOLE-- [fill = 0]
                  00018718    000000c8     drivers_cc13x2_v1.aem4f : AESECBCC26XX.oem4f (.text:AESECB_oneStepEncrypt)
                  000187e0    000000c8     driverlib.lib : aes.obj (.text:NOROM_AESWriteToKeyStore)
                  000188a8    000000c8     drivers_cc13x2_v1.aem4f : PowerCC26X2.oem4f (.text:Power_releaseDependency)
                  00018970    000000c8     libopenthread_mtd.lib : announce_begin_server.obj (.text:_ZN2ot19AnnounceBeginServer11HandleTimerERNS_5TimerE)
                  00018a38    000000c8     bmi160.obj (.text:bmi160_bmm150_mag_compensate_xyz)
                  00018b00    000000c6     libopenthread_mtd.lib : coap_header.obj (.text:_ZN2ot4Coap6Header14GetFirstOptionEv)
                  00018bc6    00000002     --HOLE-- [fill = 0]
                  00018bc8    000000c6     radio.obj (.text:platformRadioProcessTransmitDone$17)
                  00018c8e    00000002     --HOLE-- [fill = 0]
                  00018c90    000000c4     drivers_cc13x2_v1.aem4f : PowerCC26X2.oem4f (.text:Power_setDependency)
                  00018d54    00000004                             : RingBuf.oem4f (.text:RingBuf_getCount)
                  00018d58    000000c4     radio.obj (.text:otPlatRadioEnergyScan)
                  00018e1c    000000c0     drivers_cc13x2_v1.aem4f : I2CCC26XX.oem4f (.text:I2CCC26XX_transfer)
                  00018edc    000000c0                             : UARTCC26XX.oem4f (.text:UARTCC26XX_initIO)
                  00018f9c    000000c0     libopenthread_mtd.lib : dataset_manager.obj (.text:_ZN2ot7MeshCoP14DatasetManager3SetERKNS0_7DatasetE)
                  0001905c    00000004     dpl_cc13x2_v1.aem4f : SemaphoreP_tirtos.oem4f (.text:SemaphoreP_destruct)
                  00019060    000000c0     bmi160.obj (.text:bmi160_set_intr_enable_2)
                  00019120    000000c0     libmbedcrypto.lib : ssl_tls.obj (.text:mbedtls_ssl_parse_finished)
                  000191e0    000000be     libopenthread_mtd.lib : coap.obj (.text:_ZN2ot4Coap8CoapBase18SendHeaderResponseE10otCoapCodeRKNS0_6HeaderERKNS_3Ip611MessageInfoE)
                  0001929e    000000be                           : dataset.obj (.text:_ZN2ot7MeshCoP7Dataset3SetERKNS_7MessageEth)
                  0001935c    000000bc                           : mle.obj (.text:_ZN2ot3Mle3Mle30HandleMessageTransmissionTimerERNS_5TimerE)
                  00019418    000000bc                           : coap.obj (.text:_ZN2ot4Coap14ResponsesQueue15EnqueueResponseERNS_7MessageERKNS_3Ip611MessageInfoE)
                  000194d4    000000bc     rom_sysbios.aem4f : rom_sysbios.obj (.text:clock_gettime)
                  00019590    000000bc     libmbedcrypto.lib : md.obj (.text:mbedtls_md_hmac_starts)
                  0001964c    000000b8     drivers_cc13x2_v1.aem4f : UARTCC26XX.oem4f (.text:UARTCC26XX_initHw)
                  00019704    000000b8     libopenthread_mtd.lib : dataset_manager.obj (.text:_ZN2ot7MeshCoP14DatasetManager8RegisterEv)
                  000197bc    000000b4     dpl_cc13x2_v1.aem4f : PowerCC26X2_tirtos.oem4f (.text:PowerCC26XX_standbyPolicy)
                  00019870    000000b4     otstack.obj (.text:handleNetifStateChanged)
                  00019924    000000b2     libopenthread_mtd.lib : network_data_leader.obj (.text:_ZN2ot11NetworkData10LeaderBase10GetContextERKNS_3Ip67AddressERNS_6Lowpan7ContextE)
                  000199d6    000000b2                           : ip6.obj (.text:_ZN2ot3Ip63Ip612AddMplOptionERNS_7MessageERNS0_6HeaderE)
                  00019a88    000000b2                           : ip6.obj (.text:_ZN2ot3Ip63Ip620AddTunneledMplOptionERNS_7MessageERNS0_6HeaderERNS0_11MessageInfoE)
                  00019b3a    000000b2                           : mle.obj (.text:_ZN2ot3Mle3Mle18HandleStateChangedERNS_8Notifier8CallbackEj)
                  00019bec    000000b1     rtsv7M4_T_le_v4SPD16_eabi.lib : _printfi_nf.c.obj (.text:_ltostr)
                  00019c9d    00000003     --HOLE-- [fill = 0]
                  00019ca0    000000b0     rf_multiMode_cc13x2_v1.aem4f : RFCC26X2_multiMode.oem4f (.text:RF_corePowerDown)
                  00019d50    000000b0     libopenthread_mtd.lib : thread_netif.obj (.text:_ZN2ot11ThreadNetifC1ERNS_8InstanceE)
                  00019e00    000000b0                           : mle.obj (.text:_ZN2ot3Mle3Mle13SetStateChildEt)
                  00019eb0    000000ae     nvoctp.obj (.text:NVOCTP_checkItem$25)
                  00019f5e    000000ac     rf_multiMode_cc13x2_v1.aem4f : RFCC26X2_multiMode.oem4f (.text:RF_initRadioSetup)
                  0001a00a    00000002     --HOLE-- [fill = 0]
                  0001a00c    000000ac     libopenthread_mtd.lib : dtls.obj (.text:_ZN2ot7MeshCoP4DtlsC1ERNS_8InstanceE)
                  0001a0b8    000000ac     libmbedcrypto.lib : ssl_tls.obj (.text:mbedtls_ssl_parse_change_cipher_spec)
                  0001a164    000000aa     libopenthread_mtd.lib : lowpan.obj (.text:_ZN2ot6Lowpan6Lowpan17CompressSourceIidERKNS_3Mac7AddressERKNS_3Ip67AddressERKNS0_7ContextERtPh)
                  0001a20e    000000aa                           : lowpan.obj (.text:_ZN2ot6Lowpan6Lowpan22CompressDestinationIidERKNS_3Mac7AddressERKNS_3Ip67AddressERKNS0_7ContextERtPh)
                  0001a2b8    000000a8     driverlib.lib : pka.obj (.text:NOROM_PKABigNumModGetResult)
                  0001a360    000000a8     libopenthread_mtd.lib : coap.obj (.text:_ZN2ot4Coap8CoapBase4StopEv)
                  0001a408    000000a8     settings.obj (.text:otPlatSettingsGet)
                  0001a4b0    000000a6     libopenthread_mtd.lib : message.obj (.text:_ZN2ot7Message5WriteEttPKv)
                  0001a556    00000002     --HOLE-- [fill = 0]
                  0001a558    000000a5                           : dataset_manager.obj (.text:_ZNK2ot7MeshCoP14DatasetManager3GetERKNS_4Coap6HeaderERKNS_7MessageERKNS_3Ip611MessageInfoE)
                  0001a5fd    00000003     --HOLE-- [fill = 0]
                  0001a600    000000a4     driverlib.lib : pka.obj (.text:NOROM_PKABigNumModStart)
                  0001a6a4    000000a4     libopenthread_mtd.lib : mle.obj (.text:_ZN2ot3Mle3Mle17SendParentRequestENS1_17ParentRequestTypeE)
                  0001a748    000000a4                           : ip6_filter.obj (.text:_ZNK2ot3Ip66Filter6AcceptERNS_7MessageE)
                  0001a7ec    000000a4     libmbedcrypto.lib : ssl_tls.obj (.text:mbedtls_ssl_flush_output)
                  0001a890    000000a0     driverlib.lib : pka.obj (.text:PKAWritePkaParam$116)
                  0001a930    000000a0                   : pka.obj (.text:PKAWritePkaParamExtraOffset$116)
                  0001a9d0    000000a0     drivers_cc13x2_v1.aem4f : UARTCC26XX.oem4f (.text:UARTCC26XX_writeCancel)
                  0001aa70    000000a0     libopenthread_mtd.lib : mac.obj (.text:_ZN2ot3Mac3Mac16PerformOperationEv)
                  0001ab10    000000a0                           : message.obj (.text:_ZNK2ot7Message4ReadEttPv)
                  0001abb0    000000a0     auto_init.aem4f : auto_init.oem4f (.text)
                  0001ac50    000000a0     rom_sysbios.aem4f : rom_sysbios.obj (.text:ti_sysbios_knl_Task_setPri__E)
                  0001acf0    0000009e     libopenthread_mtd.lib : mac_frame.obj (.text:_ZN2ot3Mac5Frame13InitMacHeaderEth)
                  0001ad8e    0000009e                           : mac_frame.obj (.text:_ZNK2ot3Mac5Frame16FindPayloadIndexEv)
                  0001ae2c    0000009c     drivers_cc13x2_v1.aem4f : UARTCC26XX.oem4f (.text:UARTCC26XX_swiIntFxn)
                  0001aec8    0000009c     rtsv7M4_T_le_v4SPD16_eabi.lib : memcpy_t2.asm.obj (.text)
                  0001af64    00000098     drivers_cc13x2_v1.aem4f : SHA2CC26X2.oem4f (.text:SHA2_finishHash)
                  0001affc    00000098     rom_sysbios.aem4f : rom_sysbios.obj (.text:ti_sysbios_knl_Clock_workFuncDynamic__E)
                  0001b094    00000096     libopenthread_mtd.lib : mle.obj (.text:_ZN2ot3Mle3Mle26HandleDelayedResponseTimerEv)
                  0001b12a    00000096                           : coap_secure.obj (.text:_ZN2ot4Coap10CoapSecure14HandleDtlsSendEPvPKhth)
                  0001b1c0    00000096     rtsv7M4_T_le_v4SPD16_eabi.lib : ull_div_t2.asm.obj (.text)
                  0001b256    00000002     --HOLE-- [fill = 0]
                  0001b258    00000094     drivers_cc13x2_v1.aem4f : PINCC26XX.oem4f (.text:PIN_open)
                  0001b2ec    00000094     libopenthread_mtd.lib : timer.obj (.text:_ZN2ot10TimerMilli7StartAtEjj)
                  0001b380    00000094                           : mac.obj (.text:_ZN2ot3Mac3Mac16StartCsmaBackoffEv)
                  0001b414    00000094     libmbedcrypto.lib : ctr_drbg.obj (.text:mbedtls_ctr_drbg_random_with_add)
                  0001b4a8    00000092     CC1352R1_LAUNCHXL_fxns.obj (.text:CC1352R1_LAUNCHXL_shutDownExtFlash)
                  0001b53a    00000006     drivers_cc13x2_v1.aem4f : I2CCC26XX.oem4f (.text:I2CCC26XX_control)
                  0001b540    00000092     bmi160.obj (.text:bmi160_bmm150_mag_compensate_X)
                  0001b5d2    00000006     driverlib.lib : cpu.obj (.text:NOROM_CPUdelay)
                  0001b5d8    00000092     bmi160.obj (.text:bmi160_bmm150_mag_compensate_Y)
                  0001b66a    00000002     --HOLE-- [fill = 0]
                  0001b66c    00000090     drivers_cc13x2_v1.aem4f : I2CCC26XX.oem4f (.text:I2CCC26XX_cancel)
                  0001b6fc    00000090     rf_multiMode_cc13x2_v1.aem4f : RFCC26X2_multiMode.oem4f (.text:RF_discardPendCmd)
                  0001b78c    00000090     drivers_cc13x2_v1.aem4f : SHA2CC26X2.oem4f (.text:SHA2_oneStepHash)
                  0001b81c    00000090                             : SHA2CC26X2.oem4f (.text:SHA2_processHash)
                  0001b8ac    00000090                             : SHA2CC26X2.oem4f (.text:SHA2_startHash)
                  0001b93c    00000090     libopenthread_mtd.lib : mle.obj (.text:_ZN2ot3Mle3Mle20PrepareAnnounceStateEv)
                  0001b9cc    00000004     dpl_cc13x2_v1.aem4f : SemaphoreP_tirtos.oem4f (.text:SemaphoreP_post)
                  0001b9d0    00000090     bmi160.obj (.text:bmi160_set_intr_fifo_wm)
                  0001ba60    00000090     bmi160.obj (.text:bmi160_set_intr_level)
                  0001baf0    00000090     bmi160.obj (.text:bmi160_set_output_enable)
                  0001bb80    00000090     libmbedcrypto.lib : ssl_tls.obj (.text:ssl_calc_finished_tls_sha256$104)
                  0001bc10    00000090     drivers_cc13x2_v1.aem4f : UARTCC26XX.oem4f (.text:writeTxFifoFlush)
                  0001bca0    0000008e     libopenthread_mtd.lib : ip6_api.obj (.text:otIp6AddUnicastAddress)
                  0001bd2e    00000002     --HOLE-- [fill = 0]
                  0001bd30    0000008c     drivers_cc13x2_v1.aem4f : I2CCC26XX.oem4f (.text:I2CCC26XX_primeTransfer)
                  0001bdbc    00000004     dpl_cc13x2_v1.aem4f : SwiP_tirtos.oem4f (.text:SwiP_destruct)
                  0001bdc0    0000008c     nvoctp.obj (.text:NVOCTP_writeItemApi$25)
                  0001be4c    0000008c     libopenthread_mtd.lib : mle.obj (.text:_ZN2ot3Mle3Mle18SendOrphanAnnounceEv)
                  0001bed8    0000008c                           : coap.obj (.text:_ZN2ot4Coap12CoapMetadataC1EbRKNS_3Ip611MessageInfoEPFYvPvP12otCoapHeaderP9otMessagePK13otMessageInfo7otErrorES6_)
                  0001bf64    0000008c                           : aes_ccm.obj (.text:_ZN2ot6Crypto6AesCcm6HeaderEPKvj)
                  0001bff0    0000008c     libmbedcrypto.lib : entropy.obj (.text:entropy_gather_internal$97)
                  0001c07c    0000008c     rom_sysbios.aem4f : rom_sysbios.obj (.text:ti_sysbios_gates_GateMutexPri_enter__E)
                  0001c108    0000008a     rf_multiMode_cc13x2_v1.aem4f : RFCC26X2_multiMode.oem4f (.text:RF_schChkCmdInsert)
                  0001c192    0000008a     libopenthread_mtd.lib : timestamp.obj (.text:_ZNK2ot7MeshCoP9Timestamp7CompareERKS1_)
                  0001c21c    00000088     drivers_cc13x2_v1.aem4f : AESECBCC26XX.oem4f (.text:AESECB_open)
                  0001c2a4    00000004     dpl_cc13x2_v1.aem4f : SwiP_tirtos.oem4f (.text:SwiP_disable)
                  0001c2a8    00000088     bmi160_support.obj (.text:BMI160_I2C_bus_write$3)
                  0001c330    00000088     drivers_cc13x2_v1.aem4f : ECJPAKECC26X2.oem4f (.text:ECJPAKE_open)
                  0001c3b8    00000088     driverlib.lib : osc.obj (.text:NOROM_OSCHF_AttemptToSwitchToXosc)
                  0001c440    00000088     rf_multiMode_cc13x2_v1.aem4f : RFCC26X2_multiMode.oem4f (.text:RF_ratFreeChannel)
                  0001c4c8    00000088     drivers_cc13x2_v1.aem4f : SHA2CC26X2.oem4f (.text:SHA2_open)
                  0001c550    00000088     libopenthread_mtd.lib : message.obj (.text:_ZNK2ot7Message5CloneEt)
                  0001c5d8    00000088     rom_sysbios.aem4f : rom_sysbios.obj (.text:_pthread_removeThreadKeys)
                  0001c660    00000088     drivers_cc13x2_v1.aem4f : PowerCC26X2_calibrateRCOSC.oem4f (.text:calibrateRcoscHf2)
                  0001c6e8    00000088     radio.obj (.text:otPlatRadioReceive)
                  0001c770    00000086     rtsv7M4_T_le_v4SPD16_eabi.lib : fd_cmp_t2.asm.obj (.text:__aeabi_cdcmple)
                  0001c7f6    00000086                                   : fd_cmp_t2.asm.obj (.text:__aeabi_cdrcmple)
                  0001c87c    00000004     dpl_cc13x2_v1.aem4f : SwiP_tirtos.oem4f (.text:SwiP_getTrigger)
                  0001c880    00000086     random.obj (.text:fillRandomPool$18)
                  0001c906    00000002     --HOLE-- [fill = 0]
                  0001c908    00000084     rf_multiMode_cc13x2_v1.aem4f : RFCC26X2_multiMode.oem4f (.text:RF_hwiHw)
                  0001c98c    00000084     drivers_cc13x2_v1.aem4f : UARTCC26XX.oem4f (.text:UARTCC26XX_close)
                  0001ca10    00000084     sha256_alt.obj (.text:mbedtls_internal_sha256_process)
                  0001ca94    00000004     dpl_cc13x2_v1.aem4f : SwiP_tirtos.oem4f (.text:SwiP_or)
                  0001ca98    00000084     sha256_alt.obj (.text:mbedtls_sha256_update_ret)
                  0001cb1c    00000084     rom_sysbios.aem4f : rom_sysbios.obj (.text:pthread_mutex_init)
                  0001cba0    00000082     libopenthread_mtd.lib : link_quality.obj (.text:_ZN2ot11RssAverager3AddEa)
                  0001cc22    00000082                           : lowpan.obj (.text:_ZN2ot6Lowpan6Lowpan10ComputeIidERKNS_3Mac7AddressERKNS0_7ContextERNS_3Ip67AddressE)
                  0001cca4    00000082                           : dataset.obj (.text:_ZN2ot7MeshCoP7Dataset3SetERKNS0_3TlvE)
                  0001cd26    00000002     --HOLE-- [fill = 0]
                  0001cd28    00000080     drivers_cc13x2_v1.aem4f : NVSCC26XX.oem4f (.text:NVSCC26XX_open)
                  0001cda8    00000080     rf_multiMode_cc13x2_v1.aem4f : RFCC26X2_multiMode.oem4f (.text:RF_yield)
                  0001ce28    00000080     libopenthread_mtd.lib : dataset_manager.obj (.text:_ZN2ot7MeshCoP14DatasetManager7RestoreEv)
                  0001cea8    00000080                           : dataset_manager.obj (.text:_ZN2ot7MeshCoP14PendingDataset16HandleDelayTimerEv)
                  0001cf28    00000080                           : message.obj (.text:_ZN2ot7Message11SetPriorityEh)
                  0001cfa8    00000080                           : message.obj (.text:_ZN2ot7Message9SetLengthEt)
                  0001d028    00000080     rom_sysbios.aem4f : rom_sysbios.obj (.text:ti_sysbios_family_arm_cc26xx_Timer_start__E)
                  0001d0a8    0000007e     libmbedcrypto.lib : ctr_drbg.obj (.text:ctr_drbg_update_internal$94)
                  0001d126    0000007c     libopenthread_mtd.lib : network_data_leader.obj (.text:_ZN2ot11NetworkData10LeaderBase10GetContextEhRNS_6Lowpan7ContextE)
                  0001d1a2    0000007c                           : data_poll_manager.obj (.text:_ZN2ot15DataPollManager16ScheduleNextPollENS0_18PollPeriodSelectorE)
                  0001d21e    0000007c                           : mle.obj (.text:_ZN2ot3Mle3Mle22AppendPendingTimestampERNS_7MessageE)
                  0001d29a    0000007c                           : dataset_manager.obj (.text:_ZN2ot7MeshCoP14DatasetManager11HandleTimerEv)
                  0001d316    0000007c                           : message.obj (.text:_ZNK2ot7Message14UpdateChecksumEttt)
                  0001d392    00000002     --HOLE-- [fill = 0]
                  0001d394    0000007c     drivers_cc13x2_v1.aem4f : PowerCC26X2_calibrateRCOSC.oem4f (.text:updateSubSecInc)
                  0001d410    0000007a     libopenthread_mtd.lib : mle.obj (.text:_ZN2ot3Mle3Mle5StartEbb)
                  0001d48a    00000006     drivers_cc13x2_v1.aem4f : NVSCC26XX.oem4f (.text:NVSCC26XX_control)
                  0001d490    0000007a     ecjpake_alt.obj (.text:mbedtls_ecjpake_read_round_one)
                  0001d50a    0000007a     rtsv7M4_T_le_v4SPD16_eabi.lib : memset_t2.asm.obj (.text)
                  0001d584    00000078     drivers_cc13x2_v1.aem4f : ECJPAKECC26X2.oem4f (.text:ECJPAKE_computeSharedSecret)
                  0001d5fc    00000078                             : ECJPAKECC26X2.oem4f (.text:ECJPAKE_roundTwoGenerateKeys)
                  0001d674    00000078     rf_multiMode_cc13x2_v1.aem4f : RFCC26X2_multiMode.oem4f (.text:RF_howToSchedule)
                  0001d6ec    00000078                                  : RFCC26X2_multiMode.oem4f (.text:RF_ratDispatchTime)
                  0001d764    00000078     libopenthread_diag_mtd.lib : diag_process.obj (.text:_ZN2ot11Diagnostics4Diag15DiagReceiveDoneEP10otInstanceP12otRadioFrame7otError)
                  0001d7dc    00000078     libmbedcrypto.lib : cipher.obj (.text:mbedtls_cipher_update)
                  0001d854    00000076     libopenthread_mtd.lib : tlvs.obj (.text:_ZN2ot3Tlv9GetOffsetERKNS_7MessageEhRt)
                  0001d8ca    00000076                           : dataset_manager.obj (.text:_ZN2ot7MeshCoP14PendingDataset15StartDelayTimerEv)
                  0001d940    00000076                           : joiner.obj (.text:_ZN2ot7MeshCoP6Joiner25SendJoinerEntrustResponseERKNS_4Coap6HeaderERKNS_3Ip611MessageInfoE)
                  0001d9b6    00000076     libmbedcrypto.lib : ctr_drbg.obj (.text:mbedtls_ctr_drbg_reseed)
                  0001da2c    00000074     driverlib.lib : pka.obj (.text:PKAGetBigNumResult$116)
                  0001daa0    00000074     drivers_cc13x2_v1.aem4f : PowerCC26X2_calibrateRCOSC.oem4f (.text:PowerCC26X2_auxISR)
                  0001db14    00000074     rf_multiMode_cc13x2_v1.aem4f : RFCC26X2_multiMode.oem4f (.text:RF_issueRadioFreeCb)
                  0001db88    00000074     libopenthread_mtd.lib : joiner.obj (.text:_ZN2ot7MeshCoP6Joiner8CompleteE7otError)
                  0001dbfc    00000004     dpl_cc13x2_v1.aem4f : SwiP_tirtos.oem4f (.text:SwiP_post)
                  0001dc00    00000074     alarm.obj (.text:otPlatAlarmMilliStartAt)
                  0001dc74    00000004     dpl_cc13x2_v1.aem4f : SystemP_tirtos.oem4f (.text:SystemP_vsnprintf)
                  0001dc78    00000074     settings.obj (.text:otPlatSettingsSet)
                  0001dcec    00000074     rom_sysbios.aem4f : rom_sysbios.obj (.text:ti_sysbios_gates_GateMutexPri_leave__E)
                  0001dd60    00000072     nvoctp.obj (.text:NVOCTP_copyItem$25)
                  0001ddd2    00000006     rf_multiMode_cc13x2_v1.aem4f : RFCC26X2_multiMode.oem4f (.text:RF_clkReqAccess)
                  0001ddd8    00000072     nvoctp.obj (.text:NVOCTP_readItem$25)
                  0001de4a    00000072     rf_multiMode_cc13x2_v1.aem4f : RFCC26X2_multiMode.oem4f (.text:RF_detachOverrides)
                  0001debc    00000072     libopenthread_mtd.lib : mle.obj (.text:_ZN2ot3Mle3Mle16SetStateDetachedEv)
                  0001df2e    00000002     --HOLE-- [fill = 0]
                  0001df30    00000072     bmi160.obj (.text:bmi160_set_mag_manual_enable)
                  0001dfa2    00000002     --HOLE-- [fill = 0]
                  0001dfa4    00000070     drivers_cc13x2_v1.aem4f : ECJPAKECC26X2.oem4f (.text:ECJPAKE_generateZKP)
                  0001e014    00000070                             : ECJPAKECC26X2.oem4f (.text:ECJPAKE_roundOneGenerateKeys)
                  0001e084    00000070                             : ECJPAKECC26X2.oem4f (.text:ECJPAKE_verifyZKP)
                  0001e0f4    00000070     driverlib.lib : rfc.obj (.text:NOROM_RFCAnaDivTxOverride)
                  0001e164    00000004     rtsv7M4_T_le_v4SPD16_eabi.lib : typeinfo.c.obj (.text:_ZN10__cxxabiv120__si_class_type_infoD1Ev)
                  0001e168    0000006e     nvoctp.obj (.text:NVOCTP_findOffset$25)
                  0001e1d6    0000006e     rf_multiMode_cc13x2_v1.aem4f : RFCC26X2_multiMode.oem4f (.text:RF_attachOverrides)
                  0001e244    0000006e     libopenthread_mtd.lib : key_manager.obj (.text:_ZN2ot10KeyManager21SetCurrentKeySequenceEj)
                  0001e2b2    0000006e                           : message.obj (.text:_ZN2ot12MessageQueue7DequeueERNS_7MessageE)
                  0001e320    0000006e     bmi160.obj (.text:bmi160_bmm150_mag_wakeup)
                  0001e38e    00000002     --HOLE-- [fill = 0]
                  0001e390    0000006e     radio.obj (.text:otPlatRadioSetExtendedAddress)
                  0001e3fe    00000002     --HOLE-- [fill = 0]
                  0001e400    0000006d     rom_sysbios.aem4f : rom_sysbios.obj (.text:xdc_runtime_System_formatNum__I)
                  0001e46d    00000003     --HOLE-- [fill = 0]
                  0001e470    0000006c     keys_utils.obj (.text:KeysUtils_initialize)
                  0001e4dc    0000006c     drivers_cc13x2_v1.aem4f : PINCC26XX.oem4f (.text:PIN_add)
                  0001e548    0000006c                             : UARTCC26XX.oem4f (.text:UARTCC26XX_readCancel)
                  0001e5b4    0000006c     libopenthread_mtd.lib : mesh_forwarder.obj (.text:_ZN2ot13MeshForwarder19HandleDiscoverTimerERNS_5TimerE)
                  0001e620    0000006c                           : energy_scan_server.obj (.text:_ZN2ot16EnergyScanServerC1ERNS_8InstanceE)
                  0001e68c    0000006c     libmbedcrypto.lib : bignum.obj (.text:mbedtls_mpi_copy)
                  0001e6f8    0000006c                       : ssl_cookie.obj (.text:mbedtls_ssl_cookie_check)
                  0001e764    00000004     libopenthread_mtd.lib : energy_scan_server.obj (.text:_ZN2ot16EnergyScanServer13HandleRequestEPvP12otCoapHeaderP9otMessagePK13otMessageInfo)
                  0001e768    0000006a     otstack.obj (.text:OtStack_taskCreate)
                  0001e7d2    0000006a     libopenthread_mtd.lib : network_data_leader.obj (.text:_ZN2ot11NetworkData10LeaderBase14SetNetworkDataEhhbRKNS_7MessageEt)
                  0001e83c    0000006a                           : message.obj (.text:_ZN2ot7Message7PrependEPKvt)
                  0001e8a6    0000006a                           : instance.obj (.text:_ZN2ot8InstanceC1Ev)
                  0001e910    0000006a     bmi160.obj (.text:bmi160_read_gyro_xyz)
                  0001e97a    00000006     drivers_cc13x2_v1.aem4f : UARTCC26XX.oem4f (.text:UARTCC26XX_readPolling)
                  0001e980    0000006a     ecjpake_alt.obj (.text:ecjpake_k_zkp_read$22)
                  0001e9ea    00000002     --HOLE-- [fill = 0]
                  0001e9ec    00000068     driverlib.lib : osc.obj (.text:NOROM_OSCHF_SwitchToRcOscTurnOffXosc)
                  0001ea54    00000068     rf_multiMode_cc13x2_v1.aem4f : RFCC26X2_multiMode.oem4f (.text:RF_getCurrentTime)
                  0001eabc    00000068     libopenthread_mtd.lib : mesh_forwarder.obj (.text:_ZN2ot13MeshForwarder21HandleReassemblyTimerERNS_5TimerE)
                  0001eb24    00000068                           : mesh_forwarder.obj (.text:_ZN2ot13MeshForwarder22HandleDiscoverCompleteEv)
                  0001eb8c    00000068                           : mesh_forwarder.obj (.text:_ZN2ot13MeshForwarder24GetMacDestinationAddressERKNS_3Ip67AddressERNS_3Mac7AddressE)
                  0001ebf4    00000068                           : mac.obj (.text:_ZN2ot3Mac3Mac14SetNetworkNameEPKch)
                  0001ec5c    00000068     rtsv7M4_T_le_v4SPD16_eabi.lib : copy_decompress_lzss.c.obj (.text:decompress:lzss:__TI_decompress_lzss)
                  0001ecc4    00000068     libmbedcrypto.lib : entropy.obj (.text:entropy_update$97)
                  0001ed2c    00000068                       : ecp.obj (.text:mbedtls_ecp_group_free)
                  0001ed94    00000068                       : ssl_tls.obj (.text:mbedtls_ssl_handshake_wrapup)
                  0001edfc    00000066     libopenthread_mtd.lib : message.obj (.text:_ZN2ot11MessagePool3NewEht)
                  0001ee62    00000066                           : mac.obj (.text:_ZN2ot3Mac3Mac17PerformActiveScanEv)
                  0001eec8    00000066                           : coap.obj (.text:_ZN2ot4Coap8CoapBase16SendEmptyMessageE10otCoapTypeRKNS0_6HeaderERKNS_3Ip611MessageInfoE)
                  0001ef2e    00000002     --HOLE-- [fill = 0]
                  0001ef30    00000066     bmi160.obj (.text:bmi160_set_accel_bw)
                  0001ef96    00000002     --HOLE-- [fill = 0]
                  0001ef98    00000066     bmi160.obj (.text:bmi160_set_accel_under_sampling_parameter)
                  0001effe    00000002     --HOLE-- [fill = 0]
                  0001f000    00000066     bmi160.obj (.text:bmi160_set_fifo_header_enable)
                  0001f066    00000002     --HOLE-- [fill = 0]
                  0001f068    00000066     bmi160.obj (.text:bmi160_set_gyro_bw)
                  0001f0ce    00000002     --HOLE-- [fill = 0]
                  0001f0d0    00000066     bmi160.obj (.text:bmi160_set_if_mode)
                  0001f136    00000002     --HOLE-- [fill = 0]
                  0001f138    00000066     bmi160.obj (.text:bmi160_set_target_page)
                  0001f19e    00000002     --HOLE-- [fill = 0]
                  0001f1a0    00000066     radio.obj (.text:otPlatRadioSetPanId)
                  0001f206    00000002     --HOLE-- [fill = 0]
                  0001f208    00000066     radio.obj (.text:otPlatRadioSetShortAddress)
                  0001f26e    00000002     --HOLE-- [fill = 0]
                  0001f270    00000066     radio.obj (.text:otPlatRadioSleep)
                  0001f2d6    00000002     --HOLE-- [fill = 0]
                  0001f2d8    00000064     drivers_cc13x2_v1.aem4f : CryptoResourceCC26XX.oem4f (.text:CryptoResourceCC26XX_constructRTOSObjects)
                  0001f33c    00000064                             : I2CCC26XX.oem4f (.text:I2CCC26XX_initIO)
                  0001f3a0    00000064     nvoctp.obj (.text:NVOCTP_readItemApi$25)
                  0001f404    00000064     drivers_cc13x2_v1.aem4f : PKAResourceCC26XX.oem4f (.text:PKAResourceCC26XX_constructRTOSObjects)
                  0001f468    00000064                             : UARTCC26XX.oem4f (.text:UARTCC26XX_control)
                  0001f4cc    00000064     libopenthread_mtd.lib : mle.obj (.text:_ZN2ot3Mle3Mle6EnableEv)
                  0001f530    00000064     radio.obj (.text:applyIeee802154Patch$17)
                  0001f594    00000004     libopenthread_mtd.lib : panid_query_server.obj (.text:_ZN2ot16PanIdQueryServer11HandleQueryEPvP12otCoapHeaderP9otMessagePK13otMessageInfo)
                  0001f598    00000064     bmi160.obj (.text:bmi160_set_accel_output_data_rate)
                  0001f5fc    00000004     libopenthread_mtd.lib : announce_begin_server.obj (.text:_ZN2ot19AnnounceBeginServer13HandleRequestEPvP12otCoapHeaderP9otMessagePK13otMessageInfo)
                  0001f600    00000064     bmi160.obj (.text:bmi160_set_mag_interface_normal)
                  0001f664    00000064     libmbedcrypto.lib : bignum.obj (.text:mbedtls_mpi_grow)
                  0001f6c8    00000064                       : ssl_tls.obj (.text:mbedtls_ssl_handshake_free)
                  0001f72c    00000064                       : ssl_cookie.obj (.text:ssl_cookie_hmac$102)
                  0001f790    00000062     libopenthread_mtd.lib : link_quality.obj (.text:_ZN2ot15LinkQualityInfo6AddRssEaa)
                  0001f7f2    00000062                           : mle.obj (.text:_ZN2ot3Mle3Mle13SetLeaderDataEjhh)
                  0001f854    00000004                           : mac.obj (.text:_ZN2ot3Mac3Mac10RadioSleepEv)
                  0001f858    00000062     bmi160.obj (.text:bmi160_bmm150_mag_compensate_Z)
                  0001f8ba    00000006     drivers_cc13x2_v1.aem4f : UARTCC26XX.oem4f (.text:UARTCC26XX_writePolling)
                  0001f8c0    00000062     bmi160.obj (.text:bmi160_set_gyro_output_data_rate)
                  0001f922    00000006     libopenthread_mtd.lib : message.obj (.text:_ZN2ot12MessageQueueC1Ev)
                  0001f928    00000062     radio.obj (.text:otPlatRadioGetIeeeEui64)
                  0001f98a    00000002     --HOLE-- [fill = 0]
                  0001f98c    00000060     drivers_cc13x2_v1.aem4f : GPIOCC26XX.oem4f (.text:GPIO_write)
                  0001f9ec    00000060                             : I2CCC26XX.oem4f (.text:I2CCC26XX_close)
                  0001fa4c    00000004     libopenthread_mtd.lib : mac.obj (.text:_ZN2ot3Mac3Mac12RadioReceiveEh)
                  0001fa50    00000060     nvoctp.obj (.text:NVOCTP_doNVCRC$25)
                  0001fab0    00000060     rf_multiMode_cc13x2_v1.aem4f : RFCC26X2_multiMode.oem4f (.text:RF_ratArmChannel)
                  0001fb10    00000060     libopenthread_mtd.lib : key_manager.obj (.text:_ZN2ot10KeyManager12SetMasterKeyERK11otMasterKey)
                  0001fb70    00000060                           : netif.obj (.text:_ZN2ot3Ip65Netif28UnsubscribeExternalMulticastERKNS0_7AddressE)
                  0001fbd0    00000060                           : coap.obj (.text:_ZN2ot4Coap14ResponsesQueue11HandleTimerEv)
                  0001fc30    00000060                           : dataset_manager.obj (.text:_ZN2ot7MeshCoP14PendingDatasetC1ERNS_8InstanceE)
                  0001fc90    00000060                           : joiner.obj (.text:_ZN2ot7MeshCoP6JoinerC1ERNS_8InstanceE)
                  0001fcf0    00000060     libmbedcrypto.lib : md.obj (.text:mbedtls_md_hmac_finish)
                  0001fd50    00000060     radio.obj (.text:otPlatRadioEnable)
                  0001fdb0    00000060     rom_sysbios.aem4f : rom_sysbios.obj (.text:pthread_mutex_unlock)
                  0001fe10    0000005e     nvoctp.obj (.text:NVOCTP_createItemApi$25)
                  0001fe6e    0000005e     libopenthread_mtd.lib : netif.obj (.text:_ZN2ot3Ip65Netif28RemoveExternalUnicastAddressERKNS0_7AddressE)
                  0001fecc    0000005e                           : mle.obj (.text:_ZN2ot3Mle3Mle18AddDelayedResponseERNS_7MessageERKNS_3Ip67AddressEt)
                  0001ff2a    00000006                           : ip6.obj (.text:_ZN2ot3Ip63Ip614UpdateChecksumEtRKNS0_7AddressE)
                  0001ff30    0000005e     bmi160.obj (.text:bmi160_read_accel_xyz)
                  0001ff8e    00000002     --HOLE-- [fill = 0]
                  0001ff90    0000005e     release_pem4f.oem4f (.text:xdc_runtime_Startup_getState__I)
                  0001ffee    00000002     --HOLE-- [fill = 0]
                  0001fff0    0000005c     display.aem4f : Display.oem4f (.text:Display_doOpen)
                  0002004c    0000005c     driverlib.lib : chipinfo.obj (.text:NOROM_ChipInfo_GetChipType)
                  000200a8    0000005c     drivers_cc13x2_v1.aem4f : PINCC26XX.oem4f (.text:PIN_remove)
                  00020104    0000005c     rf_multiMode_cc13x2_v1.aem4f : RFCC26X2_multiMode.oem4f (.text:RF_dispatchNextEvent)
                  00020160    0000005c                                  : RFCC26X2_multiMode.oem4f (.text:RF_fsmXOSCState)
                  000201bc    0000005c                                  : RFCC26X2_multiMode.oem4f (.text:RF_hwiCpe0PowerFsm)
                  00020218    0000005c     drivers_cc13x2_v1.aem4f : SHA2CC26X2.oem4f (.text:SHA2_waitForResult)
                  00020274    0000005c     libopenthread_mtd.lib : mle.obj (.text:_ZN2ot3Mle3Mle11GetNeighborERKNS_3Mac10ExtAddressE)
                  000202d0    0000005c                           : coap.obj (.text:_ZN2ot4Coap8CoapBase5StartEt)
                  0002032c    00000004                           : mac.obj (.text:_ZN2ot3Mac3Mac24RadioSupportsCsmaBackoffEv)
                  00020330    0000005c     bmi160_support.obj (.text:bmi160_interrupt_configuration)
                  0002038c    0000005c     drivers_cc13x2_v1.aem4f : NVSCC26XX.oem4f (.text:doErase)
                  000203e8    0000005c     sha256_alt.obj (.text:mbedtls_sha256_finish_ret)
                  00020444    00000004     libopenthread_mtd.lib : mle.obj (.text:_ZN2ot3Mle3Mle16HandleUdpReceiveEPvP9otMessagePK13otMessageInfo)
                  00020448    0000005c     sha256_alt.obj (.text:mbedtls_sha256_starts_ret)
                  000204a4    0000005c     rom_sysbios.aem4f : rom_sysbios.obj (.text:ti_sysbios_heaps_HeapMem_initPrimary__I)
                  00020500    0000005a     libopenthread_mtd.lib : heap.obj (.text:_ZN2ot5Utils4HeapC1Ev)
                  0002055a    00000006                           : mac.obj (.text:_ZN2ot3Mac3Mac14SetNetworkNameEPKc)
                  00020560    0000005a     bmi160.obj (.text:bmi160_set_i2c_device_addr)
                  000205ba    0000005a     rom_sysbios.aem4f : rom_sysbios.obj (.text:pthread_cancel)
                  00020614    00000058     drivers_cc13x2_v1.aem4f : I2CCC26XX.oem4f (.text:I2CCC26XX_swiFxn)
                  0002066c    00000058                             : PowerCC26X2_calibrateRCOSC.oem4f (.text:PowerCC26X2_initiateCalibration)
[...]
1003c380  ti_sysbios_gates_GateMutex_Object__PARAMS__C                                                                                       
1003c398  ti_sysbios_knl_Event_Object__PARAMS__C                                                                                             
1003c3b0  ti_sysbios_knl_Queue_Object__PARAMS__C                                                                                             
20000000  ti_sysbios_family_arm_m3_Hwi_ramVectors                                                                                            
20000100  xdcRomConstPtr                                                                                                                     
20000104  xdcRomExternFuncPtr                                                                                                                
20000108  xdcRomStatePtr                                                                                                                     
20003c98  uartCC26XXObjects                                                                                                                  
20003ee8  ti_sysbios_knl_Task_Instance_State_0_stack__A                                                                                      
200042a8  _ZN2ot11Diagnostics4Diag8sTxPowerE                                                                                                 
200042a9  _ZN2ot11Diagnostics4Diag8sChannelE                                                                                                 
200042aa  _ZN2ot11Diagnostics4Diag6sTxLenE                                                                                                   
200042ab  _ZN2ot11Diagnostics4Diag13sRepeatActiveE                                                                                           
200042ac  _ZN2ot11Diagnostics4Diag9sTxPeriodE                                                                                                
200042b0  _ZN2ot11Diagnostics4Diag10sTxPacketsE                                                                                              
200042b4  _ZN2ot11Diagnostics4Diag9sTxPacketE                                                                                                
200042b8  _ZN2ot11Diagnostics4Diag9sInstanceE                                                                                                
200042bc  _ZN2ot11Diagnostics4Diag6sStatsE                                                                                                   
200042c8  _ZN2ot11Diagnostics4Diag7sOutputE                                                                                                  
200043c8  i2cCC26xxObjects                                                                                                                   
200044a8  ti_sysbios_family_arm_m3_Hwi_dispatchTable                                                                                         
20004600  pinHandleTable                                                                                                                     
20004740  ecjpakeCC26X2Objects                                                                                                               
20004794  sha2CC26X2Objects                                                                                                                  
200047e4  aesecbCC26XXObjects                                                                                                                
20004830  uartCC26XXRingBuffer                                                                                                               
20004b20  CryptoResourceCC26XX_accessSemaphore                                                                                               
20004b3c  CryptoResourceCC26XX_hwi                                                                                                           
20004b58  CryptoResourceCC26XX_operationSemaphore                                                                                            
20004b74  PKAResourceCC26XX_accessSemaphore                                                                                                  
20004b90  PKAResourceCC26XX_hwi                                                                                                              
20004bac  PKAResourceCC26XX_operationSemaphore                                                                                               
20004cc4  OPT3001_object                                                                                                                     
20004cd0  displayUartObject                                                                                                                  
20004ce8  ClockP_tickPeriod                                                                                                                  
20004cec  PowerCC26XX_swiKey                                                                                                                 
20004cf0  PowerCC26XX_taskKey                                                                                                                
20004cf4  nvsCC26xxObjects                                                                                                                   
20004cfa  driverlib_release_0_52354                                                                                                          
200061dd  acceloff_x                                                                                                                         
200061de  acceloff_y                                                                                                                         
200061df  acceloff_z                                                                                                                         
200061e0  peerPort                                                                                                                           
200061e2  gyrooff_x                                                                                                                          
200061e4  gyrooff_y                                                                                                                          
200061e6  gyrooff_z                                                                                                                          
200061ec  reportClkHandle                                                                                                                    
200061f8  i2cHandle                                                                                                                          
20006224  OPT3001_config                                                                                                                     
20006244  thermostatAddress                                                                                                                  
20006284  i2cParams                                                                                                                          
200062a8  reportClkStruct                                                                                                                    
20006b24  pOverrides                                                                                                                         
20006b60  txPowerTable                                                                                                                       
20006f48  V_bmm150_maual_auto_condition_u8                                                                                                   
20006f4c  p_bmi160                                                                                                                           
20006f50  mag_data                                                                                                                           
20006f58  fifo_vector_xyz                                                                                                                    
20006f64  processed_data                                                                                                                     
20006f70  mag_trim                                                                                                                           
20006f80  yas537_data                                                                                                                        
200071c0  ROM_stateStruct                                                                                                                    
200071c0  ti_sysbios_knl_Clock_Module__state__V                                                                                              
200071ec  ti_sysbios_family_arm_cc26xx_TimestampProvider_Module__state__V                                                                    
200071f0  xdc_runtime_Startup_Module__state__V                                                                                               
200071f8  ti_sysbios_BIOS_Module__state__V                                                                                                   
2000721c  ti_sysbios_knl_Swi_Module__state__V                                                                                                
20007238  ti_sysbios_knl_Task_Module__state__V                                                                                               
2000727c  xdc_runtime_Memory_Module__state__V                                                                                                
20007280  xdc_runtime_System_Module__state__V                                                                                                
20007288  ti_sysbios_family_arm_m3_Hwi_Module__state__V                                                                                      
200072bc  xdc_runtime_Error_Module__state__V                                                                                                 
200072c0  ti_sysbios_family_arm_cc26xx_Timer_Module__state__V                                                                                
200072c8  PowerCC26X2_module                                                                                                                 
20007418  ti_sysbios_gates_GateMutex_Object__table__V                                                                                        
2000746c  ti_sysbios_knl_Task_Object__table__V                                                                                               
200074b8  ti_sysbios_family_arm_cc26xx_Timer_Object__table__V                                                                                
20007540  accel_off_x                                                                                                                        
20007541  accel_off_y                                                                                                                        
20007542  accel_off_z                                                                                                                        
20007544  gyro_off_x                                                                                                                         
20007546  gyro_off_y                                                                                                                         
20007548  gyro_off_z                                                                                                                         
20007550  gyr_setting                                                                                                                        
20007554  gyroxyz                                                                                                                            
2000755a  accelxyz                                                                                                                           
20007560  magxyz                                                                                                                             
2000756c  s_bmi160                                                                                                                           
200075b8  ti_sysbios_knl_Swi_Module_State_0_readyQ__A                                                                                        
200075e8  ti_sysbios_knl_Swi_Object__table__V                                                                                                
20007618  ti_sysbios_knl_Task_Module_State_0_readyQ__A                                                                                       
20007674  gpioPinConfigs                                                                                                                     
200076ec  ti_sysbios_knl_Clock_Object__table__V                                                                                              
2000770c  xdc_runtime_Error_IgnoreBlock                                                                                                      
20007744  ti_sysbios_family_arm_m3_Hwi_Object__table__V                                                                                      
2000775c  ti_sysbios_heaps_HeapMem_Object__table__V                                                                                          
20007794  gpioCallbackFunctions                                                                                                              
200077bc  mbedtls_calloc                                                                                                                     
200077c0  mbedtls_free                                                                                                                       
200077c4  _lock                                                                                                                              
200077c8  _unlock                                                                                                                            
200077cc  lcdHandle                                                                                                                          
200077d0  serialHandle                                                                                                                       
200077dc  pinUpperBound                                                                                                                      
200077e0  pinLowerBound                                                                                                                      
200077e4  ti_sysbios_family_arm_cc26xx_Seconds_Module__state__V                                                                              
200077ec  ti_sysbios_family_arm_m3_Hwi_Module__root__V                                                                                       
200077f4  ti_sysbios_gates_GateHwi_Module__root__V                                                                                           
200077fc  ti_sysbios_gates_GateMutexPri_Module__root__V                                                                                      
20007804  ti_sysbios_gates_GateMutex_Module__root__V                                                                                         
2000780c  ti_sysbios_hal_Hwi_Module__root__V                                                                                                 
20007814  ti_sysbios_heaps_HeapMem_Module__root__V                                                                                           
2000781c  ti_sysbios_knl_Clock_Module__root__V                                                                                               
20007824  ti_sysbios_knl_Event_Module__root__V                                                                                               
2000782c  ti_sysbios_knl_Mailbox_Module__root__V                                                                                             
20007834  ti_sysbios_knl_Queue_Module__root__V                                                                                               
2000783c  ti_sysbios_knl_Semaphore_Module__root__V                                                                                           
20007844  ti_sysbios_knl_Swi_Module__root__V                                                                                                 
2000784c  ti_sysbios_knl_Task_Module__root__V                                                                                                
20007854  xdc_runtime_System_Module_State_0_atexitHandlers__A                                                                                
20007861  CryptoResourceCC26XX_pollingFlag                                                                                                   
2000786c  main_func_sp                                                                                                                       
20007870  ti_sysbios_family_arm_m3_Hwi_Module_State_0_excContext__A                                                                          
20007874  ti_sysbios_family_arm_m3_Hwi_Module_State_0_excStack__A                                                                            
20007878  ti_sysbios_knl_Task_Module_State_0_idleTask__A                                                                                     
2000787c  PKAResourceCC26XX_pollingFlag                                                                                                      
2000787e  ti_sysbios_family_arm_m3_Hwi_Module_State_0_excActive__A                                                                           
20007888  __primary_heap_start__                                                                                                             
20008888  __primary_heap_end__                                                                                                               
20013c00  __stack                                                                                                                            
20014000  __STACK_END                                                                                                                        
e000e000  ti_sysbios_family_arm_m3_Hwi_nvic                                                                                                  
ffffffff  __TI_pprof_out_hndl                                                                                                                
ffffffff  __TI_prof_data_size                                                                                                                
ffffffff  __TI_prof_data_start                                                                                                               
ffffffff  __binit__                                                                                                                          
ffffffff  __c_args__                                                                                                                         
ffffffff  binit                                                                                                                              
UNDEFED   SHT$$INIT_ARRAY$$Base                                                                                                              
UNDEFED   SHT$$INIT_ARRAY$$Limit                                                                                                             

[1850 symbols]
