******************************************************************************
                  TI ARM Linker Unix v18.1.4                   
******************************************************************************
>> Linked Mon Jan 28 01:39:09 2019

OUTPUT FILE NAME:   <temp_sensor_CC1352R1_LAUNCHXL_tirtos_ccs.out>
ENTRY POINT SYMBOL: "ResetISR"  address: 0001d2f1


MEMORY CONFIGURATION

         name            origin    length      used     unused   attr    fill
----------------------  --------  ---------  --------  --------  ----  --------
  FLASH                 00000000   00058000  0002a164  0002de9c  R  X
  GPRAM                 11000000   00002000  00000000  00002000  RW X
  SRAM                  20000000   00014000  0000891e  0000b6e2  RW X


SEGMENT ALLOCATION MAP

run origin  load origin   length   init length attrs members
----------  ----------- ---------- ----------- ----- -------
00000000    00000000    00026110   00026110    r-x
  00000000    00000000    0000003c   0000003c    r-- .resetVecs
  0000003c    0000003c    00000004   00000004    r-- .const.1
  00000040    00000040    000242dc   000242dc    r-x .text
  0002431c    0002431c    00001b00   00001b00    r-- .const.2
  00025e20    00025e20    000002f0   000002f0    r-- .cinit
00052000    00052000    00004000   00000000    rw-
  00052000    00052000    00004000   00000000    rw- .TI.bound:flashBuf$0
00057fa8    00057fa8    00000058   00000058    r--
  00057fa8    00057fa8    00000058   00000058    r-- .ccfg
20000100    20000100    0000744f   00000000    rw-
  20000100    20000100    00000004   00000000    rw- .data:xdcRomConstPtr
  20000104    20000104    00000004   00000000    rw- .data:xdcRomExternFuncPtr
  20000108    20000108    00000004   00000000    rw- .data:xdcRomStatePtr
  20000110    20000110    00004be3   00000000    rw- .bss
  20004cf8    20004cf8    00002857   00000000    rw- .data
20007550    20007550    00001000   00000000    r--
  20007550    20007550    00001000   00000000    r-- .priheap
20013c00    20013c00    00000400   00000000    rw-
  20013c00    20013c00    00000400   00000000    rw- .stack


SECTION ALLOCATION MAP

 output                                  attributes/
section   page    origin      length       input sections
--------  ----  ----------  ----------   ----------------
.binit     0    00000000    00000000     

.cinit     0    00025e20    000002f0     
                  00025e20    00000299     (.cinit..data.load) [load image, compression = lzss]
                  000260b9    00000003     --HOLE-- [fill = 0]
                  000260bc    0000000c     (__TI_handler_table)
                  000260c8    00000008     (.cinit..bss.load) [load image, compression = zero_init]
                  000260d0    00000008     (.cinit..data:xdcRomConstPtr.load) [load image, compression = lzss]
                  000260d8    00000008     (.cinit..data:xdcRomExternFuncPtr.load) [load image, compression = lzss]
                  000260e0    00000008     (.cinit..data:xdcRomStatePtr.load) [load image, compression = lzss]
                  000260e8    00000028     (__TI_cinit_table)

.init_array 
*          0    00000000    00000000     UNINITIALIZED

.ccfg      0    00057fa8    00000058     
                  00057fa8    00000058     ccfg.obj (.ccfg:retain)

.bss       0    20000110    00004be3     UNINITIALIZED
                  20000110    00003b88     libopenthread_mtd.lib : instance.obj (.bss:_ZN34_INTERNAL_12_instance_cpp_0ce081802ot12sInstanceRawE$36)
                  20003c98    00000250     (.common:uartCC26XXObjects)
                  20003ee8    00000200     release_pem4f.oem4f (.bss:taskStackSection)
                  200040e8    000001c0     rf_multiMode_cc13x2_v1.aem4f : RFCC26X2_multiMode.oem4f (.bss:RF_cmdPool)
                  200042a8    00000120     libopenthread_diag_mtd.lib : diag_process.obj (.bss:$O19$$)
                  200043c8    000000d8     (.common:ti_sysbios_family_arm_m3_Hwi_dispatchTable)
                  200044a0    000000c8     (.common:adcCC26xxObjects)
                  20004568    00000080     CC1352R1_LAUNCHXL.obj (.bss:uartStringBuf$0)
                  200045e8    0000007c     (.common:pinHandleTable)
                  20004664    00000004     drivers_cc13x2_v1.aem4f : ECJPAKECC26X2.oem4f (.bss)
                  20004668    00000068     rf_multiMode_cc13x2_v1.aem4f : RFCC26X2_multiMode.oem4f (.bss:RF_ratModule)
                  200046d0    00000058     radio.obj (.bss:sSrcMatchExtData$14)
                  20004728    00000054     (.common:ecjpakeCC26X2Objects)
                  2000477c    00000050     (.common:sha2CC26X2Objects)
                  200047cc    0000004c     (.common:aesecbCC26XXObjects)
                  20004818    00000040     (.common:uartCC26XXRingBuffer)
                  20004858    0000003c     radio.obj (.bss:sReceiveCmd$14)
                  20004894    00000038     random.obj (.bss:$O13$$)
                  200048cc    00000034     rf_multiMode_cc13x2_v1.aem4f : RFCC26X2_multiMode.oem4f (.bss:RF_swiFsmObj)
                  20004900    00000034                                  : RFCC26X2_multiMode.oem4f (.bss:RF_swiHwObj)
                  20004934    00000034     drivers_cc13x2_v1.aem4f : PINCC26XX.oem4f (.bss:pinSwi)
                  20004968    00000030     rf_multiMode_cc13x2_v1.aem4f : RFCC26X2_multiMode.oem4f (.bss:RF_Sch)
                  20004998    00000030     radio.obj (.bss:sSrcMatchShortData$14)
                  200049c8    0000002c     otrtosapi.obj (.bss:OtRtosApi_mutexHandle$7)
                  200049f4    00000024     rf_multiMode_cc13x2_v1.aem4f : RFCC26X2_multiMode.oem4f (.bss:RF_clkPowerUpObj)
                  20004a18    00000020                                  : RFCC26X2_multiMode.oem4f (.bss:RF_cmdQ)
                  20004a38    00000020     drivers_cc13x2_v1.aem4f : GPIOCC26XX.oem4f (.bss:gpioCallbackInfo)
                  20004a58    00000020                             : PINCC26XX.oem4f (.bss:pinGpioConfigTable)
                  20004a78    00000020     radio.obj (.bss:sCsmaBackoffCmd$14)
                  20004a98    0000001c     rf_multiMode_cc13x2_v1.aem4f : RFCC26X2_multiMode.oem4f (.bss:RF_hwiCpe0Obj)
                  20004ab4    0000001c                                  : RFCC26X2_multiMode.oem4f (.bss:RF_hwiHwObj)
                  20004ad0    0000001c     drivers_cc13x2_v1.aem4f : ADCCC26XX.oem4f (.bss:adcSemaphore)
                  20004aec    0000001c                             : PINCC26XX.oem4f (.bss:pinHwi)
                  20004b08    0000001c                             : PINCC26XX.oem4f (.bss:pinSemaphore)
                  20004b24    0000001c     (.common:CryptoResourceCC26XX_accessSemaphore)
                  20004b40    0000001c     (.common:CryptoResourceCC26XX_hwi)
                  20004b5c    0000001c     (.common:CryptoResourceCC26XX_operationSemaphore)
                  20004b78    0000001c     (.common:PKAResourceCC26XX_accessSemaphore)
                  20004b94    0000001c     (.common:PKAResourceCC26XX_hwi)
                  20004bb0    0000001c     (.common:PKAResourceCC26XX_operationSemaphore)
                  20004bcc    00000018     radio.obj (.bss:sEdScanCmd$14)
                  20004be4    00000018     radio.obj (.bss:sRadioSetupCmd$14)
                  20004bfc    00000018     radio.obj (.bss:sTransmitCmd$14)
                  20004c14    00000016     rf_multiMode_cc13x2_v1.aem4f : RFCC26X2_multiMode.oem4f (.bss)
                  20004c2a    00000002     drivers_cc13x2_v1.aem4f : UARTCC26XX.oem4f (.bss)
                  20004c2c    00000014     rf_multiMode_cc13x2_v1.aem4f : RFCC26X2_multiMode.oem4f (.bss:RF_ratSyncCmd)
                  20004c40    00000014                                  : RFCC26X2_multiMode.oem4f (.bss:RF_wakeupNotifyObj)
                  20004c54    00000014     driverlib.lib : osc.obj (.bss:oscHfGlobals$112)
                  20004c68    00000014     drivers_cc13x2_v1.aem4f : GPIOCC26XX.oem4f (.bss:powerNotifyObj)
                  20004c7c    00000014     radio.obj (.bss:sTransmitRxAckCmd$14)
                  20004c90    00000010     rf_multiMode_cc13x2_v1.aem4f : RFCC26X2_multiMode.oem4f (.bss:RF_core)
                  20004ca0    00000010     radio.obj (.bss:sRfStats$14)
                  20004cb0    0000000c     drivers_cc13x2_v1.aem4f : NVSCC26XX.oem4f (.bss)
                  20004cbc    0000000c                             : GPIOCC26XX.oem4f (.bss:gpioPinState)
                  20004cc8    0000000c     (.common:displayUartObject)
                  20004cd4    00000008                             : GPIOCC26XX.oem4f (.bss)
                  20004cdc    00000004                             : PINCC26XX.oem4f (.bss)
                  20004ce0    00000004     (.common:ClockP_tickPeriod)
                  20004ce4    00000004     (.common:PowerCC26XX_swiKey)
                  20004ce8    00000004     (.common:PowerCC26XX_taskKey)
                  20004cec    00000004     (.common:nvsCC26xxObjects)
                  20004cf0    00000001     keys_utils.obj (.bss)
                  20004cf1    00000001     radio.obj (.bss)
                  20004cf2    00000001     (.common:driverlib_release_0_52354)

.data      0    20004cf8    00002857     UNINITIALIZED
                  20004cf8    000014dc     otstack.obj (.data:$O3$$)
                  200061d4    00000878     tempsensor.obj (.data:$O4$$)
                  20006a4c    00000004     drivers_cc13x2_v1.aem4f : GPIOCC26XX.oem4f (.data:gpioPinTable)
                  20006a50    00000478     radio.obj (.data:$O11$$)
                  20006ec8    00000108     release_pem4f.oem4f (.data:ROM_stateStruct)
                  20006fd0    000000c8     drivers_cc13x2_v1.aem4f : PowerCC26X2.oem4f (.data:PowerCC26X2_module)
                  20007098    00000088     rom_sysbios.aem4f : rom_sysbios.obj (.data:$O1$$)
                  20007120    00000054     release_pem4f.oem4f (.data:ti_sysbios_gates_GateMutex_Object__table__V)
                  20007174    0000004c     release_pem4f.oem4f (.data:ti_sysbios_knl_Task_Object__table__V)
                  200071c0    00000048     release_pem4f.oem4f (.data:ti_sysbios_family_arm_cc26xx_Timer_Object__table__V)
                  20007208    00000040     uart.obj (.data:$O14$$)
                  20007248    00000038     nvoctp.obj (.data:$O17$$)
                  20007280    00000030     release_pem4f.oem4f (.data:ti_sysbios_knl_Swi_Module_State_0_readyQ__A)
                  200072b0    00000030     release_pem4f.oem4f (.data:ti_sysbios_knl_Swi_Object__table__V)
                  200072e0    00000030     release_pem4f.oem4f (.data:ti_sysbios_knl_Task_Module_State_0_readyQ__A)
                  20007310    0000002c     keys_utils.obj (.data:$O2$$)
                  2000733c    0000002c     CC1352R1_LAUNCHXL.obj (.data:gpioPinConfigs)
                  20007368    00000028     settings.obj (.data:sNvoctpFps$23)
                  20007390    00000024     libmbedcrypto.lib : ssl_tls.obj (.data:$O28$$)
                  200073b4    00000020     release_pem4f.oem4f (.data:ti_sysbios_knl_Clock_Object__table__V)
                  200073d4    00000020     release_pem4f.oem4f (.data:xdc_runtime_Error_IgnoreBlock)
                  200073f4    00000018     diag.obj (.data:$O10$$)
                  2000740c    00000018     release_pem4f.oem4f (.data:ti_sysbios_family_arm_m3_Hwi_Object__table__V)
                  20007424    00000018     release_pem4f.oem4f (.data:ti_sysbios_heaps_HeapMem_Object__table__V)
                  2000743c    00000010     alarm.obj (.data:$O6$$)
                  2000744c    00000010     alarm_micro.obj (.data:$O8$$)
                  2000745c    00000010     CC1352R1_LAUNCHXL.obj (.data:gpioCallbackFunctions)
                  2000746c    00000008     aes_alt.obj (.data:$O15$$)
                  20007474    00000008     sha256_alt.obj (.data:$O16$$)
                  2000747c    00000008     libmbedcrypto.lib : ecp.obj (.data:$O24$$)
                  20007484    00000008                       : platform.obj (.data:$O27$$)
                  2000748c    00000008     rtsv7M4_T_le_v4SPD16_eabi.lib : _lock.c.obj (.data:$O31$$)
                  20007494    00000008     disp_utils.obj (.data)
                  2000749c    00000008     drivers_cc13x2_v1.aem4f : ECJPAKECC26X2.oem4f (.data)
                  200074a4    00000008                             : PINCC26XX.oem4f (.data)
                  200074ac    00000008     release_pem4f.oem4f (.data:ti_sysbios_family_arm_cc26xx_Seconds_Module__state__V)
                  200074b4    00000008     release_pem4f.oem4f (.data:ti_sysbios_family_arm_m3_Hwi_Module__root__V)
                  200074bc    00000008     release_pem4f.oem4f (.data:ti_sysbios_gates_GateHwi_Module__root__V)
                  200074c4    00000008     release_pem4f.oem4f (.data:ti_sysbios_gates_GateMutexPri_Module__root__V)
                  200074cc    00000008     release_pem4f.oem4f (.data:ti_sysbios_gates_GateMutex_Module__root__V)
                  200074d4    00000008     release_pem4f.oem4f (.data:ti_sysbios_hal_Hwi_Module__root__V)
                  200074dc    00000008     release_pem4f.oem4f (.data:ti_sysbios_heaps_HeapMem_Module__root__V)
                  200074e4    00000008     release_pem4f.oem4f (.data:ti_sysbios_knl_Clock_Module__root__V)
                  200074ec    00000008     release_pem4f.oem4f (.data:ti_sysbios_knl_Event_Module__root__V)
                  200074f4    00000008     release_pem4f.oem4f (.data:ti_sysbios_knl_Mailbox_Module__root__V)
                  200074fc    00000008     release_pem4f.oem4f (.data:ti_sysbios_knl_Queue_Module__root__V)
                  20007504    00000008     release_pem4f.oem4f (.data:ti_sysbios_knl_Semaphore_Module__root__V)
                  2000750c    00000008     release_pem4f.oem4f (.data:ti_sysbios_knl_Swi_Module__root__V)
                  20007514    00000008     release_pem4f.oem4f (.data:ti_sysbios_knl_Task_Module__root__V)
                  2000751c    00000008     release_pem4f.oem4f (.data:xdc_runtime_System_Module_State_0_atexitHandlers__A)
                  20007524    00000005     drivers_cc13x2_v1.aem4f : GPIOCC26XX.oem4f (.data)
                  20007529    00000001                             : ADC.oem4f (.data)
                  2000752a    00000002                             : ADCCC26XX.oem4f (.data)
                  2000752c    00000004     libmbedcrypto.lib : ecp_curves.obj (.data:one$1$93)
                  20007530    00000004     radio.obj (.data)
                  20007534    00000004     rtsv7M4_T_le_v4SPD16_eabi.lib : stkdepth_vars.c.obj (.data)
                  20007538    00000004     release_pem4f.oem4f (.data:ti_sysbios_family_arm_m3_Hwi_Module_State_0_excContext__A)
                  2000753c    00000004     release_pem4f.oem4f (.data:ti_sysbios_family_arm_m3_Hwi_Module_State_0_excStack__A)
                  20007540    00000004     release_pem4f.oem4f (.data:ti_sysbios_knl_Task_Module_State_0_idleTask__A)
                  20007544    00000002     drivers_cc13x2_v1.aem4f : CryptoResourceCC26XX.oem4f (.data)
                  20007546    00000002                             : PKAResourceCC26XX.oem4f (.data)
                  20007548    00000002     release_pem4f.oem4f (.data:ti_sysbios_family_arm_m3_Hwi_Module_State_0_excActive__A)
                  2000754a    00000001     drivers_cc13x2_v1.aem4f : AESECBCC26XX.oem4f (.data)
                  2000754b    00000001                             : NVS.oem4f (.data)
                  2000754c    00000001                             : SHA2CC26X2.oem4f (.data)
                  2000754d    00000001                             : UART.oem4f (.data)
                  2000754e    00000001     otstack.obj (.data)

.stack     0    20013c00    00000400     UNINITIALIZED
                  20013c00    00000400     --HOLE--

.priheap   0    20007550    00001000     UNINITIALIZED
                  20007550    00001000     --HOLE--

.data:xdcRomConstPtr 
*          0    20000100    00000004     UNINITIALIZED
                  20000100    00000004     release_pem4f.oem4f (.data:xdcRomConstPtr)

.data:xdcRomExternFuncPtr 
*          0    20000104    00000004     UNINITIALIZED
                  20000104    00000004     release_pem4f.oem4f (.data:xdcRomExternFuncPtr)

.data:xdcRomStatePtr 
*          0    20000108    00000004     UNINITIALIZED
                  20000108    00000004     release_pem4f.oem4f (.data:xdcRomStatePtr)

.bootVecs 
*          0    00000000    00000008     DSECT
                  00000000    00000008     boot.aem4f : boot.oem4f (.bootVecs)

.resetVecs 
*          0    00000000    0000003c     
                  00000000    0000003c     release_pem4f.oem4f (.resetVecs)

.vecs      0    20000000    000000d8     NOLOAD SECTION
                  20000000    000000d8     release_pem4f.oem4f (.vecs)

xdc.meta   0    00000000    00000110     COPY SECTION
                  00000000    00000110     release_pem4f.oem4f (xdc.meta)

xdc.noload 
*          0    00000000    00000000     COPY SECTION

.TI.bound:flashBuf$0 
*          0    00052000    00004000     UNINITIALIZED
                  00052000    00004000     CC1352R1_LAUNCHXL.obj (.TI.bound:flashBuf$0)

.const.1   0    0000003c    00000004     
                  0000003c    00000004     drivers_cc13x2_v1.aem4f : NVS.oem4f (.const:NVS_defaultParams)

.text      0    00000040    000242dc     
                  00000040    00001694     libmbedcrypto.lib : ssl_tls.obj (.text:mbedtls_ssl_handshake)
                  000016d4    00000004     dpl_cc13x2_v1.aem4f : PowerCC26X2_tirtos.oem4f (.text:CPUwfi)
                  000016d8    00000e88     ecjpake_alt.obj (.text:ecjpake_kzkp_kzkp_write$19)
                  00002560    0000083c     libmbedcrypto.lib : ssl_tls.obj (.text:mbedtls_ssl_read_record)
                  00002d9c    00000004     dpl_cc13x2_v1.aem4f : ClockP_tirtos.oem4f (.text:ClockP_destruct)
                  00002da0    000007fe     ecjpake_alt.obj (.text:mbedtls_ecjpake_write_round_two)
                  0000359e    00000002     display.aem4f : DisplayUart.oem4f (.text:DisplayUartMin_clear)
                  000035a0    000007ce     rtsv7M4_T_le_v4SPD16_eabi.lib : _printfi_nf.c.obj (.text:__TI_printfi_nofloat)
                  00003d6e    00000002     display.aem4f : DisplayUart.oem4f (.text:DisplayUartMin_clearLines)
                  00003d70    0000070c     ecjpake_alt.obj (.text:ecjpake_hash$19)
                  0000447c    000006b6     libopenthread_mtd.lib : ip6.obj (.text:_ZN2ot3Ip63Ip614HandleDatagramERNS_7MessageEPNS0_5NetifEaPKvb)
                  00004b32    00000006     drivers_cc13x2_v1.aem4f : ADCCC26XX.oem4f (.text:ADCCC26XX_control)
                  00004b38    00000666     otstack.obj (.text:OtStack_task)
                  0000519e    00000002     display.aem4f : DisplayUart.oem4f (.text:DisplayUartMin_init)
                  000051a0    00000548     drivers_cc13x2_v1.aem4f : ECJPAKECC26X2.oem4f (.text:ECJPAKECC26X2_runFSM)
                  000056e8    000004ec     libopenthread_mtd.lib : mle.obj (.text:_ZN2ot3Mle3Mle16HandleUdpReceiveERNS_7MessageERKNS_3Ip611MessageInfoE)
                  00005bd4    000004ec     libmbedcrypto.lib : ecp_curves.obj (.text:ecp_mod_p256$93)
                  000060c0    000004e8     libopenthread_mtd.lib : lowpan.obj (.text:_ZN2ot6Lowpan6Lowpan8CompressERNS_7MessageERKNS_3Mac7AddressES7_Ph)
                  000065a8    000004e5     tempsensor.obj (.text:TempSensor_task$6)
                  00006a8d    00000001     --HOLE-- [fill = 0]
                  00006a8e    00000002     driverlib.lib : rfc.obj (.text:NOROM_RFCCpePatchReset)
                  00006a90    000004e4                   : pka.obj (.text:NOROM_PKAEccVerifyPublicKeyWeierstrassStart)
                  00006f74    0000041e     libopenthread_mtd.lib : mle.obj (.text:_ZN2ot3Mle3Mle11SendMessageERNS_7MessageERKNS_3Ip67AddressE)
                  00007392    00000400                           : mac.obj (.text:_ZN2ot3Mac3Mac19HandleReceivedFrameEPNS0_5FrameE7otError)
                  00007792    000003d0                           : lowpan.obj (.text:_ZN2ot6Lowpan6Lowpan20DecompressBaseHeaderERNS_3Ip66HeaderERbRKNS_3Mac7AddressES9_PKht)
                  00007b62    000003c2                           : mle.obj (.text:_ZN2ot3Mle3Mle20HandleParentResponseERKNS_7MessageERKNS_3Ip611MessageInfoEj)
                  00007f24    000003a4                           : dtls.obj (.text:_ZN2ot7MeshCoP4Dtls5StartEbPFvPvbEPFvS2_PhtEPF7otErrorS2_PKhthES2_)
                  000082c8    00000390                           : mesh_forwarder.obj (.text:_ZN2ot13MeshForwarder19HandleReceivedFrameERNS_3Mac5FrameE)
                  00008658    00000380                           : mle.obj (.text:_ZN2ot3Mle3Mle17HandleAttachTimerERNS_5TimerE)
                  000089d8    00000360                           : lowpan.obj (.text:_ZN2ot6Lowpan6Lowpan10DecompressERNS_7MessageERKNS_3Mac7AddressES7_PKhtt)
                  00008d38    00000318     libmbedcrypto.lib : ssl_tls.obj (.text:mbedtls_ssl_derive_keys)
                  00009050    00000314     rom_sysbios.aem4f : rom_sysbios.obj (.text:xdc_runtime_System_doPrint__I)
                  00009364    00000308     libopenthread_mtd.lib : ip6.obj (.text:_ZN2ot3Ip63Ip613HandleOptionsERNS_7MessageERNS0_6HeaderERb)
                  0000966c    00000302                           : mesh_forwarder.obj (.text:_ZN2ot13MeshForwarder12SendFragmentERNS_7MessageERNS_3Mac5FrameE)
                  0000996e    00000002     rf_multiMode_cc13x2_v1.aem4f : RFCC26X2_multiMode.oem4f (.text:RF_defaultCallback)
                  00009970    00000300                                  : RFCC26X2_multiMode.oem4f (.text:RF_fsmActiveState)
                  00009c70    000002f8     libmbedcrypto.lib : ssl_tls.obj (.text:mbedtls_ssl_write_record)
                  00009f68    000002f4     driverlib.lib : setup.obj (.text:TrimAfterColdResetWakeupFromShutDown$115)
                  0000a25c    000002e4     libopenthread_mtd.lib : dtls.obj (.text:_ZN2ot7MeshCoP4Dtls7ProcessEv)
                  0000a540    000002d8                           : mac.obj (.text:_ZN2ot3Mac3Mac13BeginTransmitEv)
                  0000a818    000002c8                           : mac.obj (.text:_ZN2ot3Mac3Mac18HandleTransmitDoneEP12otRadioFrameS3_7otError)
                  0000aae0    000002b0                           : mesh_forwarder.obj (.text:_ZN2ot13MeshForwarder15HandleSentFrameERNS_3Mac6SenderERNS1_5FrameE7otError)
                  0000ad90    000002a8                           : mle.obj (.text:_ZN2ot3Mle3Mle23HandleDiscoveryResponseERKNS_7MessageERKNS_3Ip611MessageInfoE)
                  0000b038    000002a8                           : mle.obj (.text:_ZN2ot3Mle3MleC1ERNS_8InstanceE)
                  0000b2e0    0000027c                           : dataset_local.obj (.text:_ZNK2ot7MeshCoP12DatasetLocal3GetER20otOperationalDataset)
                  0000b55c    00000260                           : joiner.obj (.text:_ZN2ot7MeshCoP6Joiner18SendJoinerFinalizeEv)
                  0000b7bc    0000025c                           : mle.obj (.text:_ZN2ot3Mle3Mle16HandleLeaderDataERKNS_7MessageERKNS_3Ip611MessageInfoE)
                  0000ba18    0000024e     ecjpake_alt.obj (.text:ecjpake_zkp_read$19)
                  0000bc66    00000002     rtsv7M4_T_le_v4SPD16_eabi.lib : typeinfo.c.obj (.text:_ZN10__cxxabiv117__class_type_infoD1Ev)
                  0000bc68    00000248     libopenthread_mtd.lib : ip6.obj (.text:_ZN2ot3Ip63Ip622ProcessReceiveCallbackERKNS_7MessageERKNS0_11MessageInfoEhb)
                  0000beb0    00000242     libmbedcrypto.lib : ccm.obj (.text:ccm_auth_crypt$107)
                  0000c0f2    00000006     display.aem4f : DisplayUart.oem4f (.text:DisplayUartMin_control)
                  0000c0f8    0000021f     tempsensor.obj (.text:tempSensorReport$6)
                  0000c317    00000001     --HOLE-- [fill = 0]
                  0000c318    0000021e     libopenthread_mtd.lib : mle.obj (.text:_ZN2ot3Mle3Mle25HandleChildUpdateResponseERKNS_7MessageERKNS_3Ip611MessageInfoE)
                  0000c536    0000021c                           : mle.obj (.text:_ZN2ot3Mle3Mle21HandleChildIdResponseERKNS_7MessageERKNS_3Ip611MessageInfoE)
                  0000c752    00000002                           : dtls.obj (.text:_ZN2ot7MeshCoP4Dtls18HandleMbedtlsDebugEPviPKciS4_)
                  0000c754    00000214                           : mac.obj (.text:_ZN2ot3Mac3Mac22ProcessReceiveSecurityERNS0_5FrameERKNS0_7AddressEPNS_8NeighborE)
                  0000c968    0000020a                           : mesh_forwarder.obj (.text:_ZN2ot13MeshForwarder18HandleFrameRequestERNS_3Mac6SenderERNS1_5FrameE)
                  0000cb72    00000006     display.aem4f : DisplayUart.oem4f (.text:DisplayUartMin_getType)
                  0000cb78    00000204     ecjpake_alt.obj (.text:read_tls_point$19)
                  0000cd7c    00000202     libopenthread_mtd.lib : network_data.obj (.text:_ZN2ot11NetworkData11NetworkData19RemoveTemporaryDataEPhRh)
                  0000cf7e    000001fe                           : mesh_forwarder.obj (.text:_ZN2ot13MeshForwarder24ScheduleTransmissionTaskERNS_7TaskletE)
                  0000d17c    000001f8                           : mle.obj (.text:_ZN2ot3Mle3Mle24HandleChildUpdateRequestERKNS_7MessageERKNS_3Ip611MessageInfoE)
                  0000d374    000001ec                           : ip6.obj (.text:_ZN2ot3Ip63Ip619SelectSourceAddressERNS0_11MessageInfoE)
                  0000d560    000001ec                           : dataset.obj (.text:_ZNK2ot7MeshCoP7Dataset18ApplyConfigurationERNS_8InstanceE)
                  0000d74c    000001e4                           : icmp6.obj (.text:_ZN2ot3Ip64Icmp17HandleEchoRequestERNS_7MessageERKNS0_11MessageInfoE)
                  0000d930    000001e2     radio.obj (.text:processRxQueue$14)
                  0000db12    000001dc     libopenthread_mtd.lib : coap.obj (.text:_ZN2ot4Coap8CoapBase23ProcessReceivedResponseERNS0_6HeaderERNS_7MessageERKNS_3Ip611MessageInfoE)
                  0000dcee    000001cc     rom_sysbios.aem4f : rom_sysbios.obj (.text:acquireMutex$49)
                  0000deba    00000002     rtsv7M4_T_le_v4SPD16_eabi.lib : _lock.c.obj (.text:_nop)
                  0000debc    000001c0     drivers_cc13x2_v1.aem4f : PINCC26XX.oem4f (.text:PIN_init)
                  0000e07c    00000004     dpl_cc13x2_v1.aem4f : ClockP_tirtos.oem4f (.text:ClockP_getCpuFreq)
                  0000e080    000001bc     nvoctp.obj (.text:NVOCTP_initNvApi$22)
                  0000e23c    00000004     dpl_cc13x2_v1.aem4f : ClockP_tirtos.oem4f (.text:ClockP_getTimeout)
                  0000e240    000001b8     nvoctp.obj (.text:NVOCTP_newItem$22)
                  0000e3f8    000001b6     rtsv7M4_T_le_v4SPD16_eabi.lib : fd_add_t2.asm.obj (.text)
                  0000e5ae    00000002     drivers_cc13x2_v1.aem4f : PowerCC26X2.oem4f (.text:emptyClockFunc)
                  0000e5b0    000001b0     libopenthread_mtd.lib : mle.obj (.text:_ZN2ot3Mle3Mle19HandleAdvertisementERKNS_7MessageERKNS_3Ip611MessageInfoE)
                  0000e760    000001aa                           : coap_header.obj (.text:_ZN2ot4Coap6Header11FromMessageERKNS_7MessageEt)
                  0000e90a    00000002     drivers_cc13x2_v1.aem4f : CryptoResourceCC26XX.oem4f (.text:errorSpin)
                  0000e90c    000001a4                             : PowerCC26X2.oem4f (.text:Power_sleep)
                  0000eab0    000001a4     libopenthread_mtd.lib : ip6_api.obj (.text:otIp6SetEnabled)
                  0000ec54    000001a0                           : ip6.obj (.text:_ZN2ot3Ip63Ip612SendDatagramERNS_7MessageERNS0_11MessageInfoENS0_7IpProtoE)
                  0000edf4    0000019c                           : mle.obj (.text:_ZN2ot3Mle3Mle25AppendAddressRegistrationERNS_7MessageE)
                  0000ef90    0000019c     libmbedcrypto.lib : ssl_tls.obj (.text:mbedtls_ssl_set_hs_ecjpake_password)
                  0000f12c    00000004     dpl_cc13x2_v1.aem4f : ClockP_tirtos.oem4f (.text:ClockP_setTimeout)
                  0000f130    00000196     ecjpake_alt.obj (.text:mbedtls_ecjpake_derive_secret)
                  0000f2c6    00000002     drivers_cc13x2_v1.aem4f : PKAResourceCC26XX.oem4f (.text:errorSpin)
                  0000f2c8    00000194                             : PowerCC26X2_calibrateRCOSC.oem4f (.text:runCalibrateFsm)
                  0000f45c    0000018c     rf_multiMode_cc13x2_v1.aem4f : RFCC26X2_multiMode.oem4f (.text:RF_scheduleCmd)
                  0000f5e8    00000188     libopenthread_mtd.lib : aes_ccm.obj (.text:_ZN2ot6Crypto6AesCcm4InitEjjhPKvh)
                  0000f770    0000017e                           : network_data.obj (.text:_ZN2ot11NetworkData11NetworkData19GetNextOnMeshPrefixEPjtP20otBorderRouterConfig)
                  0000f8ee    00000002     libmbedcrypto.lib : platform.obj (.text:platform_free_uninit$97)
                  0000f8f0    00000178     nvoctp.obj (.text:NVOCTP_compactPage$22)
                  0000fa68    00000178     libopenthread_mtd.lib : energy_scan_server.obj (.text:_ZN2ot16EnergyScanServer13HandleRequestERNS_4Coap6HeaderERNS_7MessageERKNS_3Ip611MessageInfoE)
                  0000fbe0    00000178     release_pem4f.oem4f (.text:xdc_runtime_System_printfExtend__I)
                  0000fd58    0000016c     libopenthread_mtd.lib : mbedtls.obj (.text:_ZN33_INTERNAL_11_mbedtls_cpp_01b19df02ot6Crypto4FreeEPv$44)
                  0000fec4    0000016a                           : coap.obj (.text:_ZN2ot4Coap8CoapBase11SendMessageERNS_7MessageERKNS_3Ip611MessageInfoEPFYvPvP12otCoapHeaderP9otMessagePK13otMessageInfo7otErrorES8_)
                  0001002e    00000166     libmbedcrypto.lib : ctr_drbg.obj (.text:block_cipher_df$91)
                  00010194    00000164                       : ssl_tls.obj (.text:mbedtls_ssl_fetch_input)
                  000102f8    00000162     libopenthread_mtd.lib : mle.obj (.text:_ZN2ot3Mle3Mle22SendChildUpdateRequestEv)
                  0001045a    0000015e                           : ip6.obj (.text:_ZN2ot3Ip63Ip615RemoveMplOptionERNS_7MessageE)
                  000105b8    0000015e                           : coap.obj (.text:_ZN2ot4Coap8CoapBase25HandleRetransmissionTimerEv)
                  00010716    00000002     rtsv7M4_T_le_v4SPD16_eabi.lib : div0.asm.obj (.text)
                  00010718    0000015c     drivers_cc13x2_v1.aem4f : UARTCC26XX.oem4f (.text:UARTCC26XX_open)
                  00010874    0000015c                             : PowerCC26X2_calibrateRCOSC.oem4f (.text:calibrateRcoscHf1)
                  000109d0    00000154                             : UARTCC26XX.oem4f (.text:UARTCC26XX_hwiIntFxn)
                  00010b24    00000150     libopenthread_mtd.lib : thread_netif.obj (.text:_ZN2ot11ThreadNetif11RouteLookupERKNS_3Ip67AddressES4_Ph)
                  00010c74    0000014c                           : joiner.obj (.text:_ZN2ot7MeshCoP6Joiner19HandleJoinerEntrustERNS_4Coap6HeaderERNS_7MessageERKNS_3Ip611MessageInfoE)
                  00010dc0    00000140     libmbedcrypto.lib : ssl_tls.obj (.text:ssl_handshake_init$101)
                  00010f00    0000013e                       : ssl_tls.obj (.text:mbedtls_ssl_resend)
                  0001103e    00000002     release_pem4f.oem4f (.text:ti_sysbios_BIOS_nullFunc__I)
                  00011040    0000013c     libopenthread_mtd.lib : energy_scan_server.obj (.text:_ZN2ot16EnergyScanServer10SendReportEv)
                  0001117c    0000013c                           : panid_query_server.obj (.text:_ZN2ot16PanIdQueryServer12SendConflictEv)
                  000112b8    00000138     drivers_cc13x2_v1.aem4f : NVSCC26XX.oem4f (.text:NVSCC26XX_write)
                  000113f0    00000138                             : UARTCC26XX.oem4f (.text:UARTCC26XX_read)
                  00011528    00000134     nvoctp.obj (.text:NVOCTP_doNextApi$22)
                  0001165c    00000130     drivers_cc13x2_v1.aem4f : PowerCC26X2.oem4f (.text:Power_init)
                  0001178c    00000130     libmbedcrypto.lib : ssl_tls.obj (.text:tls_prf_generic$101)
                  000118bc    0000012a     libopenthread_mtd.lib : slaac_address.obj (.text:_ZN2ot5Utils5Slaac15UpdateAddressesEP10otInstanceP14otNetifAddressjPF7otErrorS3_S5_PvES7_)
                  000119e6    00000002     release_pem4f.oem4f (.text:ti_sysbios_rom_cortexm_cc26xx_agama_CC26xx_badRomRevision__E)
                  000119e8    00000126     radio.obj (.text:rfCommonCallback$14)
                  00011b0e    00000002     rom_sysbios.aem4f : rom_sysbios.obj (.text:xdc_runtime_SysCallback_defaultAbort)
                  00011b10    00000124     rf_multiMode_cc13x2_v1.aem4f : RFCC26X2_multiMode.oem4f (.text:RF_abortCmd)
                  00011c34    00000124                                  : RFCC26X2_multiMode.oem4f (.text:RF_init)
                  00011d58    00000124     libopenthread_mtd.lib : mac.obj (.text:_ZN2ot3Mac3MacC1ERNS_8InstanceE)
                  00011e7c    00000122                           : ip6_mpl.obj (.text:_ZN2ot3Ip63Mpl25HandleRetransmissionTimerERNS_5TimerE)
                  00011f9e    00000002     rom_sysbios.aem4f : rom_sysbios.obj (.text:xdc_runtime_SysCallback_defaultExit)
                  00011fa0    00000120     rf_multiMode_cc13x2_v1.aem4f : RFCC26X2_multiMode.oem4f (.text:RF_fsmSetupState)
                  000120c0    00000120     libopenthread_mtd.lib : panid_query_server.obj (.text:_ZN2ot16PanIdQueryServer11HandleQueryERNS_4Coap6HeaderERNS_7MessageERKNS_3Ip611MessageInfoE)
                  000121e0    00000120                           : aes_ccm.obj (.text:_ZN2ot6Crypto6AesCcm7PayloadEPvS2_jb)
                  00012300    00000120                           : dtls.obj (.text:_ZN2ot7MeshCoP4Dtls5CloseEv)
                  00012420    0000011e     radio.obj (.text:rf_patch_mce_ieee_802_15_4$14)
                  0001253e    00000002     rom_sysbios.aem4f : rom_sysbios.obj (.text:xdc_runtime_SysCallback_defaultFlush)
                  00012540    0000011c     libopenthread_mtd.lib : announce_begin_server.obj (.text:_ZN2ot19AnnounceBeginServer13HandleRequestERNS_4Coap6HeaderERNS_7MessageERKNS_3Ip611MessageInfoE)
                  0001265c    00000118     rf_multiMode_cc13x2_v1.aem4f : RFCC26X2_multiMode.oem4f (.text:RF_decodeOverridePointers)
                  00012774    00000118                                  : RFCC26X2_multiMode.oem4f (.text:RF_radioOpDoneCb)
                  0001288c    00000118     libopenthread_mtd.lib : coap.obj (.text:_ZN2ot4Coap8CoapBase22ProcessReceivedRequestERNS0_6HeaderERNS_7MessageERKNS_3Ip611MessageInfoE)
                  000129a4    00000114     driverlib.lib : sys_ctrl.obj (.text:NOROM_SysCtrlStandby)
                  00012ab8    0000010c     libopenthread_mtd.lib : mle.obj (.text:_ZN2ot3Mle3Mle12SendAnnounceEhbRKNS_3Ip67AddressE)
                  00012bc4    0000010c                           : coap_secure.obj (.text:_ZN2ot4Coap10CoapSecure7ReceiveERNS_7MessageERKNS_3Ip611MessageInfoE)
                  00012cd0    0000010c                           : coap_header.obj (.text:_ZN2ot4Coap6Header12AppendOptionERKNS1_6OptionE)
                  00012ddc    00000108     rf_multiMode_cc13x2_v1.aem4f : RFCC26X2_multiMode.oem4f (.text:RF_fsmChangePhyState)
                  00012ee4    00000108     libmbedcrypto.lib : ecp_curves.obj (.text:mbedtls_ecp_group_load)
                  00012fec    00000104     rf_multiMode_cc13x2_v1.aem4f : RFCC26X2_multiMode.oem4f (.text:RF_open)
                  000130f0    00000104     driverlib.lib : sha2.obj (.text:SHA2ExecuteHash$117)
                  000131f4    00000104     drivers_cc13x2_v1.aem4f : UARTCC26XX.oem4f (.text:UARTCC26XX_write)
                  000132f8    00000102     libopenthread_mtd.lib : network_data_leader.obj (.text:_ZN2ot11NetworkData10LeaderBase19ExternalRouteLookupEhRKNS_3Ip67AddressEPhPt)
                  000133fa    00000002     rom_sysbios.aem4f : rom_sysbios.obj (.text:xdc_runtime_SysCallback_defaultPutch)
                  000133fc    00000100     drivers_cc13x2_v1.aem4f : GPIOCC26XX.oem4f (.text:GPIO_setConfig)
                  000134fc    00000100     rf_multiMode_cc13x2_v1.aem4f : RFCC26X2_multiMode.oem4f (.text:RF_fsmPowerUpState)
                  000135fc    00000100     libopenthread_mtd.lib : dtls.obj (.text:_ZN2ot7MeshCoP4Dtls4SendERNS_7MessageEt)
                  000136fc    000000fc     driverlib.lib : pka.obj (.text:NOROM_PKABigNumAddStart)
                  000137f8    000000fc                   : pka.obj (.text:NOROM_PKABigNumMultiplyStart)
                  000138f4    000000fc     libopenthread_mtd.lib : mesh_forwarder.obj (.text:_ZN2ot13MeshForwarder14UpdateIp6RouteERNS_7MessageE)
                  000139f0    000000fc                           : mesh_forwarder.obj (.text:_ZN2ot13MeshForwarderC1ERNS_8InstanceE)
                  00013aec    000000fc     libmbedcrypto.lib : ssl_tls.obj (.text:mbedtls_ssl_write_finished)
                  00013be8    000000fc     rtsv7M4_T_le_v4SPD16_eabi.lib : fd_mul_t2.asm.obj (.text)
                  00013ce4    00000004     dpl_cc13x2_v1.aem4f : ClockP_tirtos.oem4f (.text:ClockP_start)
                  00013ce8    000000fa     random.obj (.text:getRandom$15)
                  00013de2    00000002     --HOLE-- [fill = 0]
                  00013de4    000000f8     libopenthread_mtd.lib : mle.obj (.text:_ZN2ot3Mle3Mle8DiscoverEjtbbPFvP18otActiveScanResultPvES4_)
                  00013edc    000000f8                           : joiner.obj (.text:_ZN2ot7MeshCoP6Joiner20HandleDiscoverResultEP18otActiveScanResult)
                  00013fd4    00000004     dpl_cc13x2_v1.aem4f : ClockP_tirtos.oem4f (.text:ClockP_stop)
                  00013fd8    000000f6     ecjpake_alt.obj (.text:mbedtls_ecjpake_read_round_two)
                  000140ce    00000002     --HOLE-- [fill = 0]
                  000140d0    000000f4     drivers_cc13x2_v1.aem4f : ADCCC26XX.oem4f (.text:ADCCC26XX_convert)
                  000141c4    000000f4     driverlib.lib : pka.obj (.text:NOROM_PKABigNumCmpStart)
                  000142b8    000000f4     rom_sysbios.aem4f : rom_sysbios.obj (.text:pthread_create)
                  000143ac    000000f0     libopenthread_mtd.lib : mle.obj (.text:_ZN2ot3Mle3Mle11BecomeChildENS0_10AttachModeE)
                  0001449c    000000f0     rom_sysbios.aem4f : rom_sysbios.obj (.text:timer_create)
                  0001458c    00000004     dpl_cc13x2_v1.aem4f : HwiP_tirtos.oem4f (.text:HwiP_clearInterrupt)
                  00014590    000000ee     nvoctp.obj (.text:NVOCTP_readHeader$22)
                  0001467e    000000ee     libopenthread_mtd.lib : dataset_local.obj (.text:_ZNK2ot7MeshCoP12DatasetLocal3GetERNS0_7DatasetE)
                  0001476c    000000ec                           : mle.obj (.text:_ZN2ot3Mle3Mle18SetMeshLocalPrefixEPKh)
                  00014858    000000ec                           : dataset_manager.obj (.text:_ZNK2ot7MeshCoP14DatasetManager15SendGetResponseERKNS_4Coap6HeaderERKNS_3Ip611MessageInfoEPhh)
                  00014944    00000004     dpl_cc13x2_v1.aem4f : HwiP_tirtos.oem4f (.text:HwiP_destruct)
                  00014948    000000ea     nvoctp.obj (.text:NVOCTP_findItem$22)
                  00014a32    00000002     --HOLE-- [fill = 0]
                  00014a34    000000e8     driverlib.lib : setup.obj (.text:NOROM_SetupTrimDevice)
                  00014b1c    000000e8     libopenthread_mtd.lib : joiner.obj (.text:_ZN2ot7MeshCoP6Joiner11TryNextJoinEv)
                  00014c04    00000004     dpl_cc13x2_v1.aem4f : HwiP_tirtos.oem4f (.text:HwiP_disable)
                  00014c08    000000e6     radio.obj (.text:otPlatRadioTransmit)
                  00014cee    00000002     --HOLE-- [fill = 0]
                  00014cf0    000000e0     drivers_cc13x2_v1.aem4f : PINCC26XX.oem4f (.text:PINCC26XX_setIoCfg)
                  00014dd0    000000e0     rf_multiMode_cc13x2_v1.aem4f : RFCC26X2_multiMode.oem4f (.text:RF_hwiCpe0Active)
                  00014eb0    000000e0     libopenthread_mtd.lib : mac.obj (.text:_ZN2ot3Mac3Mac21ProcessTransmitAesCcmERNS0_5FrameEPKNS0_10ExtAddressE)
                  00014f90    000000de                           : mle.obj (.text:_ZN2ot3Mle3Mle15SendDataRequestERKNS_3Ip67AddressEPKhht)
                  0001506e    000000de                           : mle.obj (.text:_ZN2ot3Mle3Mle5StoreEv)
                  0001514c    000000de                           : coap.obj (.text:_ZN2ot4Coap14ResponsesQueue22GetMatchedResponseCopyERKNS0_6HeaderERKNS_3Ip611MessageInfoEPPNS_7MessageE)
                  0001522a    000000de     libmbedcrypto.lib : entropy.obj (.text:mbedtls_entropy_func)
                  00015308    000000dc     libopenthread_mtd.lib : data_poll_manager.obj (.text:_ZN2ot15DataPollManager12SendDataPollEv)
                  000153e4    000000dc                           : mle.obj (.text:_ZN2ot3Mle3Mle7RestoreEv)
                  000154c0    000000da                           : udp6.obj (.text:_ZN2ot3Ip69UdpSocket6SendToERNS_7MessageERKNS0_11MessageInfoE)
                  0001559a    000000da     libmbedcrypto.lib : ssl_tls.obj (.text:mbedtls_ssl_dtls_replay_update)
                  00015674    000000d8     drivers_cc13x2_v1.aem4f : GPIOCC26XX.oem4f (.text:GPIO_init)
                  0001574c    000000d8     rf_multiMode_cc13x2_v1.aem4f : RFCC26X2_multiMode.oem4f (.text:RF_dispatchNextCmd)
                  00015824    000000d8     libopenthread_mtd.lib : mbedtls.obj (.text:_ZN33_INTERNAL_11_mbedtls_cpp_01b19df02ot6Crypto6CAllocEjj$44)
                  000158fc    000000d8     rom_sysbios.aem4f : rom_sysbios.obj (.text:timer_settime)
                  000159d4    000000d6     rf_multiMode_cc13x2_v1.aem4f : RFCC26X2_multiMode.oem4f (.text:RF_updatePaConfiguration)
                  00015aaa    00000002     --HOLE-- [fill = 0]
                  00015aac    000000d4                                  : RFCC26X2_multiMode.oem4f (.text:RF_swiHw)
                  00015b80    000000d4     libopenthread_mtd.lib : mac.obj (.text:_ZN2ot3Mac3Mac17PerformEnergyScanEv)
                  00015c54    000000d0     driverlib.lib : pka.obj (.text:PKAGetECCResult$113)
                  00015d24    00000004     dpl_cc13x2_v1.aem4f : HwiP_tirtos.oem4f (.text:HwiP_enableInterrupt)
                  00015d28    000000ce     tempsensor.obj (.text:coapHandleServer$6)
                  00015df6    00000002     --HOLE-- [fill = 0]
                  00015df8    000000c8     drivers_cc13x2_v1.aem4f : AESECBCC26XX.oem4f (.text:AESECB_oneStepEncrypt)
                  00015ec0    000000c8                             : PowerCC26X2.oem4f (.text:Power_releaseDependency)
                  00015f88    000000c8     libopenthread_mtd.lib : announce_begin_server.obj (.text:_ZN2ot19AnnounceBeginServer11HandleTimerERNS_5TimerE)
                  00016050    000000c6     radio.obj (.text:platformRadioProcessTransmitDone$14)
                  00016116    00000002     --HOLE-- [fill = 0]
                  00016118    000000c4     drivers_cc13x2_v1.aem4f : PowerCC26X2.oem4f (.text:Power_setDependency)
                  000161dc    00000004     dpl_cc13x2_v1.aem4f : HwiP_tirtos.oem4f (.text:HwiP_post)
                  000161e0    000000c4     radio.obj (.text:otPlatRadioEnergyScan)
                  000162a4    000000c2     libmbedcrypto.lib : bignum.obj (.text:mbedtls_mpi_sub_abs)
                  00016366    00000002     --HOLE-- [fill = 0]
                  00016368    000000c0     drivers_cc13x2_v1.aem4f : UARTCC26XX.oem4f (.text:UARTCC26XX_initIO)
                  00016428    000000c0     libopenthread_mtd.lib : dataset_manager.obj (.text:_ZN2ot7MeshCoP14DatasetManager3SetERKNS0_7DatasetE)
                  000164e8    000000c0     libmbedcrypto.lib : ssl_tls.obj (.text:mbedtls_ssl_parse_finished)
                  000165a8    000000be     libopenthread_mtd.lib : coap.obj (.text:_ZN2ot4Coap8CoapBase18SendHeaderResponseE10otCoapCodeRKNS0_6HeaderERKNS_3Ip611MessageInfoE)
                  00016666    000000be                           : dataset.obj (.text:_ZN2ot7MeshCoP7Dataset3SetERKNS_7MessageEth)
                  00016724    000000bc                           : mle.obj (.text:_ZN2ot3Mle3Mle30HandleMessageTransmissionTimerERNS_5TimerE)
                  000167e0    000000bc                           : coap.obj (.text:_ZN2ot4Coap14ResponsesQueue15EnqueueResponseERNS_7MessageERKNS_3Ip611MessageInfoE)
                  0001689c    000000bc     rom_sysbios.aem4f : rom_sysbios.obj (.text:clock_gettime)
                  00016958    000000bc     libmbedcrypto.lib : md.obj (.text:mbedtls_md_hmac_starts)
                  00016a14    000000b8     drivers_cc13x2_v1.aem4f : UARTCC26XX.oem4f (.text:UARTCC26XX_initHw)
                  00016acc    000000b8     libopenthread_mtd.lib : dataset_manager.obj (.text:_ZN2ot7MeshCoP14DatasetManager8RegisterEv)
                  00016b84    000000b4     dpl_cc13x2_v1.aem4f : PowerCC26X2_tirtos.oem4f (.text:PowerCC26XX_standbyPolicy)
                  00016c38    000000b4     otstack.obj (.text:handleNetifStateChanged)
                  00016cec    000000b2     libopenthread_mtd.lib : network_data_leader.obj (.text:_ZN2ot11NetworkData10LeaderBase10GetContextERKNS_3Ip67AddressERNS_6Lowpan7ContextE)
                  00016d9e    000000b2                           : ip6.obj (.text:_ZN2ot3Ip63Ip612AddMplOptionERNS_7MessageERNS0_6HeaderE)
                  00016e50    000000b2                           : ip6.obj (.text:_ZN2ot3Ip63Ip620AddTunneledMplOptionERNS_7MessageERNS0_6HeaderERNS0_11MessageInfoE)
                  00016f02    000000b2                           : mle.obj (.text:_ZN2ot3Mle3Mle18HandleStateChangedERNS_8Notifier8CallbackEj)
                  00016fb4    000000b1     rtsv7M4_T_le_v4SPD16_eabi.lib : _printfi_nf.c.obj (.text:_ltostr)
                  00017065    00000003     --HOLE-- [fill = 0]
                  00017068    000000b0     rf_multiMode_cc13x2_v1.aem4f : RFCC26X2_multiMode.oem4f (.text:RF_corePowerDown)
                  00017118    000000b0     libopenthread_mtd.lib : thread_netif.obj (.text:_ZN2ot11ThreadNetifC1ERNS_8InstanceE)
                  000171c8    000000b0                           : mle.obj (.text:_ZN2ot3Mle3Mle13SetStateChildEt)
                  00017278    000000ae     nvoctp.obj (.text:NVOCTP_checkItem$22)
                  00017326    000000ac     rf_multiMode_cc13x2_v1.aem4f : RFCC26X2_multiMode.oem4f (.text:RF_initRadioSetup)
                  000173d2    00000002     --HOLE-- [fill = 0]
                  000173d4    000000ac     libopenthread_mtd.lib : dtls.obj (.text:_ZN2ot7MeshCoP4DtlsC1ERNS_8InstanceE)
                  00017480    000000ac     libmbedcrypto.lib : ssl_tls.obj (.text:mbedtls_ssl_parse_change_cipher_spec)
                  0001752c    000000aa     libopenthread_mtd.lib : lowpan.obj (.text:_ZN2ot6Lowpan6Lowpan17CompressSourceIidERKNS_3Mac7AddressERKNS_3Ip67AddressERKNS0_7ContextERtPh)
                  000175d6    000000aa                           : lowpan.obj (.text:_ZN2ot6Lowpan6Lowpan22CompressDestinationIidERKNS_3Mac7AddressERKNS_3Ip67AddressERKNS0_7ContextERtPh)
                  00017680    000000a8     driverlib.lib : pka.obj (.text:NOROM_PKABigNumModGetResult)
                  00017728    000000a8     libopenthread_mtd.lib : coap.obj (.text:_ZN2ot4Coap8CoapBase4StopEv)
                  000177d0    000000a8                           : instance.obj (.text:_ZN2ot8InstanceC1Ev)
                  00017878    000000a8     settings.obj (.text:otPlatSettingsGet)
                  00017920    000000a6     libopenthread_mtd.lib : message.obj (.text:_ZN2ot7Message5WriteEttPKv)
                  000179c6    00000002     --HOLE-- [fill = 0]
                  000179c8    000000a5                           : dataset_manager.obj (.text:_ZNK2ot7MeshCoP14DatasetManager3GetERKNS_4Coap6HeaderERKNS_7MessageERKNS_3Ip611MessageInfoE)
                  00017a6d    00000003     --HOLE-- [fill = 0]
                  00017a70    000000a4     driverlib.lib : aes.obj (.text:NOROM_AESWriteToKeyStore)
                  00017b14    000000a4                   : pka.obj (.text:NOROM_PKABigNumModStart)
                  00017bb8    000000a4     libopenthread_mtd.lib : mle.obj (.text:_ZN2ot3Mle3Mle17SendParentRequestENS1_17ParentRequestTypeE)
                  00017c5c    000000a4                           : coap_header.obj (.text:_ZN2ot4Coap6Header13GetNextOptionEv)
                  00017d00    000000a4                           : ip6_filter.obj (.text:_ZNK2ot3Ip66Filter6AcceptERNS_7MessageE)
                  00017da4    000000a4     libmbedcrypto.lib : ssl_tls.obj (.text:mbedtls_ssl_flush_output)
                  00017e48    000000a0     driverlib.lib : pka.obj (.text:PKAWritePkaParam$113)
                  00017ee8    000000a0                   : pka.obj (.text:PKAWritePkaParamExtraOffset$113)
                  00017f88    000000a0     drivers_cc13x2_v1.aem4f : UARTCC26XX.oem4f (.text:UARTCC26XX_writeCancel)
                  00018028    000000a0     libopenthread_mtd.lib : mac.obj (.text:_ZN2ot3Mac3Mac16PerformOperationEv)
                  000180c8    000000a0                           : message.obj (.text:_ZNK2ot7Message4ReadEttPv)
                  00018168    000000a0     auto_init.aem4f : auto_init.oem4f (.text)
                  00018208    000000a0     rom_sysbios.aem4f : rom_sysbios.obj (.text:ti_sysbios_knl_Task_setPri__E)
                  000182a8    0000009e     libopenthread_mtd.lib : mac_frame.obj (.text:_ZN2ot3Mac5Frame13InitMacHeaderEth)
                  00018346    00000002     --HOLE-- [fill = 0]
                  00018348    0000009c     drivers_cc13x2_v1.aem4f : UARTCC26XX.oem4f (.text:UARTCC26XX_swiIntFxn)
                  000183e4    0000009c     libopenthread_mtd.lib : mac_frame.obj (.text:_ZNK2ot3Mac5Frame16FindPayloadIndexEv)
                  00018480    0000009c     rtsv7M4_T_le_v4SPD16_eabi.lib : memcpy_t2.asm.obj (.text)
                  0001851c    0000009a     libopenthread_mtd.lib : dataset_manager.obj (.text:_ZN2ot7MeshCoP14PendingDataset16HandleDelayTimerEv)
                  000185b6    00000002     --HOLE-- [fill = 0]
                  000185b8    00000098     drivers_cc13x2_v1.aem4f : SHA2CC26X2.oem4f (.text:SHA2_finishHash)
                  00018650    00000098     libopenthread_mtd.lib : ip6_api.obj (.text:otIp6AddUnicastAddress)
                  000186e8    00000098     rom_sysbios.aem4f : rom_sysbios.obj (.text:ti_sysbios_knl_Clock_workFuncDynamic__E)
                  00018780    00000096     libopenthread_mtd.lib : mle.obj (.text:_ZN2ot3Mle3Mle26HandleDelayedResponseTimerEv)
                  00018816    00000096                           : coap_secure.obj (.text:_ZN2ot4Coap10CoapSecure14HandleDtlsSendEPvPKhth)
                  000188ac    00000096     rtsv7M4_T_le_v4SPD16_eabi.lib : ull_div_t2.asm.obj (.text)
                  00018942    00000002     --HOLE-- [fill = 0]
                  00018944    00000094     drivers_cc13x2_v1.aem4f : PINCC26XX.oem4f (.text:PIN_open)
                  000189d8    00000094     libopenthread_mtd.lib : timer.obj (.text:_ZN2ot10TimerMilli7StartAtEjj)
                  00018a6c    00000094                           : mac.obj (.text:_ZN2ot3Mac3Mac16StartCsmaBackoffEv)
                  00018b00    00000094     libmbedcrypto.lib : ctr_drbg.obj (.text:mbedtls_ctr_drbg_random_with_add)
                  00018b94    00000004     dpl_cc13x2_v1.aem4f : HwiP_tirtos.oem4f (.text:HwiP_setFunc)
                  00018b98    00000092     CC1352R1_LAUNCHXL_fxns.obj (.text:CC1352R1_LAUNCHXL_shutDownExtFlash)
                  00018c2a    00000002     --HOLE-- [fill = 0]
                  00018c2c    00000090     rf_multiMode_cc13x2_v1.aem4f : RFCC26X2_multiMode.oem4f (.text:RF_discardPendCmd)
                  00018cbc    00000090     drivers_cc13x2_v1.aem4f : SHA2CC26X2.oem4f (.text:SHA2_oneStepHash)
                  00018d4c    00000090                             : SHA2CC26X2.oem4f (.text:SHA2_processHash)
                  00018ddc    00000090                             : SHA2CC26X2.oem4f (.text:SHA2_startHash)
                  00018e6c    00000090     libopenthread_mtd.lib : mle.obj (.text:_ZN2ot3Mle3Mle20PrepareAnnounceStateEv)
                  00018efc    00000090     libmbedcrypto.lib : ssl_tls.obj (.text:ssl_calc_finished_tls_sha256$101)
                  00018f8c    00000090     drivers_cc13x2_v1.aem4f : UARTCC26XX.oem4f (.text:writeTxFifoFlush)
                  0001901c    00000004     dpl_cc13x2_v1.aem4f : HwiP_tirtos.oem4f (.text:HwiP_setPriority)
                  00019020    0000008c     nvoctp.obj (.text:NVOCTP_writeItemApi$22)
                  000190ac    0000008c     libopenthread_mtd.lib : mle.obj (.text:_ZN2ot3Mle3Mle18SendOrphanAnnounceEv)
                  00019138    0000008c                           : coap.obj (.text:_ZN2ot4Coap12CoapMetadataC1EbRKNS_3Ip611MessageInfoEPFYvPvP12otCoapHeaderP9otMessagePK13otMessageInfo7otErrorES6_)
                  000191c4    0000008c                           : aes_ccm.obj (.text:_ZN2ot6Crypto6AesCcm6HeaderEPKvj)
                  00019250    0000008c     libmbedcrypto.lib : entropy.obj (.text:entropy_gather_internal$94)
                  000192dc    0000008c     rom_sysbios.aem4f : rom_sysbios.obj (.text:ti_sysbios_gates_GateMutexPri_enter__E)
                  00019368    0000008a     rf_multiMode_cc13x2_v1.aem4f : RFCC26X2_multiMode.oem4f (.text:RF_schChkCmdInsert)
                  000193f2    0000008a     libopenthread_mtd.lib : timestamp.obj (.text:_ZNK2ot7MeshCoP9Timestamp7CompareERKS1_)
                  0001947c    00000088     drivers_cc13x2_v1.aem4f : AESECBCC26XX.oem4f (.text:AESECB_open)
                  00019504    00000088                             : ECJPAKECC26X2.oem4f (.text:ECJPAKE_open)
                  0001958c    00000088     driverlib.lib : osc.obj (.text:NOROM_OSCHF_AttemptToSwitchToXosc)
                  00019614    00000088     rf_multiMode_cc13x2_v1.aem4f : RFCC26X2_multiMode.oem4f (.text:RF_ratFreeChannel)
                  0001969c    00000088     drivers_cc13x2_v1.aem4f : SHA2CC26X2.oem4f (.text:SHA2_open)
                  00019724    00000088     libopenthread_mtd.lib : message.obj (.text:_ZNK2ot7Message5CloneEt)
                  000197ac    00000088     rom_sysbios.aem4f : rom_sysbios.obj (.text:_pthread_removeThreadKeys)
                  00019834    00000088     drivers_cc13x2_v1.aem4f : PowerCC26X2_calibrateRCOSC.oem4f (.text:calibrateRcoscHf2)
                  000198bc    00000004     driverlib.lib : rfc.obj (.text:NOROM_RFCOverrideUpdate)
                  000198c0    00000088     radio.obj (.text:otPlatRadioReceive)
                  00019948    00000086     rtsv7M4_T_le_v4SPD16_eabi.lib : fd_cmp_t2.asm.obj (.text:__aeabi_cdcmple)
                  000199ce    00000086                                   : fd_cmp_t2.asm.obj (.text:__aeabi_cdrcmple)
                  00019a54    00000004     drivers_cc13x2_v1.aem4f : RingBuf.oem4f (.text:RingBuf_getCount)
                  00019a58    00000086     random.obj (.text:fillRandomPool$15)
                  00019ade    00000002     --HOLE-- [fill = 0]
                  00019ae0    00000084     driverlib.lib : pka.obj (.text:NOROM_PKAEccMultiplyStart)
                  00019b64    00000084     rf_multiMode_cc13x2_v1.aem4f : RFCC26X2_multiMode.oem4f (.text:RF_hwiHw)
                  00019be8    00000084     drivers_cc13x2_v1.aem4f : UARTCC26XX.oem4f (.text:UARTCC26XX_close)
                  00019c6c    00000004     dpl_cc13x2_v1.aem4f : SemaphoreP_tirtos.oem4f (.text:SemaphoreP_destruct)
                  00019c70    00000084     sha256_alt.obj (.text:mbedtls_internal_sha256_process)
                  00019cf4    00000004     dpl_cc13x2_v1.aem4f : SemaphoreP_tirtos.oem4f (.text:SemaphoreP_post)
                  00019cf8    00000084     sha256_alt.obj (.text:mbedtls_sha256_update_ret)
                  00019d7c    00000084     rom_sysbios.aem4f : rom_sysbios.obj (.text:pthread_mutex_init)
                  00019e00    00000082     libopenthread_mtd.lib : link_quality.obj (.text:_ZN2ot11RssAverager3AddEa)
                  00019e82    00000082                           : lowpan.obj (.text:_ZN2ot6Lowpan6Lowpan10ComputeIidERKNS_3Mac7AddressERKNS0_7ContextERNS_3Ip67AddressE)
                  00019f04    00000082                           : dataset.obj (.text:_ZN2ot7MeshCoP7Dataset3SetERKNS0_3TlvE)
                  00019f86    00000002     --HOLE-- [fill = 0]
                  00019f88    00000080     driverlib.lib : pka.obj (.text:NOROM_PKAEccAddStart)
                  0001a008    00000080     drivers_cc13x2_v1.aem4f : NVSCC26XX.oem4f (.text:NVSCC26XX_open)
                  0001a088    00000080     rf_multiMode_cc13x2_v1.aem4f : RFCC26X2_multiMode.oem4f (.text:RF_yield)
                  0001a108    00000080     libopenthread_mtd.lib : dataset_manager.obj (.text:_ZN2ot7MeshCoP14DatasetManager7RestoreEv)
                  0001a188    00000080                           : message.obj (.text:_ZN2ot7Message11SetPriorityEh)
                  0001a208    00000080                           : message.obj (.text:_ZN2ot7Message9SetLengthEt)
                  0001a288    00000080     rom_sysbios.aem4f : rom_sysbios.obj (.text:ti_sysbios_family_arm_cc26xx_Timer_start__E)
                  0001a308    0000007e     libmbedcrypto.lib : ctr_drbg.obj (.text:ctr_drbg_update_internal$91)
                  0001a386    0000007c     libopenthread_mtd.lib : network_data_leader.obj (.text:_ZN2ot11NetworkData10LeaderBase10GetContextEhRNS_6Lowpan7ContextE)
                  0001a402    0000007c                           : data_poll_manager.obj (.text:_ZN2ot15DataPollManager16ScheduleNextPollENS0_18PollPeriodSelectorE)
                  0001a47e    0000007c                           : mle.obj (.text:_ZN2ot3Mle3Mle22AppendPendingTimestampERNS_7MessageE)
                  0001a4fa    0000007c                           : dataset_manager.obj (.text:_ZN2ot7MeshCoP14DatasetManager11HandleTimerEv)
                  0001a576    0000007c                           : message.obj (.text:_ZNK2ot7Message14UpdateChecksumEttt)
                  0001a5f2    00000002     --HOLE-- [fill = 0]
                  0001a5f4    0000007c     drivers_cc13x2_v1.aem4f : PowerCC26X2_calibrateRCOSC.oem4f (.text:updateSubSecInc)
                  0001a670    0000007a     libopenthread_mtd.lib : mle.obj (.text:_ZN2ot3Mle3Mle5StartEbb)
                  0001a6ea    00000006     display.aem4f : Display.oem4f (.text:Display_doParamsInit)
                  0001a6f0    0000007a     ecjpake_alt.obj (.text:mbedtls_ecjpake_read_round_one)
                  0001a76a    0000007a     rtsv7M4_T_le_v4SPD16_eabi.lib : memset_t2.asm.obj (.text)
                  0001a7e4    00000078     drivers_cc13x2_v1.aem4f : ECJPAKECC26X2.oem4f (.text:ECJPAKE_computeSharedSecret)
                  0001a85c    00000078                             : ECJPAKECC26X2.oem4f (.text:ECJPAKE_roundTwoGenerateKeys)
                  0001a8d4    00000078     rf_multiMode_cc13x2_v1.aem4f : RFCC26X2_multiMode.oem4f (.text:RF_howToSchedule)
                  0001a94c    00000078                                  : RFCC26X2_multiMode.oem4f (.text:RF_ratDispatchTime)
                  0001a9c4    00000078     libopenthread_diag_mtd.lib : diag_process.obj (.text:_ZN2ot11Diagnostics4Diag15DiagReceiveDoneEP10otInstanceP12otRadioFrame7otError)
                  0001aa3c    00000078     libmbedcrypto.lib : cipher.obj (.text:mbedtls_cipher_update)
                  0001aab4    00000078                       : bignum.obj (.text:mbedtls_mpi_cmp_abs)
                  0001ab2c    00000076     libopenthread_mtd.lib : tlvs.obj (.text:_ZN2ot3Tlv9GetOffsetERKNS_7MessageEhRt)
                  0001aba2    00000076                           : dataset_manager.obj (.text:_ZN2ot7MeshCoP14PendingDataset15StartDelayTimerEv)
                  0001ac18    00000076                           : joiner.obj (.text:_ZN2ot7MeshCoP6Joiner25SendJoinerEntrustResponseERKNS_4Coap6HeaderERKNS_3Ip611MessageInfoE)
                  0001ac8e    00000076     libmbedcrypto.lib : ctr_drbg.obj (.text:mbedtls_ctr_drbg_reseed)
                  0001ad04    00000074     drivers_cc13x2_v1.aem4f : ADCCC26XX.oem4f (.text:ADCCC26XX_open)
                  0001ad78    00000074     driverlib.lib : pka.obj (.text:PKAGetBigNumResult$113)
                  0001adec    00000074     drivers_cc13x2_v1.aem4f : PowerCC26X2_calibrateRCOSC.oem4f (.text:PowerCC26X2_auxISR)
                  0001ae60    00000074     rf_multiMode_cc13x2_v1.aem4f : RFCC26X2_multiMode.oem4f (.text:RF_issueRadioFreeCb)
                  0001aed4    00000074     libopenthread_mtd.lib : joiner.obj (.text:_ZN2ot7MeshCoP6Joiner8CompleteE7otError)
                  0001af48    00000074     alarm.obj (.text:otPlatAlarmMilliStartAt)
                  0001afbc    00000004     dpl_cc13x2_v1.aem4f : SwiP_tirtos.oem4f (.text:SwiP_destruct)
                  0001afc0    00000074     settings.obj (.text:otPlatSettingsSet)
                  0001b034    00000074     rom_sysbios.aem4f : rom_sysbios.obj (.text:ti_sysbios_gates_GateMutexPri_leave__E)
                  0001b0a8    00000072     nvoctp.obj (.text:NVOCTP_copyItem$22)
                  0001b11a    00000006     driverlib.lib : cpu.obj (.text:NOROM_CPUdelay)
                  0001b120    00000072     nvoctp.obj (.text:NVOCTP_readItem$22)
                  0001b192    00000072     rf_multiMode_cc13x2_v1.aem4f : RFCC26X2_multiMode.oem4f (.text:RF_detachOverrides)
                  0001b204    00000072     libopenthread_mtd.lib : mle.obj (.text:_ZN2ot3Mle3Mle16SetStateDetachedEv)
                  0001b276    00000002     --HOLE-- [fill = 0]
                  0001b278    00000070     drivers_cc13x2_v1.aem4f : ECJPAKECC26X2.oem4f (.text:ECJPAKE_generateZKP)
                  0001b2e8    00000070                             : ECJPAKECC26X2.oem4f (.text:ECJPAKE_roundOneGenerateKeys)
                  0001b358    00000070                             : ECJPAKECC26X2.oem4f (.text:ECJPAKE_verifyZKP)
                  0001b3c8    00000070     driverlib.lib : rfc.obj (.text:NOROM_RFCAnaDivTxOverride)
                  0001b438    0000006e     nvoctp.obj (.text:NVOCTP_findOffset$22)
                  0001b4a6    0000006e     rf_multiMode_cc13x2_v1.aem4f : RFCC26X2_multiMode.oem4f (.text:RF_attachOverrides)
                  0001b514    0000006e     libopenthread_mtd.lib : key_manager.obj (.text:_ZN2ot10KeyManager21SetCurrentKeySequenceEj)
                  0001b582    0000006e                           : message.obj (.text:_ZN2ot12MessageQueue7DequeueERNS_7MessageE)
                  0001b5f0    0000006e     radio.obj (.text:otPlatRadioSetExtendedAddress)
                  0001b65e    00000002     --HOLE-- [fill = 0]
                  0001b660    0000006d     rom_sysbios.aem4f : rom_sysbios.obj (.text:xdc_runtime_System_formatNum__I)
                  0001b6cd    00000003     --HOLE-- [fill = 0]
                  0001b6d0    0000006c     keys_utils.obj (.text:KeysUtils_initialize)
                  0001b73c    0000006c     drivers_cc13x2_v1.aem4f : PINCC26XX.oem4f (.text:PIN_add)
                  0001b7a8    0000006c                             : UARTCC26XX.oem4f (.text:UARTCC26XX_readCancel)
                  0001b814    0000006c     libopenthread_mtd.lib : mesh_forwarder.obj (.text:_ZN2ot13MeshForwarder19HandleDiscoverTimerERNS_5TimerE)
                  0001b880    0000006c                           : energy_scan_server.obj (.text:_ZN2ot16EnergyScanServerC1ERNS_8InstanceE)
                  0001b8ec    0000006c     libmbedcrypto.lib : bignum.obj (.text:mbedtls_mpi_copy)
                  0001b958    0000006c                       : ssl_cookie.obj (.text:mbedtls_ssl_cookie_check)
                  0001b9c4    00000004     dpl_cc13x2_v1.aem4f : SwiP_tirtos.oem4f (.text:SwiP_disable)
                  0001b9c8    0000006a     otstack.obj (.text:OtStack_taskCreate)
                  0001ba32    0000006a     libopenthread_mtd.lib : network_data_leader.obj (.text:_ZN2ot11NetworkData10LeaderBase14SetNetworkDataEhhbRKNS_7MessageEt)
                  0001ba9c    0000006a                           : message.obj (.text:_ZN2ot7Message7PrependEPKvt)
                  0001bb06    00000002     --HOLE-- [fill = 0]
                  0001bb08    0000006a     ecjpake_alt.obj (.text:ecjpake_k_zkp_read$19)
                  0001bb72    00000002     --HOLE-- [fill = 0]
                  0001bb74    00000068     driverlib.lib : osc.obj (.text:NOROM_OSCHF_SwitchToRcOscTurnOffXosc)
                  0001bbdc    00000068     rf_multiMode_cc13x2_v1.aem4f : RFCC26X2_multiMode.oem4f (.text:RF_getCurrentTime)
                  0001bc44    00000068     libopenthread_mtd.lib : mesh_forwarder.obj (.text:_ZN2ot13MeshForwarder22HandleDiscoverCompleteEv)
                  0001bcac    00000068                           : mesh_forwarder.obj (.text:_ZN2ot13MeshForwarder24GetMacDestinationAddressERKNS_3Ip67AddressERNS_3Mac7AddressE)
                  0001bd14    00000068     rtsv7M4_T_le_v4SPD16_eabi.lib : copy_decompress_lzss.c.obj (.text:decompress:lzss:__TI_decompress_lzss)
                  0001bd7c    00000068     libmbedcrypto.lib : entropy.obj (.text:entropy_update$94)
                  0001bde4    00000068                       : ecp.obj (.text:mbedtls_ecp_group_free)
                  0001be4c    00000068                       : ssl_tls.obj (.text:mbedtls_ssl_handshake_wrapup)
                  0001beb4    00000066     libopenthread_mtd.lib : message.obj (.text:_ZN2ot11MessagePool3NewEht)
                  0001bf1a    00000066                           : mac.obj (.text:_ZN2ot3Mac3Mac17PerformActiveScanEv)
                  0001bf80    00000066                           : coap.obj (.text:_ZN2ot4Coap8CoapBase16SendEmptyMessageE10otCoapTypeRKNS0_6HeaderERKNS_3Ip611MessageInfoE)
                  0001bfe6    00000002     --HOLE-- [fill = 0]
                  0001bfe8    00000066     radio.obj (.text:otPlatRadioSetPanId)
                  0001c04e    00000002     --HOLE-- [fill = 0]
                  0001c050    00000066     radio.obj (.text:otPlatRadioSetShortAddress)
                  0001c0b6    00000002     --HOLE-- [fill = 0]
                  0001c0b8    00000066     radio.obj (.text:otPlatRadioSleep)
                  0001c11e    00000002     --HOLE-- [fill = 0]
                  0001c120    00000064     drivers_cc13x2_v1.aem4f : ADCCC26XX.oem4f (.text:ADCCC26XX_convertToMicroVolts)
                  0001c184    00000064                             : CryptoResourceCC26XX.oem4f (.text:CryptoResourceCC26XX_constructRTOSObjects)
                  0001c1e8    00000064     nvoctp.obj (.text:NVOCTP_readItemApi$22)
                  0001c24c    00000064     drivers_cc13x2_v1.aem4f : PKAResourceCC26XX.oem4f (.text:PKAResourceCC26XX_constructRTOSObjects)
                  0001c2b0    00000064                             : UARTCC26XX.oem4f (.text:UARTCC26XX_control)
                  0001c314    00000004     dpl_cc13x2_v1.aem4f : SwiP_tirtos.oem4f (.text:SwiP_getTrigger)
                  0001c318    00000064     radio.obj (.text:applyIeee802154Patch$14)
                  0001c37c    00000064     libmbedcrypto.lib : bignum.obj (.text:mbedtls_mpi_grow)
                  0001c3e0    00000064                       : ssl_tls.obj (.text:mbedtls_ssl_handshake_free)
                  0001c444    00000064                       : ssl_cookie.obj (.text:ssl_cookie_hmac$99)
                  0001c4a8    00000062     libopenthread_mtd.lib : link_quality.obj (.text:_ZN2ot15LinkQualityInfo6AddRssEaa)
                  0001c50a    00000062                           : mle.obj (.text:_ZN2ot3Mle3Mle13SetLeaderDataEjhh)
                  0001c56c    00000004     dpl_cc13x2_v1.aem4f : SwiP_tirtos.oem4f (.text:SwiP_or)
                  0001c570    00000062     radio.obj (.text:otPlatRadioGetIeeeEui64)
                  0001c5d2    00000002     --HOLE-- [fill = 0]
                  0001c5d4    00000060     drivers_cc13x2_v1.aem4f : GPIOCC26XX.oem4f (.text:GPIO_write)
                  0001c634    00000004     dpl_cc13x2_v1.aem4f : SwiP_tirtos.oem4f (.text:SwiP_post)
                  0001c638    00000060     nvoctp.obj (.text:NVOCTP_doNVCRC$22)
                  0001c698    00000060     rf_multiMode_cc13x2_v1.aem4f : RFCC26X2_multiMode.oem4f (.text:RF_ratArmChannel)
                  0001c6f8    00000060     libopenthread_mtd.lib : key_manager.obj (.text:_ZN2ot10KeyManager12SetMasterKeyERK11otMasterKey)
                  0001c758    00000060                           : mesh_forwarder.obj (.text:_ZN2ot13MeshForwarder21HandleReassemblyTimerERNS_5TimerE)
                  0001c7b8    00000060                           : netif.obj (.text:_ZN2ot3Ip65Netif28UnsubscribeExternalMulticastERKNS0_7AddressE)
                  0001c818    00000060                           : coap.obj (.text:_ZN2ot4Coap14ResponsesQueue11HandleTimerEv)
                  0001c878    00000060                           : dataset_manager.obj (.text:_ZN2ot7MeshCoP14PendingDatasetC1ERNS_8InstanceE)
                  0001c8d8    00000060                           : joiner.obj (.text:_ZN2ot7MeshCoP6JoinerC1ERNS_8InstanceE)
                  0001c938    00000060     libmbedcrypto.lib : md.obj (.text:mbedtls_md_hmac_finish)
                  0001c998    00000060     radio.obj (.text:otPlatRadioEnable)
                  0001c9f8    00000060     rom_sysbios.aem4f : rom_sysbios.obj (.text:pthread_mutex_unlock)
                  0001ca58    0000005e     nvoctp.obj (.text:NVOCTP_createItemApi$22)
                  0001cab6    0000005e     libopenthread_mtd.lib : netif.obj (.text:_ZN2ot3Ip65Netif28RemoveExternalUnicastAddressERKNS0_7AddressE)
                  0001cb14    0000005e                           : mle.obj (.text:_ZN2ot3Mle3Mle18AddDelayedResponseERNS_7MessageERKNS_3Ip67AddressEt)
                  0001cb72    00000002     --HOLE-- [fill = 0]
                  0001cb74    0000005c     display.aem4f : Display.oem4f (.text:Display_doOpen)
                  0001cbd0    0000005c     driverlib.lib : chipinfo.obj (.text:NOROM_ChipInfo_GetChipType)
                  0001cc2c    0000005c     drivers_cc13x2_v1.aem4f : PINCC26XX.oem4f (.text:PIN_remove)
                  0001cc88    0000005c     rf_multiMode_cc13x2_v1.aem4f : RFCC26X2_multiMode.oem4f (.text:RF_dispatchNextEvent)
                  0001cce4    0000005c                                  : RFCC26X2_multiMode.oem4f (.text:RF_fsmXOSCState)
                  0001cd40    0000005c                                  : RFCC26X2_multiMode.oem4f (.text:RF_hwiCpe0PowerFsm)
                  0001cd9c    0000005c     drivers_cc13x2_v1.aem4f : SHA2CC26X2.oem4f (.text:SHA2_waitForResult)
                  0001cdf8    0000005c     libopenthread_mtd.lib : mac.obj (.text:_ZN2ot3Mac3Mac14SetNetworkNameEPKch)
                  0001ce54    0000005c                           : mle.obj (.text:_ZN2ot3Mle3Mle11GetNeighborERKNS_3Mac10ExtAddressE)
                  0001ceb0    0000005c     drivers_cc13x2_v1.aem4f : NVSCC26XX.oem4f (.text:doErase)
                  0001cf0c    00000004     dpl_cc13x2_v1.aem4f : SystemP_tirtos.oem4f (.text:SystemP_vsnprintf)
                  0001cf10    0000005c     sha256_alt.obj (.text:mbedtls_sha256_finish_ret)
                  0001cf6c    00000004     rtsv7M4_T_le_v4SPD16_eabi.lib : typeinfo.c.obj (.text:_ZN10__cxxabiv120__si_class_type_infoD1Ev)
                  0001cf70    0000005c     sha256_alt.obj (.text:mbedtls_sha256_starts_ret)
                  0001cfcc    0000005c     rom_sysbios.aem4f : rom_sysbios.obj (.text:ti_sysbios_heaps_HeapMem_initPrimary__I)
                  0001d028    0000005c     release_pem4f.oem4f (.text:xdc_runtime_Startup_getState__I)
                  0001d084    0000005a     rom_sysbios.aem4f : rom_sysbios.obj (.text:pthread_cancel)
                  0001d0de    00000002     --HOLE-- [fill = 0]
                  0001d0e0    00000058     drivers_cc13x2_v1.aem4f : PowerCC26X2_calibrateRCOSC.oem4f (.text:PowerCC26X2_initiateCalibration)
                  0001d138    00000058     rf_multiMode_cc13x2_v1.aem4f : RFCC26X2_multiMode.oem4f (.text:RF_TxPowerTable_findValue)
                  0001d190    00000058                                  : RFCC26X2_multiMode.oem4f (.text:RF_cmdDispatchTime)
                  0001d1e8    00000058     libopenthread_mtd.lib : key_manager.obj (.text:_ZN2ot10KeyManager10ComputeKeyEjPh)
                  0001d240    00000058                           : key_manager.obj (.text:_ZN2ot10KeyManagerC1ERNS_8InstanceE)
                  0001d298    00000058                           : message.obj (.text:_ZN2ot12MessageQueue7EnqueueERNS_7MessageENS0_13QueuePositionE)
                  0001d2f0    00000058     boot.aem4f : boot.oem4f (.text)
                  0001d348    00000058     libmbedcrypto.lib : cipher_wrap.obj (.text:ccm_aes_setkey_wrap$104)
                  0001d3a0    00000058     drivers_cc13x2_v1.aem4f : PowerCC26X2.oem4f (.text:disableLFClockQualifiers)
                  0001d3f8    00000058     libmbedcrypto.lib : ssl_cookie.obj (.text:mbedtls_ssl_cookie_write)
                  0001d450    00000058     radio.obj (.text:platformRadioProcessReceiveDone$14)
                  0001d4a8    00000058     rom_sysbios.aem4f : rom_sysbios.obj (.text:pthread_exit)
                  0001d500    00000056     nvoctp.obj (.text:NVOCTP_deleteItemApi$22)
                  0001d556    00000056     libopenthread_mtd.lib : mac.obj (.text:_ZN2ot3Mac3Mac14StartOperationENS1_9OperationE)
                  0001d5ac    00000056                           : mle.obj (.text:_ZN2ot3Mle3Mle14BecomeDetachedEv)
                  0001d602    00000056                           : lowpan.obj (.text:_ZN2ot6Lowpan6Lowpan11CopyContextERKNS0_7ContextERNS_3Ip67AddressE)
                  0001d658    00000056     tempsensor.obj (.text:configureReportingTimer$6)
                  0001d6ae    00000002     --HOLE-- [fill = 0]
                  0001d6b0    00000054     drivers_cc13x2_v1.aem4f : ECJPAKECC26X2.oem4f (.text:ECJPAKECC26X2_swiFxn)
                  0001d704    00000054                             : NVSCC26XX.oem4f (.text:NVSCC26XX_init)
                  0001d758    00000054     libopenthread_mtd.lib : ip6_headers.obj (.text:_ZN2ot3Ip66Header4InitERKNS_7MessageE)
                  0001d7ac    00000054                           : mac.obj (.text:_ZN2ot3Mac3Mac13SetPanChannelEh)
                  0001d800    00000054                           : dtls.obj (.text:_ZN2ot7MeshCoP4Dtls23HandleMbedtlsExportKeysEPKhS3_jjj)
                  0001d854    00000054                           : mac_frame.obj (.text:_ZNK2ot3Mac5Frame10GetSrcAddrERNS0_7AddressE)
                  0001d8a8    00000054                           : mac_frame.obj (.text:_ZNK2ot3Mac5Frame23FindSecurityHeaderIndexEv)
                  0001d8fc    00000054     libmbedcrypto.lib : ctr_drbg.obj (.text:mbedtls_ctr_drbg_seed_entropy_len)
                  0001d950    00000054     drivers_cc13x2_v1.aem4f : GPIOCC26XX.oem4f (.text:powerPostNotify)
                  0001d9a4    00000054     rom_sysbios.aem4f : rom_sysbios.obj (.text:timer_gettime)
                  0001d9f8    00000052     nvoctp.obj (.text:NVOCTP_setPageActive$22)
                  0001da4a    00000006     drivers_cc13x2_v1.aem4f : NVSCC26XX.oem4f (.text:NVSCC26XX_control)
                  0001da50    00000052     tempsensor.obj (.text:TempSensor_taskCreate)
                  0001daa2    00000052     libopenthread_mtd.lib : joiner.obj (.text:_ZN2ot7MeshCoP6Joiner11HandleTimerERNS_5TimerE)
                  0001daf4    00000004                           : energy_scan_server.obj (.text:_ZN2ot16EnergyScanServer13HandleRequestEPvP12otCoapHeaderP9otMessagePK13otMessageInfo)
                  0001daf8    00000052     alarm.obj (.text:platformAlarmInit)
                  0001db4a    00000006     rf_multiMode_cc13x2_v1.aem4f : RFCC26X2_multiMode.oem4f (.text:RF_clkReqAccess)
                  0001db50    00000052     alarm_micro.obj (.text:platformAlarmMicroInit)
                  0001dba2    00000002     --HOLE-- [fill = 0]
                  0001dba4    00000050     drivers_cc13x2_v1.aem4f : AESECBCC26XX.oem4f (.text:AESECB_waitForResult)
                  0001dbf4    00000050     dpl_cc13x2_v1.aem4f : ClockP_tirtos.oem4f (.text:ClockP_construct)
                  0001dc44    00000050     drivers_cc13x2_v1.aem4f : GPIOCC26XX.oem4f (.text:GPIO_enableInt)
                  0001dc94    00000050     rf_multiMode_cc13x2_v1.aem4f : RFCC26X2_multiMode.oem4f (.text:RF_applyRfCorePatch)
                  0001dce4    00000050                                  : RFCC26X2_multiMode.oem4f (.text:RF_schCmdRunInsert)
                  0001dd34    00000050                                  : RFCC26X2_multiMode.oem4f (.text:RF_wakeupNotification)
                  0001dd84    00000050     libopenthread_mtd.lib : mesh_forwarder.obj (.text:_ZN2ot13MeshForwarder15SetRxOnWhenIdleEb)
                  0001ddd4    00000050                           : ip6_mpl.obj (.text:_ZN2ot3Ip63Mpl10InitOptionERNS0_9OptionMplERKNS0_7AddressE)
                  0001de24    00000050                           : coap_secure.obj (.text:_ZN2ot4Coap10CoapSecureC1ERNS_8InstanceE)
                  0001de74    00000050                           : dataset_manager.obj (.text:_ZN2ot7MeshCoP13ActiveDatasetC1ERNS_8InstanceE)
                  0001dec4    00000050     drivers_cc13x2_v1.aem4f : PowerCC26X2.oem4f (.text:configureXOSCHF)
                  0001df14    0000004e     libopenthread_mtd.lib : thread_netif.obj (.text:_ZN2ot11ThreadNetif12IsTmfMessageERKNS_3Ip611MessageInfoE)
                  0001df62    0000004e                           : message.obj (.text:_ZN2ot13PriorityQueue14RemoveFromListEhRNS_7MessageE)
                  0001dfb0    0000004e                           : announce_begin_server.obj (.text:_ZN2ot19AnnounceBeginServer12SendAnnounceEjht)
                  0001dffe    0000004e                           : mac.obj (.text:_ZN2ot3Mac3Mac14HandleMacTimerERNS_5TimerE)
                  0001e04c    0000004e                           : mle.obj (.text:_ZN2ot3Mle3Mle21AppendActiveTimestampERNS_7MessageE)
                  0001e09a    0000004e                           : mle.obj (.text:_ZN2ot3Mle3Mle32ScheduleMessageTransmissionTimerEv)
                  0001e0e8    0000004e     settings.obj (.text:otPlatSettingsDelete)
                  0001e136    00000002     --HOLE-- [fill = 0]
                  0001e138    0000004c     nvoctp.obj (.text:NVOCTP_write$22)
                  0001e184    0000004c     rf_multiMode_cc13x2_v1.aem4f : RFCC26X2_multiMode.oem4f (.text:RF_ratRestartChannels)
                  0001e1d0    0000004c     libopenthread_mtd.lib : aes_ccm.obj (.text:_ZN2ot6Crypto6AesCcm8FinalizeEPvPh)
                  0001e21c    0000004c                           : dtls.obj (.text:_ZN2ot7MeshCoP4Dtls20HandleMbedtlsReceiveEPvPhj)
                  0001e268    0000004c                           : joiner.obj (.text:_ZN2ot7MeshCoP6Joiner28HandleJoinerFinalizeResponseEPvP12otCoapHeaderP9otMessagePK13otMessageInfo7otError)
                  0001e2b4    0000004c                           : meshcop_tlvs.obj (.text:_ZNK2ot7MeshCoP14ChannelMaskTlv13GetMask0EntryEv)
                  0001e300    0000004c                           : message.obj (.text:_ZNK2ot7Message6CopyToEtttRS0_)
                  0001e34c    0000004c     rtsv7M4_T_le_v4SPD16_eabi.lib : atoi.c.obj (.text:atoi)
                  0001e398    0000004c                                   : cpy_tbl.c.obj (.text:copy_in)
[...]
1003bf89  xdc_runtime_Gate_enterSystem__E                                                                                                    
1003bf8d  xdc_runtime_SysCallback_Module__startupDone__S                                                                                     
1003bf8d  xdc_runtime_System_SupportProxy_Module__startupDone__S                                                                             
1003bf91  xdc_runtime_System_Module_GateProxy_enter__E                                                                                       
1003bf95  xdc_runtime_System_Module_GateProxy_leave__E                                                                                       
1003bf99  xdc_runtime_System_abortSpin__E                                                                                                    
1003bf9b  xdc_runtime_System_exitSpin__E                                                                                                     
1003bf9d  ti_sysbios_family_arm_m3_Hwi_dispatch__I                                                                                           
1003c095  ti_sysbios_family_arm_m3_TaskSupport_buildTaskStack                                                                                
1003c121  ti_sysbios_family_arm_m3_Hwi_initStacks__E                                                                                         
1003c179  ti_sysbios_family_arm_m3_Hwi_pendSV__I                                                                                             
1003c19d  ti_sysbios_family_arm_m3_Hwi_return                                                                                                
1003c1a1  ti_sysbios_family_arm_m3_Hwi_excHandlerAsm__I                                                                                      
1003c1c1  ti_sysbios_family_xxx_Hwi_switchAndRunFunc                                                                                         
1003c1df  ti_sysbios_family_arm_m3_TaskSupport_swap__E                                                                                       
1003c1df  ti_sysbios_knl_Task_SupportProxy_swap__E                                                                                           
1003c1df  ti_sysbios_knl_Task_SupportProxy_swap__E__mangled__                                                                                
1003c1eb  ti_sysbios_knl_Task_swapReturn                                                                                                     
1003c1f7  ti_sysbios_family_arm_m3_TaskSupport_glue                                                                                          
1003c208  ti_sysbios_knl_Task_Object__PARAMS__C                                                                                              
1003c244  ti_sysbios_knl_Mailbox_Object__PARAMS__C                                                                                           
1003c278  ti_sysbios_family_arm_m3_Hwi_Object__PARAMS__C                                                                                     
1003c2a8  ti_sysbios_hal_Hwi_Object__PARAMS__C                                                                                               
1003c2d4  ti_sysbios_knl_Swi_Object__PARAMS__C                                                                                               
1003c2fc  ti_sysbios_heaps_HeapMem_Object__PARAMS__C                                                                                         
1003c320  ti_sysbios_knl_Clock_Object__PARAMS__C                                                                                             
1003c344  ti_sysbios_knl_Semaphore_Object__PARAMS__C                                                                                         
1003c368  ti_sysbios_gates_GateHwi_Object__PARAMS__C                                                                                         
1003c380  ti_sysbios_gates_GateMutex_Object__PARAMS__C                                                                                       
1003c398  ti_sysbios_knl_Event_Object__PARAMS__C                                                                                             
1003c3b0  ti_sysbios_knl_Queue_Object__PARAMS__C                                                                                             
20000000  ti_sysbios_family_arm_m3_Hwi_ramVectors                                                                                            
20000100  xdcRomConstPtr                                                                                                                     
20000104  xdcRomExternFuncPtr                                                                                                                
20000108  xdcRomStatePtr                                                                                                                     
20003c98  uartCC26XXObjects                                                                                                                  
20003ee8  ti_sysbios_knl_Task_Instance_State_0_stack__A                                                                                      
200042a8  _ZN2ot11Diagnostics4Diag8sTxPowerE                                                                                                 
200042a9  _ZN2ot11Diagnostics4Diag8sChannelE                                                                                                 
200042aa  _ZN2ot11Diagnostics4Diag6sTxLenE                                                                                                   
200042ab  _ZN2ot11Diagnostics4Diag13sRepeatActiveE                                                                                           
200042ac  _ZN2ot11Diagnostics4Diag9sTxPeriodE                                                                                                
200042b0  _ZN2ot11Diagnostics4Diag10sTxPacketsE                                                                                              
200042b4  _ZN2ot11Diagnostics4Diag9sTxPacketE                                                                                                
200042b8  _ZN2ot11Diagnostics4Diag9sInstanceE                                                                                                
200042bc  _ZN2ot11Diagnostics4Diag6sStatsE                                                                                                   
200042c8  _ZN2ot11Diagnostics4Diag7sOutputE                                                                                                  
200043c8  ti_sysbios_family_arm_m3_Hwi_dispatchTable                                                                                         
200044a0  adcCC26xxObjects                                                                                                                   
200045e8  pinHandleTable                                                                                                                     
20004728  ecjpakeCC26X2Objects                                                                                                               
2000477c  sha2CC26X2Objects                                                                                                                  
200047cc  aesecbCC26XXObjects                                                                                                                
20004818  uartCC26XXRingBuffer                                                                                                               
20004b24  CryptoResourceCC26XX_accessSemaphore                                                                                               
20004b40  CryptoResourceCC26XX_hwi                                                                                                           
20004b5c  CryptoResourceCC26XX_operationSemaphore                                                                                            
20004b78  PKAResourceCC26XX_accessSemaphore                                                                                                  
20004b94  PKAResourceCC26XX_hwi                                                                                                              
20004bb0  PKAResourceCC26XX_operationSemaphore                                                                                               
20004cc8  displayUartObject                                                                                                                  
20004ce0  ClockP_tickPeriod                                                                                                                  
20004ce4  PowerCC26XX_swiKey                                                                                                                 
20004ce8  PowerCC26XX_taskKey                                                                                                                
20004cec  nvsCC26xxObjects                                                                                                                   
20004cf2  driverlib_release_0_52354                                                                                                          
200061d6  peerPort                                                                                                                           
200061d8  reportClkHandle                                                                                                                    
200061f3  thermostatAddress                                                                                                                  
20006228  reportClkStruct                                                                                                                    
20006aa4  pOverrides                                                                                                                         
20006ae0  txPowerTable                                                                                                                       
20006ec8  ROM_stateStruct                                                                                                                    
20006ec8  ti_sysbios_knl_Clock_Module__state__V                                                                                              
20006ef4  ti_sysbios_family_arm_cc26xx_TimestampProvider_Module__state__V                                                                    
20006ef8  xdc_runtime_Startup_Module__state__V                                                                                               
20006f00  ti_sysbios_BIOS_Module__state__V                                                                                                   
20006f24  ti_sysbios_knl_Swi_Module__state__V                                                                                                
20006f40  ti_sysbios_knl_Task_Module__state__V                                                                                               
20006f84  xdc_runtime_Memory_Module__state__V                                                                                                
20006f88  xdc_runtime_System_Module__state__V                                                                                                
20006f90  ti_sysbios_family_arm_m3_Hwi_Module__state__V                                                                                      
20006fc4  xdc_runtime_Error_Module__state__V                                                                                                 
20006fc8  ti_sysbios_family_arm_cc26xx_Timer_Module__state__V                                                                                
20006fd0  PowerCC26X2_module                                                                                                                 
20007120  ti_sysbios_gates_GateMutex_Object__table__V                                                                                        
20007174  ti_sysbios_knl_Task_Object__table__V                                                                                               
200071c0  ti_sysbios_family_arm_cc26xx_Timer_Object__table__V                                                                                
20007280  ti_sysbios_knl_Swi_Module_State_0_readyQ__A                                                                                        
200072b0  ti_sysbios_knl_Swi_Object__table__V                                                                                                
200072e0  ti_sysbios_knl_Task_Module_State_0_readyQ__A                                                                                       
2000733c  gpioPinConfigs                                                                                                                     
200073b4  ti_sysbios_knl_Clock_Object__table__V                                                                                              
200073d4  xdc_runtime_Error_IgnoreBlock                                                                                                      
2000740c  ti_sysbios_family_arm_m3_Hwi_Object__table__V                                                                                      
20007424  ti_sysbios_heaps_HeapMem_Object__table__V                                                                                          
2000745c  gpioCallbackFunctions                                                                                                              
20007484  mbedtls_calloc                                                                                                                     
20007488  mbedtls_free                                                                                                                       
2000748c  _lock                                                                                                                              
20007490  _unlock                                                                                                                            
20007494  lcdHandle                                                                                                                          
20007498  serialHandle                                                                                                                       
200074a4  pinUpperBound                                                                                                                      
200074a8  pinLowerBound                                                                                                                      
200074ac  ti_sysbios_family_arm_cc26xx_Seconds_Module__state__V                                                                              
200074b4  ti_sysbios_family_arm_m3_Hwi_Module__root__V                                                                                       
200074bc  ti_sysbios_gates_GateHwi_Module__root__V                                                                                           
200074c4  ti_sysbios_gates_GateMutexPri_Module__root__V                                                                                      
200074cc  ti_sysbios_gates_GateMutex_Module__root__V                                                                                         
200074d4  ti_sysbios_hal_Hwi_Module__root__V                                                                                                 
200074dc  ti_sysbios_heaps_HeapMem_Module__root__V                                                                                           
200074e4  ti_sysbios_knl_Clock_Module__root__V                                                                                               
200074ec  ti_sysbios_knl_Event_Module__root__V                                                                                               
200074f4  ti_sysbios_knl_Mailbox_Module__root__V                                                                                             
200074fc  ti_sysbios_knl_Queue_Module__root__V                                                                                               
20007504  ti_sysbios_knl_Semaphore_Module__root__V                                                                                           
2000750c  ti_sysbios_knl_Swi_Module__root__V                                                                                                 
20007514  ti_sysbios_knl_Task_Module__root__V                                                                                                
2000751c  xdc_runtime_System_Module_State_0_atexitHandlers__A                                                                                
20007534  main_func_sp                                                                                                                       
20007538  ti_sysbios_family_arm_m3_Hwi_Module_State_0_excContext__A                                                                          
2000753c  ti_sysbios_family_arm_m3_Hwi_Module_State_0_excStack__A                                                                            
20007540  ti_sysbios_knl_Task_Module_State_0_idleTask__A                                                                                     
20007544  CryptoResourceCC26XX_pollingFlag                                                                                                   
20007546  PKAResourceCC26XX_pollingFlag                                                                                                      
20007548  ti_sysbios_family_arm_m3_Hwi_Module_State_0_excActive__A                                                                           
20007550  __primary_heap_start__                                                                                                             
20008550  __primary_heap_end__                                                                                                               
20013c00  __stack                                                                                                                            
20014000  __STACK_END                                                                                                                        
e000e000  ti_sysbios_family_arm_m3_Hwi_nvic                                                                                                  
ffffffff  __TI_pprof_out_hndl                                                                                                                
ffffffff  __TI_prof_data_size                                                                                                                
ffffffff  __TI_prof_data_start                                                                                                               
ffffffff  __binit__                                                                                                                          
ffffffff  __c_args__                                                                                                                         
ffffffff  binit                                                                                                                              
UNDEFED   SHT$$INIT_ARRAY$$Base                                                                                                              
UNDEFED   SHT$$INIT_ARRAY$$Limit                                                                                                             

[1763 symbols]
